../Core/Src/bno08x/sh2_hal.c:39:6:sh2_hal_init	16	static
../Core/Src/bno08x/sh2_hal.c:56:12:hal_open	16	static
../Core/Src/bno08x/sh2_hal.c:65:13:hal_close	16	static
../Core/Src/bno08x/sh2_hal.c:69:12:hal_read	40	static
../Core/Src/bno08x/sh2_hal.c:93:12:hal_write	40	static
../Core/Src/bno08x/sh2_hal.c:126:17:hal_getTimeUs	16	static
../Core/Src/bno08x/sh2_hal.c:131:13:sh2_eventCallback	16	static
../Core/Src/bno08x/sh2_hal.c:152:13:i2c_bus_reset	32	static
../Core/Src/bno08x/sh2_hal.c:189:12:i2c_recover	8	static
../Core/Src/bno08x/sh2_hal.c:204:10:sh2_hal_get_error_count	4	static
../Core/Src/bno08x/sh2_hal.c:210:6:sh2_hal_reset_error_count	4	static
../Core/Src/bno08x/sh2_hal.c:217:5:sh2_hal_reinit_bno08x	16	static
