Archive member included to satisfy reference by file (symbol)

/opt/st/stm32cubeide_1.18.1/plugins/com.st.stm32cube.ide.mcu.externaltools.gnu-tools-for-stm32.13.3.rel1.linux64_1.0.0.202410170706/tools/bin/../lib/gcc/arm-none-eabi/13.3.1/../../../../arm-none-eabi/lib/thumb/v7-m/nofp/libc_nano.a(libc_a-exit.o)
                              /opt/st/stm32cubeide_1.18.1/plugins/com.st.stm32cube.ide.mcu.externaltools.gnu-tools-for-stm32.13.3.rel1.linux64_1.0.0.202410170706/tools/bin/../lib/gcc/arm-none-eabi/13.3.1/../../../../arm-none-eabi/lib/thumb/v7-m/nofp/crt0.o (exit)
/opt/st/stm32cubeide_1.18.1/plugins/com.st.stm32cube.ide.mcu.externaltools.gnu-tools-for-stm32.13.3.rel1.linux64_1.0.0.202410170706/tools/bin/../lib/gcc/arm-none-eabi/13.3.1/../../../../arm-none-eabi/lib/thumb/v7-m/nofp/libc_nano.a(libc_a-nano-vfprintf_float.o)
                              (_printf_float)
/opt/st/stm32cubeide_1.18.1/plugins/com.st.stm32cube.ide.mcu.externaltools.gnu-tools-for-stm32.13.3.rel1.linux64_1.0.0.202410170706/tools/bin/../lib/gcc/arm-none-eabi/13.3.1/../../../../arm-none-eabi/lib/thumb/v7-m/nofp/libc_nano.a(libc_a-nano-vfprintf_i.o)
                              /opt/st/stm32cubeide_1.18.1/plugins/com.st.stm32cube.ide.mcu.externaltools.gnu-tools-for-stm32.13.3.rel1.linux64_1.0.0.202410170706/tools/bin/../lib/gcc/arm-none-eabi/13.3.1/../../../../arm-none-eabi/lib/thumb/v7-m/nofp/libc_nano.a(libc_a-nano-vfprintf_float.o) (_printf_common)
/opt/st/stm32cubeide_1.18.1/plugins/com.st.stm32cube.ide.mcu.externaltools.gnu-tools-for-stm32.13.3.rel1.linux64_1.0.0.202410170706/tools/bin/../lib/gcc/arm-none-eabi/13.3.1/../../../../arm-none-eabi/lib/thumb/v7-m/nofp/libc_nano.a(libc_a-findfp.o)
                              /opt/st/stm32cubeide_1.18.1/plugins/com.st.stm32cube.ide.mcu.externaltools.gnu-tools-for-stm32.13.3.rel1.linux64_1.0.0.202410170706/tools/bin/../lib/gcc/arm-none-eabi/13.3.1/../../../../arm-none-eabi/lib/thumb/v7-m/nofp/libc_nano.a(libc_a-exit.o) (__stdio_exit_handler)
/opt/st/stm32cubeide_1.18.1/plugins/com.st.stm32cube.ide.mcu.externaltools.gnu-tools-for-stm32.13.3.rel1.linux64_1.0.0.202410170706/tools/bin/../lib/gcc/arm-none-eabi/13.3.1/../../../../arm-none-eabi/lib/thumb/v7-m/nofp/libc_nano.a(libc_a-fwalk.o)
                              /opt/st/stm32cubeide_1.18.1/plugins/com.st.stm32cube.ide.mcu.externaltools.gnu-tools-for-stm32.13.3.rel1.linux64_1.0.0.202410170706/tools/bin/../lib/gcc/arm-none-eabi/13.3.1/../../../../arm-none-eabi/lib/thumb/v7-m/nofp/libc_nano.a(libc_a-findfp.o) (_fwalk_sglue)
/opt/st/stm32cubeide_1.18.1/plugins/com.st.stm32cube.ide.mcu.externaltools.gnu-tools-for-stm32.13.3.rel1.linux64_1.0.0.202410170706/tools/bin/../lib/gcc/arm-none-eabi/13.3.1/../../../../arm-none-eabi/lib/thumb/v7-m/nofp/libc_nano.a(libc_a-snprintf.o)
                              ./Core/Src/bno08x/telemetry.o (snprintf)
/opt/st/stm32cubeide_1.18.1/plugins/com.st.stm32cube.ide.mcu.externaltools.gnu-tools-for-stm32.13.3.rel1.linux64_1.0.0.202410170706/tools/bin/../lib/gcc/arm-none-eabi/13.3.1/../../../../arm-none-eabi/lib/thumb/v7-m/nofp/libc_nano.a(libc_a-stdio.o)
                              /opt/st/stm32cubeide_1.18.1/plugins/com.st.stm32cube.ide.mcu.externaltools.gnu-tools-for-stm32.13.3.rel1.linux64_1.0.0.202410170706/tools/bin/../lib/gcc/arm-none-eabi/13.3.1/../../../../arm-none-eabi/lib/thumb/v7-m/nofp/libc_nano.a(libc_a-findfp.o) (__sread)
/opt/st/stm32cubeide_1.18.1/plugins/com.st.stm32cube.ide.mcu.externaltools.gnu-tools-for-stm32.13.3.rel1.linux64_1.0.0.202410170706/tools/bin/../lib/gcc/arm-none-eabi/13.3.1/../../../../arm-none-eabi/lib/thumb/v7-m/nofp/libc_nano.a(libc_a-memset.o)
                              /opt/st/stm32cubeide_1.18.1/plugins/com.st.stm32cube.ide.mcu.externaltools.gnu-tools-for-stm32.13.3.rel1.linux64_1.0.0.202410170706/tools/bin/../lib/gcc/arm-none-eabi/13.3.1/../../../../arm-none-eabi/lib/thumb/v7-m/nofp/crt0.o (memset)
/opt/st/stm32cubeide_1.18.1/plugins/com.st.stm32cube.ide.mcu.externaltools.gnu-tools-for-stm32.13.3.rel1.linux64_1.0.0.202410170706/tools/bin/../lib/gcc/arm-none-eabi/13.3.1/../../../../arm-none-eabi/lib/thumb/v7-m/nofp/libc_nano.a(libc_a-localeconv.o)
                              /opt/st/stm32cubeide_1.18.1/plugins/com.st.stm32cube.ide.mcu.externaltools.gnu-tools-for-stm32.13.3.rel1.linux64_1.0.0.202410170706/tools/bin/../lib/gcc/arm-none-eabi/13.3.1/../../../../arm-none-eabi/lib/thumb/v7-m/nofp/libc_nano.a(libc_a-nano-vfprintf_float.o) (_localeconv_r)
/opt/st/stm32cubeide_1.18.1/plugins/com.st.stm32cube.ide.mcu.externaltools.gnu-tools-for-stm32.13.3.rel1.linux64_1.0.0.202410170706/tools/bin/../lib/gcc/arm-none-eabi/13.3.1/../../../../arm-none-eabi/lib/thumb/v7-m/nofp/libc_nano.a(libc_a-closer.o)
[...]
Memory Configuration

Name             Origin             Length             Attributes
RAM              0x20000000         0x00005000         xrw
FLASH            0x08000000         0x00010000         xr
*default*        0x00000000         0xffffffff

Linker script and memory map

LOAD /opt/st/stm32cubeide_1.18.1/plugins/com.st.stm32cube.ide.mcu.externaltools.gnu-tools-for-stm32.13.3.rel1.linux64_1.0.0.202410170706/tools/bin/../lib/gcc/arm-none-eabi/13.3.1/thumb/v7-m/nofp/crti.o
LOAD /opt/st/stm32cubeide_1.18.1/plugins/com.st.stm32cube.ide.mcu.externaltools.gnu-tools-for-stm32.13.3.rel1.linux64_1.0.0.202410170706/tools/bin/../lib/gcc/arm-none-eabi/13.3.1/thumb/v7-m/nofp/crtbegin.o
LOAD /opt/st/stm32cubeide_1.18.1/plugins/com.st.stm32cube.ide.mcu.externaltools.gnu-tools-for-stm32.13.3.rel1.linux64_1.0.0.202410170706/tools/bin/../lib/gcc/arm-none-eabi/13.3.1/../../../../arm-none-eabi/lib/thumb/v7-m/nofp/crt0.o
LOAD ./Core/Src/bno08x/encoder.o
LOAD ./Core/Src/bno08x/imu.o
LOAD ./Core/Src/bno08x/sh2.o
LOAD ./Core/Src/bno08x/sh2_SensorValue.o
LOAD ./Core/Src/bno08x/sh2_hal.o
LOAD ./Core/Src/bno08x/sh2_util.o
LOAD ./Core/Src/bno08x/shtp.o
LOAD ./Core/Src/bno08x/system_state.o
LOAD ./Core/Src/bno08x/telemetry.o
LOAD ./Core/Src/gpio.o
LOAD ./Core/Src/i2c.o
LOAD ./Core/Src/main.o
LOAD ./Core/Src/stm32f1xx_hal_msp.o
LOAD ./Core/Src/stm32f1xx_it.o
LOAD ./Core/Src/syscalls.o
LOAD ./Core/Src/sysmem.o
LOAD ./Core/Src/system_stm32f1xx.o
LOAD ./Core/Src/tim.o
LOAD ./Core/Src/usart.o
LOAD ./Core/Startup/startup_stm32f103c8tx.o
LOAD ./Drivers/STM32F1xx_HAL_Driver/Src/stm32f1xx_hal.o
LOAD ./Drivers/STM32F1xx_HAL_Driver/Src/stm32f1xx_hal_cortex.o
LOAD ./Drivers/STM32F1xx_HAL_Driver/Src/stm32f1xx_hal_dma.o
LOAD ./Drivers/STM32F1xx_HAL_Driver/Src/stm32f1xx_hal_exti.o
LOAD ./Drivers/STM32F1xx_HAL_Driver/Src/stm32f1xx_hal_flash.o
LOAD ./Drivers/STM32F1xx_HAL_Driver/Src/stm32f1xx_hal_flash_ex.o
LOAD ./Drivers/STM32F1xx_HAL_Driver/Src/stm32f1xx_hal_gpio.o
LOAD ./Drivers/STM32F1xx_HAL_Driver/Src/stm32f1xx_hal_gpio_ex.o
LOAD ./Drivers/STM32F1xx_HAL_Driver/Src/stm32f1xx_hal_i2c.o
LOAD ./Drivers/STM32F1xx_HAL_Driver/Src/stm32f1xx_hal_pwr.o
LOAD ./Drivers/STM32F1xx_HAL_Driver/Src/stm32f1xx_hal_rcc.o
LOAD ./Drivers/STM32F1xx_HAL_Driver/Src/stm32f1xx_hal_rcc_ex.o
LOAD ./Drivers/STM32F1xx_HAL_Driver/Src/stm32f1xx_hal_tim.o
LOAD ./Drivers/STM32F1xx_HAL_Driver/Src/stm32f1xx_hal_tim_ex.o
LOAD ./Drivers/STM32F1xx_HAL_Driver/Src/stm32f1xx_hal_uart.o
START GROUP
LOAD /opt/st/stm32cubeide_1.18.1/plugins/com.st.stm32cube.ide.mcu.externaltools.gnu-tools-for-stm32.13.3.rel1.linux64_1.0.0.202410170706/tools/bin/../lib/gcc/arm-none-eabi/13.3.1/../../../../arm-none-eabi/lib/thumb/v7-m/nofp/libc_nano.a
LOAD /opt/st/stm32cubeide_1.18.1/plugins/com.st.stm32cube.ide.mcu.externaltools.gnu-tools-for-stm32.13.3.rel1.linux64_1.0.0.202410170706/tools/bin/../lib/gcc/arm-none-eabi/13.3.1/../../../../arm-none-eabi/lib/thumb/v7-m/nofp/libm.a
END GROUP
START GROUP
LOAD /opt/st/stm32cubeide_1.18.1/plugins/com.st.stm32cube.ide.mcu.externaltools.gnu-tools-for-stm32.13.3.rel1.linux64_1.0.0.202410170706/tools/bin/../lib/gcc/arm-none-eabi/13.3.1/thumb/v7-m/nofp/libgcc.a
LOAD /opt/st/stm32cubeide_1.18.1/plugins/com.st.stm32cube.ide.mcu.externaltools.gnu-tools-for-stm32.13.3.rel1.linux64_1.0.0.202410170706/tools/bin/../lib/gcc/arm-none-eabi/13.3.1/../../../../arm-none-eabi/lib/thumb/v7-m/nofp/libc_nano.a
END GROUP
START GROUP
LOAD /opt/st/stm32cubeide_1.18.1/plugins/com.st.stm32cube.ide.mcu.externaltools.gnu-tools-for-stm32.13.3.rel1.linux64_1.0.0.202410170706/tools/bin/../lib/gcc/arm-none-eabi/13.3.1/thumb/v7-m/nofp/libgcc.a
LOAD /opt/st/stm32cubeide_1.18.1/plugins/com.st.stm32cube.ide.mcu.externaltools.gnu-tools-for-stm32.13.3.rel1.linux64_1.0.0.202410170706/tools/bin/../lib/gcc/arm-none-eabi/13.3.1/../../../../arm-none-eabi/lib/thumb/v7-m/nofp/libc_nano.a
LOAD /opt/st/stm32cubeide_1.18.1/plugins/com.st.stm32cube.ide.mcu.externaltools.gnu-tools-for-stm32.13.3.rel1.linux64_1.0.0.202410170706/tools/bin/../lib/gcc/arm-none-eabi/13.3.1/../../../../arm-none-eabi/lib/thumb/v7-m/nofp/libnosys.a
END GROUP
START GROUP
LOAD /opt/st/stm32cubeide_1.18.1/plugins/com.st.stm32cube.ide.mcu.externaltools.gnu-tools-for-stm32.13.3.rel1.linux64_1.0.0.202410170706/tools/bin/../lib/gcc/arm-none-eabi/13.3.1/thumb/v7-m/nofp/libgcc.a
LOAD /opt/st/stm32cubeide_1.18.1/plugins/com.st.stm32cube.ide.mcu.externaltools.gnu-tools-for-stm32.13.3.rel1.linux64_1.0.0.202410170706/tools/bin/../lib/gcc/arm-none-eabi/13.3.1/../../../../arm-none-eabi/lib/thumb/v7-m/nofp/libc_nano.a
LOAD /opt/st/stm32cubeide_1.18.1/plugins/com.st.stm32cube.ide.mcu.externaltools.gnu-tools-for-stm32.13.3.rel1.linux64_1.0.0.202410170706/tools/bin/../lib/gcc/arm-none-eabi/13.3.1/../../../../arm-none-eabi/lib/thumb/v7-m/nofp/libnosys.a
END GROUP
LOAD /opt/st/stm32cubeide_1.18.1/plugins/com.st.stm32cube.ide.mcu.externaltools.gnu-tools-for-stm32.13.3.rel1.linux64_1.0.0.202410170706/tools/bin/../lib/gcc/arm-none-eabi/13.3.1/thumb/v7-m/nofp/crtend.o
LOAD /opt/st/stm32cubeide_1.18.1/plugins/com.st.stm32cube.ide.mcu.externaltools.gnu-tools-for-stm32.13.3.rel1.linux64_1.0.0.202410170706/tools/bin/../lib/gcc/arm-none-eabi/13.3.1/thumb/v7-m/nofp/crtn.o
                0x20005000                        _estack = (ORIGIN (RAM) + LENGTH (RAM))
                0x00000200                        _Min_Heap_Size = 0x200
                0x00000400                        _Min_Stack_Size = 0x400

.isr_vector     0x08000000      0x10c
                0x08000000                        . = ALIGN (0x4)
 *(.isr_vector)
 .isr_vector    0x08000000      0x10c ./Core/Startup/startup_stm32f103c8tx.o
                0x08000000                g_pfnVectors
                0x0800010c                        . = ALIGN (0x4)

.text           0x08000110     0xbb04
                0x08000110                        . = ALIGN (0x4)
 *(.text)
 .text          0x08000110       0x40 /opt/st/stm32cubeide_1.18.1/plugins/com.st.stm32cube.ide.mcu.externaltools.gnu-tools-for-stm32.13.3.rel1.linux64_1.0.0.202410170706/tools/bin/../lib/gcc/arm-none-eabi/13.3.1/thumb/v7-m/nofp/crtbegin.o
 .text          0x08000150       0x14 /opt/st/stm32cubeide_1.18.1/plugins/com.st.stm32cube.ide.mcu.externaltools.gnu-tools-for-stm32.13.3.rel1.linux64_1.0.0.202410170706/tools/bin/../lib/gcc/arm-none-eabi/13.3.1/../../../../arm-none-eabi/lib/thumb/v7-m/nofp/libc_nano.a(libc_a-strcmp.o)
                0x08000150                strcmp
 .text          0x08000164       0x10 /opt/st/stm32cubeide_1.18.1/plugins/com.st.stm32cube.ide.mcu.externaltools.gnu-tools-for-stm32.13.3.rel1.linux64_1.0.0.202410170706/tools/bin/../lib/gcc/arm-none-eabi/13.3.1/../../../../arm-none-eabi/lib/thumb/v7-m/nofp/libc_nano.a(libc_a-strlen.o)
                0x08000164                strlen
 .text          0x08000174      0x378 /opt/st/stm32cubeide_1.18.1/plugins/com.st.stm32cube.ide.mcu.externaltools.gnu-tools-for-stm32.13.3.rel1.linux64_1.0.0.202410170706/tools/bin/../lib/gcc/arm-none-eabi/13.3.1/thumb/v7-m/nofp/libgcc.a(_arm_addsubdf3.o)
                0x08000174                __aeabi_drsub
                0x0800017c                __aeabi_dsub
                0x0800017c                __subdf3
                0x08000180                __adddf3
                0x08000180                __aeabi_dadd
                0x080003f8                __aeabi_ui2d
                0x080003f8                __floatunsidf
                0x08000418                __floatsidf
                0x08000418                __aeabi_i2d
                0x0800043c                __extendsfdf2
                0x0800043c                __aeabi_f2d
                0x08000480                __aeabi_ul2d
                0x08000480                __floatundidf
                0x08000490                __floatdidf
                0x08000490                __aeabi_l2d
 .text          0x080004ec      0x424 /opt/st/stm32cubeide_1.18.1/plugins/com.st.stm32cube.ide.mcu.externaltools.gnu-tools-for-stm32.13.3.rel1.linux64_1.0.0.202410170706/tools/bin/../lib/gcc/arm-none-eabi/13.3.1/thumb/v7-m/nofp/libgcc.a(_arm_muldivdf3.o)
                0x080004ec                __aeabi_dmul
                0x080004ec                __muldf3
                0x08000740                __aeabi_ddiv
                0x08000740                __divdf3
 .text          0x08000910      0x110 /opt/st/stm32cubeide_1.18.1/plugins/com.st.stm32cube.ide.mcu.externaltools.gnu-tools-for-stm32.13.3.rel1.linux64_1.0.0.202410170706/tools/bin/../lib/gcc/arm-none-eabi/13.3.1/thumb/v7-m/nofp/libgcc.a(_arm_cmpdf2.o)
                0x08000910                __gtdf2
                0x08000910                __gedf2
                0x08000918                __ltdf2
                0x08000918                __ledf2
                0x08000920                __cmpdf2
                0x08000920                __eqdf2
                0x08000920                __nedf2
                0x0800099c                __aeabi_cdrcmple
                0x080009ac                __aeabi_cdcmple
                0x080009ac                __aeabi_cdcmpeq
                0x080009bc                __aeabi_dcmpeq
                0x080009d0                __aeabi_dcmplt
                0x080009e4                __aeabi_dcmple
                0x080009f8                __aeabi_dcmpge
                0x08000a0c                __aeabi_dcmpgt
 .text          0x08000a20       0x2c /opt/st/stm32cubeide_1.18.1/plugins/com.st.stm32cube.ide.mcu.externaltools.gnu-tools-for-stm32.13.3.rel1.linux64_1.0.0.202410170706/tools/bin/../lib/gcc/arm-none-eabi/13.3.1/thumb/v7-m/nofp/libgcc.a(_arm_unorddf2.o)
                0x08000a20                __aeabi_dcmpun
                0x08000a20                __unorddf2
 .text          0x08000a4c       0x50 /opt/st/stm32cubeide_1.18.1/plugins/com.st.stm32cube.ide.mcu.externaltools.gnu-tools-for-stm32.13.3.rel1.linux64_1.0.0.202410170706/tools/bin/../lib/gcc/arm-none-eabi/13.3.1/thumb/v7-m/nofp/libgcc.a(_arm_fixdfsi.o)
                0x08000a4c                __fixdfsi
                0x08000a4c                __aeabi_d2iz
 .text          0x08000a9c      0x21c /opt/st/stm32cubeide_1.18.1/plugins/com.st.stm32cube.ide.mcu.externaltools.gnu-tools-for-stm32.13.3.rel1.linux64_1.0.0.202410170706/tools/bin/../lib/gcc/arm-none-eabi/13.3.1/thumb/v7-m/nofp/libgcc.a(_arm_addsubsf3.o)
                0x08000a9c                __aeabi_frsub
                0x08000aa4                __subsf3
                0x08000aa4                __aeabi_fsub
                0x08000aa8                __aeabi_fadd
                0x08000aa8                __addsf3
                0x08000c08                __aeabi_ui2f
                0x08000c08                __floatunsisf
                0x08000c10                __aeabi_i2f
                0x08000c10                __floatsisf
                0x08000c2c                __floatundisf
                0x08000c2c                __aeabi_ul2f
                0x08000c3c                __floatdisf
                0x08000c3c                __aeabi_l2f
 .text          0x08000cb8      0x2a0 /opt/st/stm32cubeide_1.18.1/plugins/com.st.stm32cube.ide.mcu.externaltools.gnu-tools-for-stm32.13.3.rel1.linux64_1.0.0.202410170706/tools/bin/../lib/gcc/arm-none-eabi/13.3.1/thumb/v7-m/nofp/libgcc.a(_arm_muldivsf3.o)
                0x08000cb8                __mulsf3
                0x08000cb8                __aeabi_fmul
                0x08000e20                __divsf3
                0x08000e20                __aeabi_fdiv
 .text          0x08000f58       0xec /opt/st/stm32cubeide_1.18.1/plugins/com.st.stm32cube.ide.mcu.externaltools.gnu-tools-for-stm32.13.3.rel1.linux64_1.0.0.202410170706/tools/bin/../lib/gcc/arm-none-eabi/13.3.1/thumb/v7-m/nofp/libgcc.a(_arm_cmpsf2.o)
                0x08000f58                __gtsf2
                0x08000f58                __gesf2
                0x08000f60                __lesf2
                0x08000f60                __ltsf2
                0x08000f68                __nesf2
                0x08000f68                __eqsf2
                0x08000f68                __cmpsf2
                0x08000fc8                __aeabi_cfrcmple
                0x08000fd0                __aeabi_cfcmple
                0x08000fd0                __aeabi_cfcmpeq
                0x08000fe0                __aeabi_fcmpeq
                0x08000ff4                __aeabi_fcmplt
                0x08001008                __aeabi_fcmple
                0x0800101c                __aeabi_fcmpge
                0x08001030                __aeabi_fcmpgt
 .text          0x08001044       0x2c /opt/st/stm32cubeide_1.18.1/plugins/com.st.stm32cube.ide.mcu.externaltools.gnu-tools-for-stm32.13.3.rel1.linux64_1.0.0.202410170706/tools/bin/../lib/gcc/arm-none-eabi/13.3.1/thumb/v7-m/nofp/libgcc.a(_arm_unordsf2.o)
                0x08001044                __aeabi_fcmpun
                0x08001044                __unordsf2
 .text          0x08001070       0x4c /opt/st/stm32cubeide_1.18.1/plugins/com.st.stm32cube.ide.mcu.externaltools.gnu-tools-for-stm32.13.3.rel1.linux64_1.0.0.202410170706/tools/bin/../lib/gcc/arm-none-eabi/13.3.1/thumb/v7-m/nofp/libgcc.a(_arm_fixsfsi.o)
                0x08001070                __fixsfsi
                0x08001070                __aeabi_f2iz
 *(.text*)
 .text.encoder_calculate_angle
                0x080010bc       0x74 ./Core/Src/bno08x/encoder.o
 .text.encoder_init
                0x08001130       0x6c ./Core/Src/bno08x/encoder.o
                0x08001130                encoder_init
 .text.HAL_TIM_IC_CaptureCallback
                0x0800119c       0x74 ./Core/Src/bno08x/encoder.o
                0x0800119c                HAL_TIM_IC_CaptureCallback
 .text.configure_imu_sensors
                0x08001210       0x8a ./Core/Src/bno08x/imu.o
 *fill*         0x0800129a        0x2 
 .text.sensorCallback
                0x0800129c      0x594 ./Core/Src/bno08x/imu.o
 .text.imu_init
                0x08001830       0x3c ./Core/Src/bno08x/imu.o
                0x08001830                imu_init
 .text.imu_service
                0x0800186c        0xc ./Core/Src/bno08x/imu.o
                0x0800186c                imu_service
 .text.opStart  0x08001878       0x54 ./Core/Src/bno08x/sh2.o
 .text.opRx     0x080018cc       0x3c ./Core/Src/bno08x/sh2.o
 .text.sensorhubAdvertHdlr
                0x08001908       0xe0 ./Core/Src/bno08x/sh2.o
 .text.sensorhubControlHdlr
                0x080019e8      0x1a0 ./Core/Src/bno08x/sh2.o
 .text.opCompleted
                0x08001b88       0x26 ./Core/Src/bno08x/sh2.o
 *fill*         0x08001bae        0x2 
 .text.opProcess
                0x08001bb0       0xa4 ./Core/Src/bno08x/sh2.o
 .text.getReportLen
                0x08001c54       0x4a ./Core/Src/bno08x/sh2.o
 *fill*         0x08001c9e        0x2 
 .text.touSTimestamp
                0x08001ca0       0x88 ./Core/Src/bno08x/sh2.o
 .text.sensorhubInputHdlr
                0x08001d28      0x14a ./Core/Src/bno08x/sh2.o
 .text.sensorhubInputNormalHdlr
                0x08001e72       0x28 ./Core/Src/bno08x/sh2.o
 .text.sensorhubInputWakeHdlr
                0x08001e9a       0x28 ./Core/Src/bno08x/sh2.o
 .text.sensorhubInputGyroRvHdlr
                0x08001ec2       0x9c ./Core/Src/bno08x/sh2.o
 .text.executableAdvertHdlr
                0x08001f5e       0x1c ./Core/Src/bno08x/sh2.o
 *fill*         0x08001f7a        0x2 
 .text.executableDeviceHdlr
                0x08001f7c       0x78 ./Core/Src/bno08x/sh2.o
 .text.sendCtrl
                0x08001ff4       0x28 ./Core/Src/bno08x/sh2.o
 .text.setSensorConfigStart
                0x0800201c       0xc8 ./Core/Src/bno08x/sh2.o
 .text.shtpEventCallback
                0x080020e4       0x48 ./Core/Src/bno08x/sh2.o
 .text.sh2_open
                0x0800212c      0x190 ./Core/Src/bno08x/sh2.o
                0x0800212c                sh2_open
 .text.sh2_service
                0x080022bc       0x20 ./Core/Src/bno08x/sh2.o
                0x080022bc                sh2_service
 .text.sh2_setSensorCallback
                0x080022dc       0x30 ./Core/Src/bno08x/sh2.o
                0x080022dc                sh2_setSensorCallback
 .text.sh2_setSensorConfig
                0x0800230c       0x48 ./Core/Src/bno08x/sh2.o
                0x0800230c                sh2_setSensorConfig
 .text.sh2_decodeSensorEvent
                0x08002354      0x2e8 ./Core/Src/bno08x/sh2_SensorValue.o
                0x08002354                sh2_decodeSensorEvent
 .text.decodeRawAccelerometer
                0x0800263c       0x5c ./Core/Src/bno08x/sh2_SensorValue.o
 .text.decodeAccelerometer
                0x08002698       0x86 ./Core/Src/bno08x/sh2_SensorValue.o
 .text.decodeLinearAcceleration
                0x0800271e       0x86 ./Core/Src/bno08x/sh2_SensorValue.o
 .text.decodeGravity
                0x080027a4       0x86 ./Core/Src/bno08x/sh2_SensorValue.o
 .text.decodeRawGyroscope
                0x0800282a       0x6e ./Core/Src/bno08x/sh2_SensorValue.o
 .text.decodeGyroscopeCalibrated
                0x08002898       0x86 ./Core/Src/bno08x/sh2_SensorValue.o
 .text.decodeGyroscopeUncal
                0x0800291e       0xf8 ./Core/Src/bno08x/sh2_SensorValue.o
 .text.decodeRawMagnetometer
                0x08002a16       0x5c ./Core/Src/bno08x/sh2_SensorValue.o
 .text.decodeMagneticFieldCalibrated
                0x08002a72       0x86 ./Core/Src/bno08x/sh2_SensorValue.o
 .text.decodeMagneticFieldUncal
                0x08002af8       0xf8 ./Core/Src/bno08x/sh2_SensorValue.o
 .text.decodeRotationVector
                0x08002bf0       0xd2 ./Core/Src/bno08x/sh2_SensorValue.o
 .text.decodeGameRotationVector
                0x08002cc2       0xac ./Core/Src/bno08x/sh2_SensorValue.o
 .text.decodeGeomagneticRotationVector
                0x08002d6e       0xd2 ./Core/Src/bno08x/sh2_SensorValue.o
 .text.decodePressure
                0x08002e40       0x3a ./Core/Src/bno08x/sh2_SensorValue.o
 .text.decodeAmbientLight
                0x08002e7a       0x3a ./Core/Src/bno08x/sh2_SensorValue.o
 .text.decodeHumidity
                0x08002eb4       0x3a ./Core/Src/bno08x/sh2_SensorValue.o
 .text.decodeProximity
                0x08002eee       0x3a ./Core/Src/bno08x/sh2_SensorValue.o
 .text.decodeTemperature
                0x08002f28       0x3a ./Core/Src/bno08x/sh2_SensorValue.o
 .text.decodeReserved
                0x08002f62       0x3a ./Core/Src/bno08x/sh2_SensorValue.o
 .text.decodeTapDetector
                0x08002f9c       0x1e ./Core/Src/bno08x/sh2_SensorValue.o
 .text.decodeStepDetector
                0x08002fba       0x24 ./Core/Src/bno08x/sh2_SensorValue.o
 .text.decodeStepCounter
                0x08002fde       0x36 ./Core/Src/bno08x/sh2_SensorValue.o
 .text.decodeSignificantMotion
                0x08003014       0x26 ./Core/Src/bno08x/sh2_SensorValue.o
 .text.decodeStabilityClassifier
                0x0800303a       0x1e ./Core/Src/bno08x/sh2_SensorValue.o
 .text.decodeShakeDetector
                0x08003058       0x26 ./Core/Src/bno08x/sh2_SensorValue.o
 .text.decodeFlipDetector
                0x0800307e       0x26 ./Core/Src/bno08x/sh2_SensorValue.o
 .text.decodePickupDetector
                0x080030a4       0x26 ./Core/Src/bno08x/sh2_SensorValue.o
 .text.decodeStabilityDetector
                0x080030ca       0x26 ./Core/Src/bno08x/sh2_SensorValue.o
 .text.decodePersonalActivityClassifier
                0x080030f0       0x64 ./Core/Src/bno08x/sh2_SensorValue.o
 .text.decodeSleepDetector
                0x08003154       0x1e ./Core/Src/bno08x/sh2_SensorValue.o
 .text.decodeTiltDetector
                0x08003172       0x26 ./Core/Src/bno08x/sh2_SensorValue.o
 .text.decodePocketDetector
                0x08003198       0x26 ./Core/Src/bno08x/sh2_SensorValue.o
 .text.decodeCircleDetector
                0x080031be       0x26 ./Core/Src/bno08x/sh2_SensorValue.o
 .text.decodeHeartRateMonitor
                0x080031e4       0x26 ./Core/Src/bno08x/sh2_SensorValue.o
 .text.decodeArvrStabilizedRV
                0x0800320a       0xd2 ./Core/Src/bno08x/sh2_SensorValue.o
 .text.decodeArvrStabilizedGRV
                0x080032dc       0xac ./Core/Src/bno08x/sh2_SensorValue.o
 .text.decodeGyroIntegratedRV
                0x08003388      0x11e ./Core/Src/bno08x/sh2_SensorValue.o
 .text.decodeIZroRequest
                0x080034a6       0x26 ./Core/Src/bno08x/sh2_SensorValue.o
 .text.sh2_hal_init
                0x080034cc       0x60 ./Core/Src/bno08x/sh2_hal.o
                0x080034cc                sh2_hal_init
 .text.hal_open
                0x0800352c       0x38 ./Core/Src/bno08x/sh2_hal.o
 .text.hal_close
                0x08003564       0x12 ./Core/Src/bno08x/sh2_hal.o
 *fill*         0x08003576        0x2 
 .text.hal_read
                0x08003578       0x68 ./Core/Src/bno08x/sh2_hal.o
 .text.hal_write
                0x080035e0       0x84 ./Core/Src/bno08x/sh2_hal.o
 .text.hal_getTimeUs
                0x08003664       0x1e ./Core/Src/bno08x/sh2_hal.o
 *fill*         0x08003682        0x2 
 .text.sh2_eventCallback
                0x08003684       0x30 ./Core/Src/bno08x/sh2_hal.o
 .text.i2c_bus_reset
                0x080036b4       0xac ./Core/Src/bno08x/sh2_hal.o
 .text.i2c_recover
                0x08003760       0x20 ./Core/Src/bno08x/sh2_hal.o
 .text.readu8   0x08003780       0x1a ./Core/Src/bno08x/sh2_util.o
                0x08003780                readu8
 .text.readu16  0x0800379a       0x2c ./Core/Src/bno08x/sh2_util.o
                0x0800379a                readu16
 .text.readu32  0x080037c6       0x3a ./Core/Src/bno08x/sh2_util.o
                0x080037c6                readu32
 .text.read16   0x08003800       0x2c ./Core/Src/bno08x/sh2_util.o
                0x08003800                read16
 .text.read32   0x0800382c       0x3a ./Core/Src/bno08x/sh2_util.o
                0x0800382c                read32
 *fill*         0x08003866        0x2 
 .text.shtp_init
                0x08003868       0x24 ./Core/Src/bno08x/shtp.o
 .text.getInstance
                0x0800388c       0x4c ./Core/Src/bno08x/shtp.o
 .text.addAdvertListener
                0x080038d8       0x66 ./Core/Src/bno08x/shtp.o
 .text.updateCallbacks
                0x0800393e      0x12e ./Core/Src/bno08x/shtp.o
 .text.addChanListener
                0x08003a6c       0x7c ./Core/Src/bno08x/shtp.o
 .text.min_u16  0x08003ae8       0x28 ./Core/Src/bno08x/shtp.o
 .text.txProcess
                0x08003b10      0x126 ./Core/Src/bno08x/shtp.o
 .text.shtpAdvertHdlr
                0x08003c36       0x44 ./Core/Src/bno08x/shtp.o
 .text.addApp   0x08003c7a       0x98 ./Core/Src/bno08x/shtp.o
 .text.setAppName
                0x08003d12       0x6c ./Core/Src/bno08x/shtp.o
 .text.addChannel
                0x08003d7e       0x6e ./Core/Src/bno08x/shtp.o
 .text.callAdvertHandler
                0x08003dec       0x94 ./Core/Src/bno08x/shtp.o
 .text.processAdvertisement
                0x08003e80      0x26c ./Core/Src/bno08x/shtp.o
 .text.shtpCmdListener
                0x080040ec       0x46 ./Core/Src/bno08x/shtp.o
 .text.rxAssemble
                0x08004132      0x22c ./Core/Src/bno08x/shtp.o
 *fill*         0x0800435e        0x2 
 .text.shtp_open
                0x08004360       0xc0 ./Core/Src/bno08x/shtp.o
                0x08004360                shtp_open
 .text.shtp_setEventCallback
                0x08004420       0x26 ./Core/Src/bno08x/shtp.o
                0x08004420                shtp_setEventCallback
 .text.shtp_listenChan
                0x08004446       0x42 ./Core/Src/bno08x/shtp.o
                0x08004446                shtp_listenChan
 .text.shtp_listenAdvert
                0x08004488       0x3c ./Core/Src/bno08x/shtp.o
                0x08004488                shtp_listenAdvert
 .text.shtp_chanNo
                0x080044c4       0xcc ./Core/Src/bno08x/shtp.o
                0x080044c4                shtp_chanNo
 .text.shtp_send
                0x08004590       0x5e ./Core/Src/bno08x/shtp.o
                0x08004590                shtp_send
 *fill*         0x080045ee        0x2 
 .text.shtp_service
                0x080045f0       0x80 ./Core/Src/bno08x/shtp.o
                0x080045f0                shtp_service
 .text.split_float
                0x08004670       0x54 ./Core/Src/bno08x/telemetry.o
 .text.telemetry_send
                0x080046c4      0x170 ./Core/Src/bno08x/telemetry.o
                0x080046c4                telemetry_send
 .text.MX_GPIO_Init
                0x08004834      0x10c ./Core/Src/gpio.o
                0x08004834                MX_GPIO_Init
 .text.MX_I2C1_Init
                0x08004940       0x5c ./Core/Src/i2c.o
                0x08004940                MX_I2C1_Init
 .text.HAL_I2C_MspInit
                0x0800499c       0xa0 ./Core/Src/i2c.o
                0x0800499c                HAL_I2C_MspInit
 .text.HAL_I2C_MspDeInit
                0x08004a3c       0x48 ./Core/Src/i2c.o
                0x08004a3c                HAL_I2C_MspDeInit
 .text.main     0x08004a84       0xe8 ./Core/Src/main.o
                0x08004a84                main
 .text.SystemClock_Config
                0x08004b6c       0x8a ./Core/Src/main.o
                0x08004b6c                SystemClock_Config
 *fill*         0x08004bf6        0x2 
 .text.HAL_GPIO_EXTI_Callback
                0x08004bf8       0x28 ./Core/Src/main.o
                0x08004bf8                HAL_GPIO_EXTI_Callback
 .text.Error_Handler
                0x08004c20        0xc ./Core/Src/main.o
                0x08004c20                Error_Handler
 .text.HAL_MspInit
                0x08004c2c       0x64 ./Core/Src/stm32f1xx_hal_msp.o
                0x08004c2c                HAL_MspInit
 .text.NMI_Handler
                0x08004c90        0x8 ./Core/Src/stm32f1xx_it.o
                0x08004c90                NMI_Handler
 .text.HardFault_Handler
                0x08004c98        0x8 ./Core/Src/stm32f1xx_it.o
                0x08004c98                HardFault_Handler
 .text.MemManage_Handler
                0x08004ca0        0x8 ./Core/Src/stm32f1xx_it.o
                0x08004ca0                MemManage_Handler
 .text.BusFault_Handler
                0x08004ca8        0x8 ./Core/Src/stm32f1xx_it.o
                0x08004ca8                BusFault_Handler
 .text.UsageFault_Handler
                0x08004cb0        0x8 ./Core/Src/stm32f1xx_it.o
                0x08004cb0                UsageFault_Handler
 .text.SVC_Handler
                0x08004cb8        0xc ./Core/Src/stm32f1xx_it.o
                0x08004cb8                SVC_Handler
 .text.DebugMon_Handler
                0x08004cc4        0xc ./Core/Src/stm32f1xx_it.o
                0x08004cc4                DebugMon_Handler
 .text.PendSV_Handler
                0x08004cd0        0xc ./Core/Src/stm32f1xx_it.o
                0x08004cd0                PendSV_Handler
 .text.SysTick_Handler
                0x08004cdc        0xc ./Core/Src/stm32f1xx_it.o
                0x08004cdc                SysTick_Handler
 .text.TIM2_IRQHandler
                0x08004ce8       0x14 ./Core/Src/stm32f1xx_it.o
                0x08004ce8                TIM2_IRQHandler
 .text.EXTI15_10_IRQHandler
                0x08004cfc       0x10 ./Core/Src/stm32f1xx_it.o
                0x08004cfc                EXTI15_10_IRQHandler
 .text._getpid  0x08004d0c        0xe ./Core/Src/syscalls.o
                0x08004d0c                _getpid
 .text._kill    0x08004d1a       0x20 ./Core/Src/syscalls.o
                0x08004d1a                _kill
 .text._exit    0x08004d3a       0x16 ./Core/Src/syscalls.o
                0x08004d3a                _exit
 .text._read    0x08004d50       0x3a ./Core/Src/syscalls.o
                0x08004d50                _read
 .text._write   0x08004d8a       0x38 ./Core/Src/syscalls.o
                0x08004d8a                _write
 .text._close   0x08004dc2       0x16 ./Core/Src/syscalls.o
                0x08004dc2                _close
 .text._fstat   0x08004dd8       0x1e ./Core/Src/syscalls.o
                0x08004dd8                _fstat
 .text._isatty  0x08004df6       0x14 ./Core/Src/syscalls.o
                0x08004df6                _isatty
 .text._lseek   0x08004e0a       0x18 ./Core/Src/syscalls.o
                0x08004e0a                _lseek
 *fill*         0x08004e22        0x2 
 .text._sbrk    0x08004e24       0x6c ./Core/Src/sysmem.o
                0x08004e24                _sbrk
 .text.SystemInit
                0x08004e90        0xc ./Core/Src/system_stm32f1xx.o
                0x08004e90                SystemInit
 .text.MX_TIM2_Init
                0x08004e9c      0x138 ./Core/Src/tim.o
                0x08004e9c                MX_TIM2_Init
 .text.HAL_TIM_Base_MspInit
                0x08004fd4       0x88 ./Core/Src/tim.o
                0x08004fd4                HAL_TIM_Base_MspInit
 .text.MX_USART3_UART_Init
                0x0800505c       0x54 ./Core/Src/usart.o
                0x0800505c                MX_USART3_UART_Init
 .text.HAL_UART_MspInit
                0x080050b0       0x98 ./Core/Src/usart.o
                0x080050b0                HAL_UART_MspInit
 .text.Reset_Handler
                0x08005148       0x48 ./Core/Startup/startup_stm32f103c8tx.o
                0x08005148                Reset_Handler
 .text.Default_Handler
                0x08005190        0x2 ./Core/Startup/startup_stm32f103c8tx.o
                0x08005190                RTC_Alarm_IRQHandler
                0x08005190                EXTI2_IRQHandler
                0x08005190                TIM1_CC_IRQHandler
                0x08005190                PVD_IRQHandler
                0x08005190                EXTI3_IRQHandler
                0x08005190                EXTI0_IRQHandler
                0x08005190                I2C2_EV_IRQHandler
                0x08005190                ADC1_2_IRQHandler
                0x08005190                SPI1_IRQHandler
                0x08005190                TAMPER_IRQHandler
                0x08005190                DMA1_Channel4_IRQHandler
                0x08005190                USART3_IRQHandler
                0x08005190                RTC_IRQHandler
                0x08005190                DMA1_Channel7_IRQHandler
                0x08005190                CAN1_RX1_IRQHandler
                0x08005190                TIM4_IRQHandler
                0x08005190                I2C1_EV_IRQHandler
                0x08005190                DMA1_Channel6_IRQHandler
                0x08005190                TIM3_IRQHandler
                0x08005190                RCC_IRQHandler
                0x08005190                TIM1_TRG_COM_IRQHandler
                0x08005190                DMA1_Channel1_IRQHandler
                0x08005190                Default_Handler
                0x08005190                EXTI9_5_IRQHandler
                0x08005190                SPI2_IRQHandler
                0x08005190                DMA1_Channel5_IRQHandler
                0x08005190                EXTI4_IRQHandler
                0x08005190                USB_LP_CAN1_RX0_IRQHandler
                0x08005190                USB_HP_CAN1_TX_IRQHandler
                0x08005190                DMA1_Channel3_IRQHandler
                0x08005190                TIM1_UP_IRQHandler
                0x08005190                WWDG_IRQHandler
                0x08005190                TIM1_BRK_IRQHandler
                0x08005190                EXTI1_IRQHandler
                0x08005190                USART2_IRQHandler
                0x08005190                I2C2_ER_IRQHandler
                0x08005190                DMA1_Channel2_IRQHandler
                0x08005190                CAN1_SCE_IRQHandler
                0x08005190                FLASH_IRQHandler
                0x08005190                USART1_IRQHandler
                0x08005190                I2C1_ER_IRQHandler
                0x08005190                USBWakeUp_IRQHandler
 *fill*         0x08005192        0x2 
 .text.HAL_Init
                0x08005194       0x2c ./Drivers/STM32F1xx_HAL_Driver/Src/stm32f1xx_hal.o
                0x08005194                HAL_Init
 .text.HAL_InitTick
                0x080051c0       0x60 ./Drivers/STM32F1xx_HAL_Driver/Src/stm32f1xx_hal.o
                0x080051c0                HAL_InitTick
 .text.HAL_IncTick
                0x08005220       0x24 ./Drivers/STM32F1xx_HAL_Driver/Src/stm32f1xx_hal.o
                0x08005220                HAL_IncTick
 .text.HAL_GetTick
                0x08005244       0x14 ./Drivers/STM32F1xx_HAL_Driver/Src/stm32f1xx_hal.o
                0x08005244                HAL_GetTick
 .text.HAL_Delay
                0x08005258       0x48 ./Drivers/STM32F1xx_HAL_Driver/Src/stm32f1xx_hal.o
                0x08005258                HAL_Delay
 .text.__NVIC_SetPriorityGrouping
                0x080052a0       0x48 ./Drivers/STM32F1xx_HAL_Driver/Src/stm32f1xx_hal_cortex.o
 .text.__NVIC_GetPriorityGrouping
                0x080052e8       0x1c ./Drivers/STM32F1xx_HAL_Driver/Src/stm32f1xx_hal_cortex.o
 .text.__NVIC_EnableIRQ
                0x08005304       0x38 ./Drivers/STM32F1xx_HAL_Driver/Src/stm32f1xx_hal_cortex.o
 .text.__NVIC_SetPriority
                0x0800533c       0x54 ./Drivers/STM32F1xx_HAL_Driver/Src/stm32f1xx_hal_cortex.o
 .text.NVIC_EncodePriority
                0x08005390       0x64 ./Drivers/STM32F1xx_HAL_Driver/Src/stm32f1xx_hal_cortex.o
 .text.SysTick_Config
                0x080053f4       0x44 ./Drivers/STM32F1xx_HAL_Driver/Src/stm32f1xx_hal_cortex.o
 .text.HAL_NVIC_SetPriorityGrouping
                0x08005438       0x16 ./Drivers/STM32F1xx_HAL_Driver/Src/stm32f1xx_hal_cortex.o
                0x08005438                HAL_NVIC_SetPriorityGrouping
 .text.HAL_NVIC_SetPriority
                0x0800544e       0x38 ./Drivers/STM32F1xx_HAL_Driver/Src/stm32f1xx_hal_cortex.o
                0x0800544e                HAL_NVIC_SetPriority
 .text.HAL_NVIC_EnableIRQ
                0x08005486       0x1c ./Drivers/STM32F1xx_HAL_Driver/Src/stm32f1xx_hal_cortex.o
                0x08005486                HAL_NVIC_EnableIRQ
 .text.HAL_SYSTICK_Config
                0x080054a2       0x18 ./Drivers/STM32F1xx_HAL_Driver/Src/stm32f1xx_hal_cortex.o
                0x080054a2                HAL_SYSTICK_Config
 *fill*         0x080054ba        0x2 
 .text.HAL_GPIO_Init
                0x080054bc      0x308 ./Drivers/STM32F1xx_HAL_Driver/Src/stm32f1xx_hal_gpio.o
                0x080054bc                HAL_GPIO_Init
 .text.HAL_GPIO_DeInit
                0x080057c4      0x178 ./Drivers/STM32F1xx_HAL_Driver/Src/stm32f1xx_hal_gpio.o
                0x080057c4                HAL_GPIO_DeInit
 .text.HAL_GPIO_WritePin
                0x0800593c       0x30 ./Drivers/STM32F1xx_HAL_Driver/Src/stm32f1xx_hal_gpio.o
                0x0800593c                HAL_GPIO_WritePin
 .text.HAL_GPIO_TogglePin
                0x0800596c       0x32 ./Drivers/STM32F1xx_HAL_Driver/Src/stm32f1xx_hal_gpio.o
                0x0800596c                HAL_GPIO_TogglePin
 *fill*         0x0800599e        0x2 
 .text.HAL_GPIO_EXTI_IRQHandler
                0x080059a0       0x30 ./Drivers/STM32F1xx_HAL_Driver/Src/stm32f1xx_hal_gpio.o
                0x080059a0                HAL_GPIO_EXTI_IRQHandler
 .text.HAL_I2C_Init
                0x080059d0      0x288 ./Drivers/STM32F1xx_HAL_Driver/Src/stm32f1xx_hal_i2c.o
                0x080059d0                HAL_I2C_Init
 .text.HAL_I2C_DeInit
                0x08005c58       0x5e ./Drivers/STM32F1xx_HAL_Driver/Src/stm32f1xx_hal_i2c.o
                0x08005c58                HAL_I2C_DeInit
 *fill*         0x08005cb6        0x2 
 .text.HAL_I2C_Master_Transmit
                0x08005cb8      0x1fc ./Drivers/STM32F1xx_HAL_Driver/Src/stm32f1xx_hal_i2c.o
                0x08005cb8                HAL_I2C_Master_Transmit
 .text.HAL_I2C_Master_Receive
                0x08005eb4      0x4d8 ./Drivers/STM32F1xx_HAL_Driver/Src/stm32f1xx_hal_i2c.o
                0x08005eb4                HAL_I2C_Master_Receive
 .text.I2C_MasterRequestWrite
                0x0800638c      0x104 ./Drivers/STM32F1xx_HAL_Driver/Src/stm32f1xx_hal_i2c.o
 .text.I2C_MasterRequestRead
                0x08006490      0x19c ./Drivers/STM32F1xx_HAL_Driver/Src/stm32f1xx_hal_i2c.o
 .text.I2C_WaitOnFlagUntilTimeout
                0x0800662c       0xf4 ./Drivers/STM32F1xx_HAL_Driver/Src/stm32f1xx_hal_i2c.o
 .text.I2C_WaitOnMasterAddressFlagUntilTimeout
                0x08006720      0x140 ./Drivers/STM32F1xx_HAL_Driver/Src/stm32f1xx_hal_i2c.o
 .text.I2C_WaitOnTXEFlagUntilTimeout
                0x08006860       0x90 ./Drivers/STM32F1xx_HAL_Driver/Src/stm32f1xx_hal_i2c.o
 .text.I2C_WaitOnBTFFlagUntilTimeout
                0x080068f0       0x90 ./Drivers/STM32F1xx_HAL_Driver/Src/stm32f1xx_hal_i2c.o
 .text.I2C_WaitOnRXNEFlagUntilTimeout
                0x08006980       0xba ./Drivers/STM32F1xx_HAL_Driver/Src/stm32f1xx_hal_i2c.o
 .text.I2C_IsAcknowledgeFailed
                0x08006a3a       0x5c ./Drivers/STM32F1xx_HAL_Driver/Src/stm32f1xx_hal_i2c.o
 *fill*         0x08006a96        0x2 
 .text.HAL_RCC_OscConfig
                0x08006a98      0x504 ./Drivers/STM32F1xx_HAL_Driver/Src/stm32f1xx_hal_rcc.o
                0x08006a98                HAL_RCC_OscConfig
 .text.HAL_RCC_ClockConfig
                0x08006f9c      0x1d4 ./Drivers/STM32F1xx_HAL_Driver/Src/stm32f1xx_hal_rcc.o
                0x08006f9c                HAL_RCC_ClockConfig
 .text.HAL_RCC_GetSysClockFreq
                0x08007170       0xa8 ./Drivers/STM32F1xx_HAL_Driver/Src/stm32f1xx_hal_rcc.o
                0x08007170                HAL_RCC_GetSysClockFreq
 .text.HAL_RCC_GetHCLKFreq
                0x08007218       0x14 ./Drivers/STM32F1xx_HAL_Driver/Src/stm32f1xx_hal_rcc.o
                0x08007218                HAL_RCC_GetHCLKFreq
 .text.HAL_RCC_GetPCLK1Freq
                0x0800722c       0x28 ./Drivers/STM32F1xx_HAL_Driver/Src/stm32f1xx_hal_rcc.o
                0x0800722c                HAL_RCC_GetPCLK1Freq
 .text.HAL_RCC_GetPCLK2Freq
                0x08007254       0x28 ./Drivers/STM32F1xx_HAL_Driver/Src/stm32f1xx_hal_rcc.o
                0x08007254                HAL_RCC_GetPCLK2Freq
 .text.RCC_Delay
                0x0800727c       0x3c ./Drivers/STM32F1xx_HAL_Driver/Src/stm32f1xx_hal_rcc.o
 .text.HAL_TIM_Base_Init
                0x080072b8       0x9e ./Drivers/STM32F1xx_HAL_Driver/Src/stm32f1xx_hal_tim.o
                0x080072b8                HAL_TIM_Base_Init
 .text.HAL_TIM_IC_Init
                0x08007356       0x9e ./Drivers/STM32F1xx_HAL_Driver/Src/stm32f1xx_hal_tim.o
                0x08007356                HAL_TIM_IC_Init
 .text.HAL_TIM_IC_MspInit
                0x080073f4       0x12 ./Drivers/STM32F1xx_HAL_Driver/Src/stm32f1xx_hal_tim.o
                0x080073f4                HAL_TIM_IC_MspInit
 *fill*         0x08007406        0x2 
 .text.HAL_TIM_IC_Start_IT
                0x08007408      0x218 ./Drivers/STM32F1xx_HAL_Driver/Src/stm32f1xx_hal_tim.o
                0x08007408                HAL_TIM_IC_Start_IT
 .text.HAL_TIM_IC_Stop_IT
                0x08007620      0x15c ./Drivers/STM32F1xx_HAL_Driver/Src/stm32f1xx_hal_tim.o
                0x08007620                HAL_TIM_IC_Stop_IT
 .text.HAL_TIM_IRQHandler
                0x0800777c      0x1e0 ./Drivers/STM32F1xx_HAL_Driver/Src/stm32f1xx_hal_tim.o
                0x0800777c                HAL_TIM_IRQHandler
 .text.HAL_TIM_IC_ConfigChannel
                0x0800795c      0x138 ./Drivers/STM32F1xx_HAL_Driver/Src/stm32f1xx_hal_tim.o
                0x0800795c                HAL_TIM_IC_ConfigChannel
 .text.HAL_TIM_ConfigClockSource
                0x08007a94      0x18e ./Drivers/STM32F1xx_HAL_Driver/Src/stm32f1xx_hal_tim.o
                0x08007a94                HAL_TIM_ConfigClockSource
 .text.HAL_TIM_SlaveConfigSynchro
                0x08007c22       0x84 ./Drivers/STM32F1xx_HAL_Driver/Src/stm32f1xx_hal_tim.o
                0x08007c22                HAL_TIM_SlaveConfigSynchro
 *fill*         0x08007ca6        0x2 
 .text.HAL_TIM_ReadCapturedValue
                0x08007ca8       0x88 ./Drivers/STM32F1xx_HAL_Driver/Src/stm32f1xx_hal_tim.o
                0x08007ca8                HAL_TIM_ReadCapturedValue
 .text.HAL_TIM_PeriodElapsedCallback
                0x08007d30       0x12 ./Drivers/STM32F1xx_HAL_Driver/Src/stm32f1xx_hal_tim.o
                0x08007d30                HAL_TIM_PeriodElapsedCallback
 .text.HAL_TIM_OC_DelayElapsedCallback
                0x08007d42       0x12 ./Drivers/STM32F1xx_HAL_Driver/Src/stm32f1xx_hal_tim.o
                0x08007d42                HAL_TIM_OC_DelayElapsedCallback
 .text.HAL_TIM_PWM_PulseFinishedCallback
                0x08007d54       0x12 ./Drivers/STM32F1xx_HAL_Driver/Src/stm32f1xx_hal_tim.o
                0x08007d54                HAL_TIM_PWM_PulseFinishedCallback
 .text.HAL_TIM_TriggerCallback
                0x08007d66       0x12 ./Drivers/STM32F1xx_HAL_Driver/Src/stm32f1xx_hal_tim.o
                0x08007d66                HAL_TIM_TriggerCallback
 .text.TIM_Base_SetConfig
                0x08007d78       0xdc ./Drivers/STM32F1xx_HAL_Driver/Src/stm32f1xx_hal_tim.o
                0x08007d78                TIM_Base_SetConfig
 .text.TIM_SlaveTimer_SetConfig
                0x08007e54      0x122 ./Drivers/STM32F1xx_HAL_Driver/Src/stm32f1xx_hal_tim.o
 *fill*         0x08007f76        0x2 
 .text.TIM_TI1_SetConfig
                0x08007f78       0xb4 ./Drivers/STM32F1xx_HAL_Driver/Src/stm32f1xx_hal_tim.o
                0x08007f78                TIM_TI1_SetConfig
 .text.TIM_TI1_ConfigInputStage
                0x0800802c       0x5c ./Drivers/STM32F1xx_HAL_Driver/Src/stm32f1xx_hal_tim.o
 .text.TIM_TI2_SetConfig
                0x08008088       0x78 ./Drivers/STM32F1xx_HAL_Driver/Src/stm32f1xx_hal_tim.o
 .text.TIM_TI2_ConfigInputStage
                0x08008100       0x5e ./Drivers/STM32F1xx_HAL_Driver/Src/stm32f1xx_hal_tim.o
 .text.TIM_TI3_SetConfig
                0x0800815e       0x76 ./Drivers/STM32F1xx_HAL_Driver/Src/stm32f1xx_hal_tim.o
 .text.TIM_TI4_SetConfig
                0x080081d4       0x78 ./Drivers/STM32F1xx_HAL_Driver/Src/stm32f1xx_hal_tim.o
 .text.TIM_ITRx_SetConfig
                0x0800824c       0x34 ./Drivers/STM32F1xx_HAL_Driver/Src/stm32f1xx_hal_tim.o
 .text.TIM_ETR_SetConfig
                0x08008280       0x3e ./Drivers/STM32F1xx_HAL_Driver/Src/stm32f1xx_hal_tim.o
                0x08008280                TIM_ETR_SetConfig
 .text.TIM_CCxChannelCmd
                0x080082be       0x48 ./Drivers/STM32F1xx_HAL_Driver/Src/stm32f1xx_hal_tim.o
                0x080082be                TIM_CCxChannelCmd
 *fill*         0x08008306        0x2 
 .text.HAL_TIMEx_MasterConfigSynchronization
                0x08008308       0xbc ./Drivers/STM32F1xx_HAL_Driver/Src/stm32f1xx_hal_tim_ex.o
                0x08008308                HAL_TIMEx_MasterConfigSynchronization
 .text.HAL_TIMEx_CommutCallback
                0x080083c4       0x12 ./Drivers/STM32F1xx_HAL_Driver/Src/stm32f1xx_hal_tim_ex.o
                0x080083c4                HAL_TIMEx_CommutCallback
 .text.HAL_TIMEx_BreakCallback
                0x080083d6       0x12 ./Drivers/STM32F1xx_HAL_Driver/Src/stm32f1xx_hal_tim_ex.o
                0x080083d6                HAL_TIMEx_BreakCallback
 .text.HAL_UART_Init
                0x080083e8       0xa0 ./Drivers/STM32F1xx_HAL_Driver/Src/stm32f1xx_hal_uart.o
                0x080083e8                HAL_UART_Init
 .text.HAL_UART_Transmit
                0x08008488      0x116 ./Drivers/STM32F1xx_HAL_Driver/Src/stm32f1xx_hal_uart.o
                0x08008488                HAL_UART_Transmit
 .text.UART_WaitOnFlagUntilTimeout
                0x0800859e       0xb2 ./Drivers/STM32F1xx_HAL_Driver/Src/stm32f1xx_hal_uart.o
 .text.UART_EndRxTransfer
                0x08008650       0xc4 ./Drivers/STM32F1xx_HAL_Driver/Src/stm32f1xx_hal_uart.o
 .text.UART_SetConfig
                0x08008714      0x11c ./Drivers/STM32F1xx_HAL_Driver/Src/stm32f1xx_hal_uart.o
 .text.__cvt    0x08008830       0xc8 /opt/st/stm32cubeide_1.18.1/plugins/com.st.stm32cube.ide.mcu.externaltools.gnu-tools-for-stm32.13.3.rel1.linux64_1.0.0.202410170706/tools/bin/../lib/gcc/arm-none-eabi/13.3.1/../../../../arm-none-eabi/lib/thumb/v7-m/nofp/libc_nano.a(libc_a-nano-vfprintf_float.o)
                0x08008830                __cvt
 .text.__exponent
                0x080088f8       0x74 /opt/st/stm32cubeide_1.18.1/plugins/com.st.stm32cube.ide.mcu.externaltools.gnu-tools-for-stm32.13.3.rel1.linux64_1.0.0.202410170706/tools/bin/../lib/gcc/arm-none-eabi/13.3.1/../../../../arm-none-eabi/lib/thumb/v7-m/nofp/libc_nano.a(libc_a-nano-vfprintf_float.o)
                0x080088f8                __exponent
 .text._printf_float
                0x0800896c      0x458 /opt/st/stm32cubeide_1.18.1/plugins/com.st.stm32cube.ide.mcu.externaltools.gnu-tools-for-stm32.13.3.rel1.linux64_1.0.0.202410170706/tools/bin/../lib/gcc/arm-none-eabi/13.3.1/../../../../arm-none-eabi/lib/thumb/v7-m/nofp/libc_nano.a(libc_a-nano-vfprintf_float.o)
                0x0800896c                _printf_float
 .text._printf_common
                0x08008dc4       0xe4 /opt/st/stm32cubeide_1.18.1/plugins/com.st.stm32cube.ide.mcu.externaltools.gnu-tools-for-stm32.13.3.rel1.linux64_1.0.0.202410170706/tools/bin/../lib/gcc/arm-none-eabi/13.3.1/../../../../arm-none-eabi/lib/thumb/v7-m/nofp/libc_nano.a(libc_a-nano-vfprintf_i.o)
                0x08008dc4                _printf_common
 .text._printf_i
                0x08008ea8      0x23c /opt/st/stm32cubeide_1.18.1/plugins/com.st.stm32cube.ide.mcu.externaltools.gnu-tools-for-stm32.13.3.rel1.linux64_1.0.0.202410170706/tools/bin/../lib/gcc/arm-none-eabi/13.3.1/../../../../arm-none-eabi/lib/thumb/v7-m/nofp/libc_nano.a(libc_a-nano-vfprintf_i.o)
                0x08008ea8                _printf_i
 .text.std      0x080090e4       0x6c /opt/st/stm32cubeide_1.18.1/plugins/com.st.stm32cube.ide.mcu.externaltools.gnu-tools-for-stm32.13.3.rel1.linux64_1.0.0.202410170706/tools/bin/../lib/gcc/arm-none-eabi/13.3.1/../../../../arm-none-eabi/lib/thumb/v7-m/nofp/libc_nano.a(libc_a-findfp.o)
 .text.stdio_exit_handler
                0x08009150       0x18 /opt/st/stm32cubeide_1.18.1/plugins/com.st.stm32cube.ide.mcu.externaltools.gnu-tools-for-stm32.13.3.rel1.linux64_1.0.0.202410170706/tools/bin/../lib/gcc/arm-none-eabi/13.3.1/../../../../arm-none-eabi/lib/thumb/v7-m/nofp/libc_nano.a(libc_a-findfp.o)
 .text.cleanup_stdio
                0x08009168       0x40 /opt/st/stm32cubeide_1.18.1/plugins/com.st.stm32cube.ide.mcu.externaltools.gnu-tools-for-stm32.13.3.rel1.linux64_1.0.0.202410170706/tools/bin/../lib/gcc/arm-none-eabi/13.3.1/../../../../arm-none-eabi/lib/thumb/v7-m/nofp/libc_nano.a(libc_a-findfp.o)
 .text.global_stdio_init.part.0
                0x080091a8       0x3c /opt/st/stm32cubeide_1.18.1/plugins/com.st.stm32cube.ide.mcu.externaltools.gnu-tools-for-stm32.13.3.rel1.linux64_1.0.0.202410170706/tools/bin/../lib/gcc/arm-none-eabi/13.3.1/../../../../arm-none-eabi/lib/thumb/v7-m/nofp/libc_nano.a(libc_a-findfp.o)
 .text.__sfp_lock_acquire
                0x080091e4        0xc /opt/st/stm32cubeide_1.18.1/plugins/com.st.stm32cube.ide.mcu.externaltools.gnu-tools-for-stm32.13.3.rel1.linux64_1.0.0.202410170706/tools/bin/../lib/gcc/arm-none-eabi/13.3.1/../../../../arm-none-eabi/lib/thumb/v7-m/nofp/libc_nano.a(libc_a-findfp.o)
                0x080091e4                __sfp_lock_acquire
 .text.__sfp_lock_release
                0x080091f0        0xc /opt/st/stm32cubeide_1.18.1/plugins/com.st.stm32cube.ide.mcu.externaltools.gnu-tools-for-stm32.13.3.rel1.linux64_1.0.0.202410170706/tools/bin/../lib/gcc/arm-none-eabi/13.3.1/../../../../arm-none-eabi/lib/thumb/v7-m/nofp/libc_nano.a(libc_a-findfp.o)
                0x080091f0                __sfp_lock_release
 .text.__sinit  0x080091fc       0x30 /opt/st/stm32cubeide_1.18.1/plugins/com.st.stm32cube.ide.mcu.externaltools.gnu-tools-for-stm32.13.3.rel1.linux64_1.0.0.202410170706/tools/bin/../lib/gcc/arm-none-eabi/13.3.1/../../../../arm-none-eabi/lib/thumb/v7-m/nofp/libc_nano.a(libc_a-findfp.o)
                0x080091fc                __sinit
 .text._fwalk_sglue
                0x0800922c       0x3c /opt/st/stm32cubeide_1.18.1/plugins/com.st.stm32cube.ide.mcu.externaltools.gnu-tools-for-stm32.13.3.rel1.linux64_1.0.0.202410170706/tools/bin/../lib/gcc/arm-none-eabi/13.3.1/../../../../arm-none-eabi/lib/thumb/v7-m/nofp/libc_nano.a(libc_a-fwalk.o)
                0x0800922c                _fwalk_sglue
 .text.snprintf
                0x08009268       0x6c /opt/st/stm32cubeide_1.18.1/plugins/com.st.stm32cube.ide.mcu.externaltools.gnu-tools-for-stm32.13.3.rel1.linux64_1.0.0.202410170706/tools/bin/../lib/gcc/arm-none-eabi/13.3.1/../../../../arm-none-eabi/lib/thumb/v7-m/nofp/libc_nano.a(libc_a-snprintf.o)
                0x08009268                snprintf
                0x08009268                sniprintf
 .text.__sread  0x080092d4       0x22 /opt/st/stm32cubeide_1.18.1/plugins/com.st.stm32cube.ide.mcu.externaltools.gnu-tools-for-stm32.13.3.rel1.linux64_1.0.0.202410170706/tools/bin/../lib/gcc/arm-none-eabi/13.3.1/../../../../arm-none-eabi/lib/thumb/v7-m/nofp/libc_nano.a(libc_a-stdio.o)
                0x080092d4                __sread
 .text.__swrite
                0x080092f6       0x38 /opt/st/stm32cubeide_1.18.1/plugins/com.st.stm32cube.ide.mcu.externaltools.gnu-tools-for-stm32.13.3.rel1.linux64_1.0.0.202410170706/tools/bin/../lib/gcc/arm-none-eabi/13.3.1/../../../../arm-none-eabi/lib/thumb/v7-m/nofp/libc_nano.a(libc_a-stdio.o)
                0x080092f6                __swrite
 .text.__sseek  0x0800932e       0x24 /opt/st/stm32cubeide_1.18.1/plugins/com.st.stm32cube.ide.mcu.externaltools.gnu-tools-for-stm32.13.3.rel1.linux64_1.0.0.202410170706/tools/bin/../lib/gcc/arm-none-eabi/13.3.1/../../../../arm-none-eabi/lib/thumb/v7-m/nofp/libc_nano.a(libc_a-stdio.o)
                0x0800932e                __sseek
 .text.__sclose
                0x08009352        0x8 /opt/st/stm32cubeide_1.18.1/plugins/com.st.stm32cube.ide.mcu.externaltools.gnu-tools-for-stm32.13.3.rel1.linux64_1.0.0.202410170706/tools/bin/../lib/gcc/arm-none-eabi/13.3.1/../../../../arm-none-eabi/lib/thumb/v7-m/nofp/libc_nano.a(libc_a-stdio.o)
                0x08009352                __sclose
 .text.memset   0x0800935a       0x10 /opt/st/stm32cubeide_1.18.1/plugins/com.st.stm32cube.ide.mcu.externaltools.gnu-tools-for-stm32.13.3.rel1.linux64_1.0.0.202410170706/tools/bin/../lib/gcc/arm-none-eabi/13.3.1/../../../../arm-none-eabi/lib/thumb/v7-m/nofp/libc_nano.a(libc_a-memset.o)
                0x0800935a                memset
 *fill*         0x0800936a        0x2 
 .text._localeconv_r
                0x0800936c        0x8 /opt/st/stm32cubeide_1.18.1/plugins/com.st.stm32cube.ide.mcu.externaltools.gnu-tools-for-stm32.13.3.rel1.linux64_1.0.0.202410170706/tools/bin/../lib/gcc/arm-none-eabi/13.3.1/../../../../arm-none-eabi/lib/thumb/v7-m/nofp/libc_nano.a(libc_a-localeconv.o)
                0x0800936c                _localeconv_r
 .text._close_r
                0x08009374       0x20 /opt/st/stm32cubeide_1.18.1/plugins/com.st.stm32cube.ide.mcu.externaltools.gnu-tools-for-stm32.13.3.rel1.linux64_1.0.0.202410170706/tools/bin/../lib/gcc/arm-none-eabi/13.3.1/../../../../arm-none-eabi/lib/thumb/v7-m/nofp/libc_nano.a(libc_a-closer.o)
                0x08009374                _close_r
 .text._lseek_r
                0x08009394       0x24 /opt/st/stm32cubeide_1.18.1/plugins/com.st.stm32cube.ide.mcu.externaltools.gnu-tools-for-stm32.13.3.rel1.linux64_1.0.0.202410170706/tools/bin/../lib/gcc/arm-none-eabi/13.3.1/../../../../arm-none-eabi/lib/thumb/v7-m/nofp/libc_nano.a(libc_a-lseekr.o)
                0x08009394                _lseek_r
 .text._read_r  0x080093b8       0x24 /opt/st/stm32cubeide_1.18.1/plugins/com.st.stm32cube.ide.mcu.externaltools.gnu-tools-for-stm32.13.3.rel1.linux64_1.0.0.202410170706/tools/bin/../lib/gcc/arm-none-eabi/13.3.1/../../../../arm-none-eabi/lib/thumb/v7-m/nofp/libc_nano.a(libc_a-readr.o)
                0x080093b8                _read_r
 .text._write_r
                0x080093dc       0x24 /opt/st/stm32cubeide_1.18.1/plugins/com.st.stm32cube.ide.mcu.externaltools.gnu-tools-for-stm32.13.3.rel1.linux64_1.0.0.202410170706/tools/bin/../lib/gcc/arm-none-eabi/13.3.1/../../../../arm-none-eabi/lib/thumb/v7-m/nofp/libc_nano.a(libc_a-writer.o)
                0x080093dc                _write_r
 .text.__errno  0x08009400        0xc /opt/st/stm32cubeide_1.18.1/plugins/com.st.stm32cube.ide.mcu.externaltools.gnu-tools-for-stm32.13.3.rel1.linux64_1.0.0.202410170706/tools/bin/../lib/gcc/arm-none-eabi/13.3.1/../../../../arm-none-eabi/lib/thumb/v7-m/nofp/libc_nano.a(libc_a-errno.o)
                0x08009400                __errno
 .text.__libc_init_array
                0x0800940c       0x48 /opt/st/stm32cubeide_1.18.1/plugins/com.st.stm32cube.ide.mcu.externaltools.gnu-tools-for-stm32.13.3.rel1.linux64_1.0.0.202410170706/tools/bin/../lib/gcc/arm-none-eabi/13.3.1/../../../../arm-none-eabi/lib/thumb/v7-m/nofp/libc_nano.a(libc_a-init.o)
                0x0800940c                __libc_init_array
 .text.__retarget_lock_init_recursive
                0x08009454        0x2 /opt/st/stm32cubeide_1.18.1/plugins/com.st.stm32cube.ide.mcu.externaltools.gnu-tools-for-stm32.13.3.rel1.linux64_1.0.0.202410170706/tools/bin/../lib/gcc/arm-none-eabi/13.3.1/../../../../arm-none-eabi/lib/thumb/v7-m/nofp/libc_nano.a(libc_a-lock.o)
                0x08009454                __retarget_lock_init_recursive
 .text.__retarget_lock_acquire_recursive
                0x08009456        0x2 /opt/st/stm32cubeide_1.18.1/plugins/com.st.stm32cube.ide.mcu.externaltools.gnu-tools-for-stm32.13.3.rel1.linux64_1.0.0.202410170706/tools/bin/../lib/gcc/arm-none-eabi/13.3.1/../../../../arm-none-eabi/lib/thumb/v7-m/nofp/libc_nano.a(libc_a-lock.o)
                0x08009456                __retarget_lock_acquire_recursive
 .text.__retarget_lock_release_recursive
                0x08009458        0x2 /opt/st/stm32cubeide_1.18.1/plugins/com.st.stm32cube.ide.mcu.externaltools.gnu-tools-for-stm32.13.3.rel1.linux64_1.0.0.202410170706/tools/bin/../lib/gcc/arm-none-eabi/13.3.1/../../../../arm-none-eabi/lib/thumb/v7-m/nofp/libc_nano.a(libc_a-lock.o)
                0x08009458                __retarget_lock_release_recursive
 .text.strcpy   0x0800945a       0x10 /opt/st/stm32cubeide_1.18.1/plugins/com.st.stm32cube.ide.mcu.externaltools.gnu-tools-for-stm32.13.3.rel1.linux64_1.0.0.202410170706/tools/bin/../lib/gcc/arm-none-eabi/13.3.1/../../../../arm-none-eabi/lib/thumb/v7-m/nofp/libc_nano.a(libc_a-strcpy.o)
                0x0800945a                strcpy
 .text.memchr   0x0800946a       0x1c /opt/st/stm32cubeide_1.18.1/plugins/com.st.stm32cube.ide.mcu.externaltools.gnu-tools-for-stm32.13.3.rel1.linux64_1.0.0.202410170706/tools/bin/../lib/gcc/arm-none-eabi/13.3.1/../../../../arm-none-eabi/lib/thumb/v7-m/nofp/libc_nano.a(libc_a-memchr-stub.o)
                0x0800946a                memchr
 .text.memcpy   0x08009486       0x1c /opt/st/stm32cubeide_1.18.1/plugins/com.st.stm32cube.ide.mcu.externaltools.gnu-tools-for-stm32.13.3.rel1.linux64_1.0.0.202410170706/tools/bin/../lib/gcc/arm-none-eabi/13.3.1/../../../../arm-none-eabi/lib/thumb/v7-m/nofp/libc_nano.a(libc_a-memcpy-stub.o)
                0x08009486                memcpy
 .text.quorem   0x080094a2      0x110 /opt/st/stm32cubeide_1.18.1/plugins/com.st.stm32cube.ide.mcu.externaltools.gnu-tools-for-stm32.13.3.rel1.linux64_1.0.0.202410170706/tools/bin/../lib/gcc/arm-none-eabi/13.3.1/../../../../arm-none-eabi/lib/thumb/v7-m/nofp/libc_nano.a(libc_a-dtoa.o)
 *fill*         0x080095b2        0x6 
 .text._dtoa_r  0x080095b8      0xba8 /opt/st/stm32cubeide_1.18.1/plugins/com.st.stm32cube.ide.mcu.externaltools.gnu-tools-for-stm32.13.3.rel1.linux64_1.0.0.202410170706/tools/bin/../lib/gcc/arm-none-eabi/13.3.1/../../../../arm-none-eabi/lib/thumb/v7-m/nofp/libc_nano.a(libc_a-dtoa.o)
                0x080095b8                _dtoa_r
 .text._free_r  0x0800a160       0x90 /opt/st/stm32cubeide_1.18.1/plugins/com.st.stm32cube.ide.mcu.externaltools.gnu-tools-for-stm32.13.3.rel1.linux64_1.0.0.202410170706/tools/bin/../lib/gcc/arm-none-eabi/13.3.1/../../../../arm-none-eabi/lib/thumb/v7-m/nofp/libc_nano.a(libc_a-freer.o)
                0x0800a160                _free_r
 .text.malloc   0x0800a1f0       0x10 /opt/st/stm32cubeide_1.18.1/plugins/com.st.stm32cube.ide.mcu.externaltools.gnu-tools-for-stm32.13.3.rel1.linux64_1.0.0.202410170706/tools/bin/../lib/gcc/arm-none-eabi/13.3.1/../../../../arm-none-eabi/lib/thumb/v7-m/nofp/libc_nano.a(libc_a-malloc.o)
                0x0800a1f0                malloc
 .text.sbrk_aligned
                0x0800a200       0x44 /opt/st/stm32cubeide_1.18.1/plugins/com.st.stm32cube.ide.mcu.externaltools.gnu-tools-for-stm32.13.3.rel1.linux64_1.0.0.202410170706/tools/bin/../lib/gcc/arm-none-eabi/13.3.1/../../../../arm-none-eabi/lib/thumb/v7-m/nofp/libc_nano.a(libc_a-mallocr.o)
 .text._malloc_r
                0x0800a244      0x100 /opt/st/stm32cubeide_1.18.1/plugins/com.st.stm32cube.ide.mcu.externaltools.gnu-tools-for-stm32.13.3.rel1.linux64_1.0.0.202410170706/tools/bin/../lib/gcc/arm-none-eabi/13.3.1/../../../../arm-none-eabi/lib/thumb/v7-m/nofp/libc_nano.a(libc_a-mallocr.o)
                0x0800a244                _malloc_r
 .text.__malloc_lock
                0x0800a344        0xc /opt/st/stm32cubeide_1.18.1/plugins/com.st.stm32cube.ide.mcu.externaltools.gnu-tools-for-stm32.13.3.rel1.linux64_1.0.0.202410170706/tools/bin/../lib/gcc/arm-none-eabi/13.3.1/../../../../arm-none-eabi/lib/thumb/v7-m/nofp/libc_nano.a(libc_a-mlock.o)
                0x0800a344                __malloc_lock
 .text.__malloc_unlock
                0x0800a350        0xc /opt/st/stm32cubeide_1.18.1/plugins/com.st.stm32cube.ide.mcu.externaltools.gnu-tools-for-stm32.13.3.rel1.linux64_1.0.0.202410170706/tools/bin/../lib/gcc/arm-none-eabi/13.3.1/../../../../arm-none-eabi/lib/thumb/v7-m/nofp/libc_nano.a(libc_a-mlock.o)
                0x0800a350                __malloc_unlock
 .text._Balloc  0x0800a35c       0x80 /opt/st/stm32cubeide_1.18.1/plugins/com.st.stm32cube.ide.mcu.externaltools.gnu-tools-for-stm32.13.3.rel1.linux64_1.0.0.202410170706/tools/bin/../lib/gcc/arm-none-eabi/13.3.1/../../../../arm-none-eabi/lib/thumb/v7-m/nofp/libc_nano.a(libc_a-mprec.o)
                0x0800a35c                _Balloc
 .text._Bfree   0x0800a3dc       0x44 /opt/st/stm32cubeide_1.18.1/plugins/com.st.stm32cube.ide.mcu.externaltools.gnu-tools-for-stm32.13.3.rel1.linux64_1.0.0.202410170706/tools/bin/../lib/gcc/arm-none-eabi/13.3.1/../../../../arm-none-eabi/lib/thumb/v7-m/nofp/libc_nano.a(libc_a-mprec.o)
                0x0800a3dc                _Bfree
 .text.__multadd
                0x0800a420       0x8c /opt/st/stm32cubeide_1.18.1/plugins/com.st.stm32cube.ide.mcu.externaltools.gnu-tools-for-stm32.13.3.rel1.linux64_1.0.0.202410170706/tools/bin/../lib/gcc/arm-none-eabi/13.3.1/../../../../arm-none-eabi/lib/thumb/v7-m/nofp/libc_nano.a(libc_a-mprec.o)
                0x0800a420                __multadd
 .text.__hi0bits
                0x0800a4ac       0x3e /opt/st/stm32cubeide_1.18.1/plugins/com.st.stm32cube.ide.mcu.externaltools.gnu-tools-for-stm32.13.3.rel1.linux64_1.0.0.202410170706/tools/bin/../lib/gcc/arm-none-eabi/13.3.1/../../../../arm-none-eabi/lib/thumb/v7-m/nofp/libc_nano.a(libc_a-mprec.o)
                0x0800a4ac                __hi0bits
 .text.__lo0bits
                0x0800a4ea       0x5a /opt/st/stm32cubeide_1.18.1/plugins/com.st.stm32cube.ide.mcu.externaltools.gnu-tools-for-stm32.13.3.rel1.linux64_1.0.0.202410170706/tools/bin/../lib/gcc/arm-none-eabi/13.3.1/../../../../arm-none-eabi/lib/thumb/v7-m/nofp/libc_nano.a(libc_a-mprec.o)
                0x0800a4ea                __lo0bits
 .text.__i2b    0x0800a544       0x2c /opt/st/stm32cubeide_1.18.1/plugins/com.st.stm32cube.ide.mcu.externaltools.gnu-tools-for-stm32.13.3.rel1.linux64_1.0.0.202410170706/tools/bin/../lib/gcc/arm-none-eabi/13.3.1/../../../../arm-none-eabi/lib/thumb/v7-m/nofp/libc_nano.a(libc_a-mprec.o)
                0x0800a544                __i2b
 .text.__multiply
                0x0800a570      0x144 /opt/st/stm32cubeide_1.18.1/plugins/com.st.stm32cube.ide.mcu.externaltools.gnu-tools-for-stm32.13.3.rel1.linux64_1.0.0.202410170706/tools/bin/../lib/gcc/arm-none-eabi/13.3.1/../../../../arm-none-eabi/lib/thumb/v7-m/nofp/libc_nano.a(libc_a-mprec.o)
                0x0800a570                __multiply
 .text.__pow5mult
                0x0800a6b4       0xb4 /opt/st/stm32cubeide_1.18.1/plugins/com.st.stm32cube.ide.mcu.externaltools.gnu-tools-for-stm32.13.3.rel1.linux64_1.0.0.202410170706/tools/bin/../lib/gcc/arm-none-eabi/13.3.1/../../../../arm-none-eabi/lib/thumb/v7-m/nofp/libc_nano.a(libc_a-mprec.o)
                0x0800a6b4                __pow5mult
 .text.__lshift
                0x0800a768       0xd8 /opt/st/stm32cubeide_1.18.1/plugins/com.st.stm32cube.ide.mcu.externaltools.gnu-tools-for-stm32.13.3.rel1.linux64_1.0.0.202410170706/tools/bin/../lib/gcc/arm-none-eabi/13.3.1/../../../../arm-none-eabi/lib/thumb/v7-m/nofp/libc_nano.a(libc_a-mprec.o)
                0x0800a768                __lshift
 .text.__mcmp   0x0800a840       0x36 /opt/st/stm32cubeide_1.18.1/plugins/com.st.stm32cube.ide.mcu.externaltools.gnu-tools-for-stm32.13.3.rel1.linux64_1.0.0.202410170706/tools/bin/../lib/gcc/arm-none-eabi/13.3.1/../../../../arm-none-eabi/lib/thumb/v7-m/nofp/libc_nano.a(libc_a-mprec.o)
                0x0800a840                __mcmp
 *fill*         0x0800a876        0x2 
 .text.__mdiff  0x0800a878      0x128 /opt/st/stm32cubeide_1.18.1/plugins/com.st.stm32cube.ide.mcu.externaltools.gnu-tools-for-stm32.13.3.rel1.linux64_1.0.0.202410170706/tools/bin/../lib/gcc/arm-none-eabi/13.3.1/../../../../arm-none-eabi/lib/thumb/v7-m/nofp/libc_nano.a(libc_a-mprec.o)
                0x0800a878                __mdiff
 .text.__d2b    0x0800a9a0       0xb0 /opt/st/stm32cubeide_1.18.1/plugins/com.st.stm32cube.ide.mcu.externaltools.gnu-tools-for-stm32.13.3.rel1.linux64_1.0.0.202410170706/tools/bin/../lib/gcc/arm-none-eabi/13.3.1/../../../../arm-none-eabi/lib/thumb/v7-m/nofp/libc_nano.a(libc_a-mprec.o)
                0x0800a9a0                __d2b
 .text.__ssputs_r
                0x0800aa50       0xb6 /opt/st/stm32cubeide_1.18.1/plugins/com.st.stm32cube.ide.mcu.externaltools.gnu-tools-for-stm32.13.3.rel1.linux64_1.0.0.202410170706/tools/bin/../lib/gcc/arm-none-eabi/13.3.1/../../../../arm-none-eabi/lib/thumb/v7-m/nofp/libc_nano.a(libc_a-nano-svfprintf.o)
                0x0800aa50                __ssputs_r
 *fill*         0x0800ab06        0x2 
 .text._svfprintf_r
                0x0800ab08      0x1f8 /opt/st/stm32cubeide_1.18.1/plugins/com.st.stm32cube.ide.mcu.externaltools.gnu-tools-for-stm32.13.3.rel1.linux64_1.0.0.202410170706/tools/bin/../lib/gcc/arm-none-eabi/13.3.1/../../../../arm-none-eabi/lib/thumb/v7-m/nofp/libc_nano.a(libc_a-nano-svfprintf.o)
                0x0800ab08                _svfprintf_r
                0x0800ab08                _svfiprintf_r
 .text.__sflush_r
                0x0800ad00      0x100 /opt/st/stm32cubeide_1.18.1/plugins/com.st.stm32cube.ide.mcu.externaltools.gnu-tools-for-stm32.13.3.rel1.linux64_1.0.0.202410170706/tools/bin/../lib/gcc/arm-none-eabi/13.3.1/../../../../arm-none-eabi/lib/thumb/v7-m/nofp/libc_nano.a(libc_a-fflush.o)
                0x0800ad00                __sflush_r
 .text._fflush_r
                0x0800ae00       0x50 /opt/st/stm32cubeide_1.18.1/plugins/com.st.stm32cube.ide.mcu.externaltools.gnu-tools-for-stm32.13.3.rel1.linux64_1.0.0.202410170706/tools/bin/../lib/gcc/arm-none-eabi/13.3.1/../../../../arm-none-eabi/lib/thumb/v7-m/nofp/libc_nano.a(libc_a-fflush.o)
                0x0800ae00                _fflush_r
 .text.memmove  0x0800ae50       0x34 /opt/st/stm32cubeide_1.18.1/plugins/com.st.stm32cube.ide.mcu.externaltools.gnu-tools-for-stm32.13.3.rel1.linux64_1.0.0.202410170706/tools/bin/../lib/gcc/arm-none-eabi/13.3.1/../../../../arm-none-eabi/lib/thumb/v7-m/nofp/libc_nano.a(libc_a-memmove.o)
                0x0800ae50                memmove
 .text._sbrk_r  0x0800ae84       0x20 /opt/st/stm32cubeide_1.18.1/plugins/com.st.stm32cube.ide.mcu.externaltools.gnu-tools-for-stm32.13.3.rel1.linux64_1.0.0.202410170706/tools/bin/../lib/gcc/arm-none-eabi/13.3.1/../../../../arm-none-eabi/lib/thumb/v7-m/nofp/libc_nano.a(libc_a-sbrkr.o)
                0x0800ae84                _sbrk_r
 .text.__assert_func
                0x0800aea4       0x3c /opt/st/stm32cubeide_1.18.1/plugins/com.st.stm32cube.ide.mcu.externaltools.gnu-tools-for-stm32.13.3.rel1.linux64_1.0.0.202410170706/tools/bin/../lib/gcc/arm-none-eabi/13.3.1/../../../../arm-none-eabi/lib/thumb/v7-m/nofp/libc_nano.a(libc_a-assert.o)
                0x0800aea4                __assert_func
 .text._calloc_r
                0x0800aee0       0x28 /opt/st/stm32cubeide_1.18.1/plugins/com.st.stm32cube.ide.mcu.externaltools.gnu-tools-for-stm32.13.3.rel1.linux64_1.0.0.202410170706/tools/bin/../lib/gcc/arm-none-eabi/13.3.1/../../../../arm-none-eabi/lib/thumb/v7-m/nofp/libc_nano.a(libc_a-callocr.o)
                0x0800aee0                _calloc_r
 .text.__ascii_mbtowc
                0x0800af08       0x24 /opt/st/stm32cubeide_1.18.1/plugins/com.st.stm32cube.ide.mcu.externaltools.gnu-tools-for-stm32.13.3.rel1.linux64_1.0.0.202410170706/tools/bin/../lib/gcc/arm-none-eabi/13.3.1/../../../../arm-none-eabi/lib/thumb/v7-m/nofp/libc_nano.a(libc_a-mbtowc_r.o)
                0x0800af08                __ascii_mbtowc
 .text._realloc_r
                0x0800af2c       0x5c /opt/st/stm32cubeide_1.18.1/plugins/com.st.stm32cube.ide.mcu.externaltools.gnu-tools-for-stm32.13.3.rel1.linux64_1.0.0.202410170706/tools/bin/../lib/gcc/arm-none-eabi/13.3.1/../../../../arm-none-eabi/lib/thumb/v7-m/nofp/libc_nano.a(libc_a-reallocr.o)
                0x0800af2c                _realloc_r
 .text.__ascii_wctomb
                0x0800af88       0x1a /opt/st/stm32cubeide_1.18.1/plugins/com.st.stm32cube.ide.mcu.externaltools.gnu-tools-for-stm32.13.3.rel1.linux64_1.0.0.202410170706/tools/bin/../lib/gcc/arm-none-eabi/13.3.1/../../../../arm-none-eabi/lib/thumb/v7-m/nofp/libc_nano.a(libc_a-wctomb_r.o)
                0x0800af88                __ascii_wctomb
 *fill*         0x0800afa2        0x2 
 .text.fprintf  0x0800afa4       0x24 /opt/st/stm32cubeide_1.18.1/plugins/com.st.stm32cube.ide.mcu.externaltools.gnu-tools-for-stm32.13.3.rel1.linux64_1.0.0.202410170706/tools/bin/../lib/gcc/arm-none-eabi/13.3.1/../../../../arm-none-eabi/lib/thumb/v7-m/nofp/libc_nano.a(libc_a-fprintf.o)
                0x0800afa4                fprintf
                0x0800afa4                fiprintf
 .text.abort    0x0800afc8        0xe /opt/st/stm32cubeide_1.18.1/plugins/com.st.stm32cube.ide.mcu.externaltools.gnu-tools-for-stm32.13.3.rel1.linux64_1.0.0.202410170706/tools/bin/../lib/gcc/arm-none-eabi/13.3.1/../../../../arm-none-eabi/lib/thumb/v7-m/nofp/libc_nano.a(libc_a-abort.o)
                0x0800afc8                abort
 .text._malloc_usable_size_r
                0x0800afd6       0x10 /opt/st/stm32cubeide_1.18.1/plugins/com.st.stm32cube.ide.mcu.externaltools.gnu-tools-for-stm32.13.3.rel1.linux64_1.0.0.202410170706/tools/bin/../lib/gcc/arm-none-eabi/13.3.1/../../../../arm-none-eabi/lib/thumb/v7-m/nofp/libc_nano.a(libc_a-msizer.o)
                0x0800afd6                _malloc_usable_size_r
 .text.__sfputc_r
                0x0800afe6       0x2a /opt/st/stm32cubeide_1.18.1/plugins/com.st.stm32cube.ide.mcu.externaltools.gnu-tools-for-stm32.13.3.rel1.linux64_1.0.0.202410170706/tools/bin/../lib/gcc/arm-none-eabi/13.3.1/../../../../arm-none-eabi/lib/thumb/v7-m/nofp/libc_nano.a(libc_a-nano-vfprintf.o)
 .text.__sfputs_r
                0x0800b010       0x24 /opt/st/stm32cubeide_1.18.1/plugins/com.st.stm32cube.ide.mcu.externaltools.gnu-tools-for-stm32.13.3.rel1.linux64_1.0.0.202410170706/tools/bin/../lib/gcc/arm-none-eabi/13.3.1/../../../../arm-none-eabi/lib/thumb/v7-m/nofp/libc_nano.a(libc_a-nano-vfprintf.o)
                0x0800b010                __sfputs_r
 .text._vfprintf_r
                0x0800b034      0x230 /opt/st/stm32cubeide_1.18.1/plugins/com.st.stm32cube.ide.mcu.externaltools.gnu-tools-for-stm32.13.3.rel1.linux64_1.0.0.202410170706/tools/bin/../lib/gcc/arm-none-eabi/13.3.1/../../../../arm-none-eabi/lib/thumb/v7-m/nofp/libc_nano.a(libc_a-nano-vfprintf.o)
                0x0800b034                _vfiprintf_r
                0x0800b034                _vfprintf_r
 .text.__swbuf_r
                0x0800b264       0x7c /opt/st/stm32cubeide_1.18.1/plugins/com.st.stm32cube.ide.mcu.externaltools.gnu-tools-for-stm32.13.3.rel1.linux64_1.0.0.202410170706/tools/bin/../lib/gcc/arm-none-eabi/13.3.1/../../../../arm-none-eabi/lib/thumb/v7-m/nofp/libc_nano.a(libc_a-wbuf.o)
                0x0800b264                __swbuf_r
 .text.__swsetup_r
                0x0800b2e0       0xac /opt/st/stm32cubeide_1.18.1/plugins/com.st.stm32cube.ide.mcu.externaltools.gnu-tools-for-stm32.13.3.rel1.linux64_1.0.0.202410170706/tools/bin/../lib/gcc/arm-none-eabi/13.3.1/../../../../arm-none-eabi/lib/thumb/v7-m/nofp/libc_nano.a(libc_a-wsetup.o)
                0x0800b2e0                __swsetup_r
 .text._raise_r
                0x0800b38c       0x50 /opt/st/stm32cubeide_1.18.1/plugins/com.st.stm32cube.ide.mcu.externaltools.gnu-tools-for-stm32.13.3.rel1.linux64_1.0.0.202410170706/tools/bin/../lib/gcc/arm-none-eabi/13.3.1/../../../../arm-none-eabi/lib/thumb/v7-m/nofp/libc_nano.a(libc_a-signal.o)
                0x0800b38c                _raise_r
 .text.raise    0x0800b3dc       0x10 /opt/st/stm32cubeide_1.18.1/plugins/com.st.stm32cube.ide.mcu.externaltools.gnu-tools-for-stm32.13.3.rel1.linux64_1.0.0.202410170706/tools/bin/../lib/gcc/arm-none-eabi/13.3.1/../../../../arm-none-eabi/lib/thumb/v7-m/nofp/libc_nano.a(libc_a-signal.o)
                0x0800b3dc                raise
 .text._kill_r  0x0800b3ec       0x24 /opt/st/stm32cubeide_1.18.1/plugins/com.st.stm32cube.ide.mcu.externaltools.gnu-tools-for-stm32.13.3.rel1.linux64_1.0.0.202410170706/tools/bin/../lib/gcc/arm-none-eabi/13.3.1/../../../../arm-none-eabi/lib/thumb/v7-m/nofp/libc_nano.a(libc_a-signalr.o)
                0x0800b3ec                _kill_r
 .text._getpid_r
                0x0800b410        0x4 /opt/st/stm32cubeide_1.18.1/plugins/com.st.stm32cube.ide.mcu.externaltools.gnu-tools-for-stm32.13.3.rel1.linux64_1.0.0.202410170706/tools/bin/../lib/gcc/arm-none-eabi/13.3.1/../../../../arm-none-eabi/lib/thumb/v7-m/nofp/libc_nano.a(libc_a-signalr.o)
                0x0800b410                _getpid_r
 .text.__swhatbuf_r
                0x0800b414       0x4a /opt/st/stm32cubeide_1.18.1/plugins/com.st.stm32cube.ide.mcu.externaltools.gnu-tools-for-stm32.13.3.rel1.linux64_1.0.0.202410170706/tools/bin/../lib/gcc/arm-none-eabi/13.3.1/../../../../arm-none-eabi/lib/thumb/v7-m/nofp/libc_nano.a(libc_a-makebuf.o)
                0x0800b414                __swhatbuf_r
 .text.__smakebuf_r
                0x0800b45e       0x78 /opt/st/stm32cubeide_1.18.1/plugins/com.st.stm32cube.ide.mcu.externaltools.gnu-tools-for-stm32.13.3.rel1.linux64_1.0.0.202410170706/tools/bin/../lib/gcc/arm-none-eabi/13.3.1/../../../../arm-none-eabi/lib/thumb/v7-m/nofp/libc_nano.a(libc_a-makebuf.o)
                0x0800b45e                __smakebuf_r
 *fill*         0x0800b4d6        0x2 
 .text._fstat_r
                0x0800b4d8       0x24 /opt/st/stm32cubeide_1.18.1/plugins/com.st.stm32cube.ide.mcu.externaltools.gnu-tools-for-stm32.13.3.rel1.linux64_1.0.0.202410170706/tools/bin/../lib/gcc/arm-none-eabi/13.3.1/../../../../arm-none-eabi/lib/thumb/v7-m/nofp/libc_nano.a(libc_a-fstatr.o)
                0x0800b4d8                _fstat_r
 .text._isatty_r
                0x0800b4fc       0x20 /opt/st/stm32cubeide_1.18.1/plugins/com.st.stm32cube.ide.mcu.externaltools.gnu-tools-for-stm32.13.3.rel1.linux64_1.0.0.202410170706/tools/bin/../lib/gcc/arm-none-eabi/13.3.1/../../../../arm-none-eabi/lib/thumb/v7-m/nofp/libc_nano.a(libc_a-isattyr.o)
                0x0800b4fc                _isatty_r
 .text.asinf    0x0800b51c       0x40 /opt/st/stm32cubeide_1.18.1/plugins/com.st.stm32cube.ide.mcu.externaltools.gnu-tools-for-stm32.13.3.rel1.linux64_1.0.0.202410170706/tools/bin/../lib/gcc/arm-none-eabi/13.3.1/../../../../arm-none-eabi/lib/thumb/v7-m/nofp/libm.a(libm_a-wf_asin.o)
                0x0800b51c                asinf
 .text.atan2f   0x0800b55c        0x4 /opt/st/stm32cubeide_1.18.1/plugins/com.st.stm32cube.ide.mcu.externaltools.gnu-tools-for-stm32.13.3.rel1.linux64_1.0.0.202410170706/tools/bin/../lib/gcc/arm-none-eabi/13.3.1/../../../../arm-none-eabi/lib/thumb/v7-m/nofp/libm.a(libm_a-wf_atan2.o)
                0x0800b55c                atan2f
 .text.fabsf    0x0800b560        0x6 /opt/st/stm32cubeide_1.18.1/plugins/com.st.stm32cube.ide.mcu.externaltools.gnu-tools-for-stm32.13.3.rel1.linux64_1.0.0.202410170706/tools/bin/../lib/gcc/arm-none-eabi/13.3.1/../../../../arm-none-eabi/lib/thumb/v7-m/nofp/libm.a(libm_a-sf_fabs.o)
                0x0800b560                fabsf
 *fill*         0x0800b566        0x2 
 .text.nanf     0x0800b568        0x8 /opt/st/stm32cubeide_1.18.1/plugins/com.st.stm32cube.ide.mcu.externaltools.gnu-tools-for-stm32.13.3.rel1.linux64_1.0.0.202410170706/tools/bin/../lib/gcc/arm-none-eabi/13.3.1/../../../../arm-none-eabi/lib/thumb/v7-m/nofp/libm.a(libm_a-sf_nan.o)
                0x0800b568                nanf
 .text.__ieee754_asinf
                0x0800b570      0x284 /opt/st/stm32cubeide_1.18.1/plugins/com.st.stm32cube.ide.mcu.externaltools.gnu-tools-for-stm32.13.3.rel1.linux64_1.0.0.202410170706/tools/bin/../lib/gcc/arm-none-eabi/13.3.1/../../../../arm-none-eabi/lib/thumb/v7-m/nofp/libm.a(libm_a-ef_asin.o)
                0x0800b570                __ieee754_asinf
 .text.__ieee754_atan2f
                0x0800b7f4      0x110 /opt/st/stm32cubeide_1.18.1/plugins/com.st.stm32cube.ide.mcu.externaltools.gnu-tools-for-stm32.13.3.rel1.linux64_1.0.0.202410170706/tools/bin/../lib/gcc/arm-none-eabi/13.3.1/../../../../arm-none-eabi/lib/thumb/v7-m/nofp/libm.a(libm_a-ef_atan2.o)
                0x0800b7f4                __ieee754_atan2f
 .text.atanf    0x0800b904      0x218 /opt/st/stm32cubeide_1.18.1/plugins/com.st.stm32cube.ide.mcu.externaltools.gnu-tools-for-stm32.13.3.rel1.linux64_1.0.0.202410170706/tools/bin/../lib/gcc/arm-none-eabi/13.3.1/../../../../arm-none-eabi/lib/thumb/v7-m/nofp/libm.a(libm_a-sf_atan.o)
                0x0800b904                atanf
 .text.__ieee754_sqrtf
                0x0800bb1c       0xe0 /opt/st/stm32cubeide_1.18.1/plugins/com.st.stm32cube.ide.mcu.externaltools.gnu-tools-for-stm32.13.3.rel1.linux64_1.0.0.202410170706/tools/bin/../lib/gcc/arm-none-eabi/13.3.1/../../../../arm-none-eabi/lib/thumb/v7-m/nofp/libm.a(libm_a-ef_sqrt.o)
                0x0800bb1c                __ieee754_sqrtf
 *(.glue_7)
 .glue_7        0x0800bbfc        0x0 linker stubs
 *(.glue_7t)
 .glue_7t       0x0800bbfc        0x0 linker stubs
 *(.eh_frame)
 .eh_frame      0x0800bbfc        0x0 /opt/st/stm32cubeide_1.18.1/plugins/com.st.stm32cube.ide.mcu.externaltools.gnu-tools-for-stm32.13.3.rel1.linux64_1.0.0.202410170706/tools/bin/../lib/gcc/arm-none-eabi/13.3.1/thumb/v7-m/nofp/crtbegin.o
 *(.init)
 .init          0x0800bbfc        0x4 /opt/st/stm32cubeide_1.18.1/plugins/com.st.stm32cube.ide.mcu.externaltools.gnu-tools-for-stm32.13.3.rel1.linux64_1.0.0.202410170706/tools/bin/../lib/gcc/arm-none-eabi/13.3.1/thumb/v7-m/nofp/crti.o
                0x0800bbfc                _init
 .init          0x0800bc00        0x8 /opt/st/stm32cubeide_1.18.1/plugins/com.st.stm32cube.ide.mcu.externaltools.gnu-tools-for-stm32.13.3.rel1.linux64_1.0.0.202410170706/tools/bin/../lib/gcc/arm-none-eabi/13.3.1/thumb/v7-m/nofp/crtn.o
 *(.fini)
 .fini          0x0800bc08        0x4 /opt/st/stm32cubeide_1.18.1/plugins/com.st.stm32cube.ide.mcu.externaltools.gnu-tools-for-stm32.13.3.rel1.linux64_1.0.0.202410170706/tools/bin/../lib/gcc/arm-none-eabi/13.3.1/thumb/v7-m/nofp/crti.o
                0x0800bc08                _fini
 .fini          0x0800bc0c        0x8 /opt/st/stm32cubeide_1.18.1/plugins/com.st.stm32cube.ide.mcu.externaltools.gnu-tools-for-stm32.13.3.rel1.linux64_1.0.0.202410170706/tools/bin/../lib/gcc/arm-none-eabi/13.3.1/thumb/v7-m/nofp/crtn.o
                0x0800bc14                        . = ALIGN (0x4)
                0x0800bc14                        _etext = .

.vfp11_veneer   0x0800bc14        0x0
 .vfp11_veneer  0x0800bc14        0x0 linker stubs

.v4_bx          0x0800bc14        0x0
 .v4_bx         0x0800bc14        0x0 linker stubs

.iplt           0x0800bc14        0x0
 .iplt          0x0800bc14        0x0 /opt/st/stm32cubeide_1.18.1/plugins/com.st.stm32cube.ide.mcu.externaltools.gnu-tools-for-stm32.13.3.rel1.linux64_1.0.0.202410170706/tools/bin/../lib/gcc/arm-none-eabi/13.3.1/thumb/v7-m/nofp/crtbegin.o

.rodata         0x0800bc18      0x4b4
                0x0800bc18                        . = ALIGN (0x4)
 *(.rodata)
 .rodata        0x0800bc18       0x4c ./Core/Src/bno08x/sh2.o
 .rodata        0x0800bc64        0x8 ./Core/Src/bno08x/shtp.o
 .rodata        0x0800bc6c       0x3b ./Core/Src/bno08x/telemetry.o
 *fill*         0x0800bca7        0x1 
 .rodata        0x0800bca8       0x36 ./Core/Src/main.o
 *(.rodata*)
 *fill*         0x0800bcde        0x2 
 .rodata.setSensorConfigOp
                0x0800bce0        0xc ./Core/Src/bno08x/sh2.o
                0x0800bce0                setSensorConfigOp
 .rodata.advertise
                0x0800bcec        0x2 ./Core/Src/bno08x/shtp.o
 *fill*         0x0800bcee        0x2 
 .rodata.AHBPrescTable
                0x0800bcf0       0x10 ./Core/Src/system_stm32f1xx.o
                0x0800bcf0                AHBPrescTable
 .rodata.APBPrescTable
                0x0800bd00        0x8 ./Core/Src/system_stm32f1xx.o
                0x0800bd00                APBPrescTable
 .rodata.aPLLMULFactorTable.1
                0x0800bd08       0x10 ./Drivers/STM32F1xx_HAL_Driver/Src/stm32f1xx_hal_rcc.o
 .rodata.aPredivFactorTable.0
                0x0800bd18        0x2 ./Drivers/STM32F1xx_HAL_Driver/Src/stm32f1xx_hal_rcc.o
 .rodata._printf_float.str1.1
                0x0800bd1a      0x171 /opt/st/stm32cubeide_1.18.1/plugins/com.st.stm32cube.ide.mcu.externaltools.gnu-tools-for-stm32.13.3.rel1.linux64_1.0.0.202410170706/tools/bin/../lib/gcc/arm-none-eabi/13.3.1/../../../../arm-none-eabi/lib/thumb/v7-m/nofp/libc_nano.a(libc_a-nano-vfprintf_float.o)
                                 0x12 (size before relaxing)
 .rodata._printf_i.str1.1
                0x0800be8b       0x22 /opt/st/stm32cubeide_1.18.1/plugins/com.st.stm32cube.ide.mcu.externaltools.gnu-tools-for-stm32.13.3.rel1.linux64_1.0.0.202410170706/tools/bin/../lib/gcc/arm-none-eabi/13.3.1/../../../../arm-none-eabi/lib/thumb/v7-m/nofp/libc_nano.a(libc_a-nano-vfprintf_i.o)
 .rodata._dtoa_r.str1.1
                0x0800be8b       0x8f /opt/st/stm32cubeide_1.18.1/plugins/com.st.stm32cube.ide.mcu.externaltools.gnu-tools-for-stm32.13.3.rel1.linux64_1.0.0.202410170706/tools/bin/../lib/gcc/arm-none-eabi/13.3.1/../../../../arm-none-eabi/lib/thumb/v7-m/nofp/libc_nano.a(libc_a-dtoa.o)
 .rodata._Balloc.str1.1
                0x0800be8b       0x70 /opt/st/stm32cubeide_1.18.1/plugins/com.st.stm32cube.ide.mcu.externaltools.gnu-tools-for-stm32.13.3.rel1.linux64_1.0.0.202410170706/tools/bin/../lib/gcc/arm-none-eabi/13.3.1/../../../../arm-none-eabi/lib/thumb/v7-m/nofp/libc_nano.a(libc_a-mprec.o)
 .rodata.__multadd.str1.1
                0x0800be8b       0x11 /opt/st/stm32cubeide_1.18.1/plugins/com.st.stm32cube.ide.mcu.externaltools.gnu-tools-for-stm32.13.3.rel1.linux64_1.0.0.202410170706/tools/bin/../lib/gcc/arm-none-eabi/13.3.1/../../../../arm-none-eabi/lib/thumb/v7-m/nofp/libc_nano.a(libc_a-mprec.o)
 *fill*         0x0800be8b        0x1 
 .rodata.p05.0  0x0800be8c        0xc /opt/st/stm32cubeide_1.18.1/plugins/com.st.stm32cube.ide.mcu.externaltools.gnu-tools-for-stm32.13.3.rel1.linux64_1.0.0.202410170706/tools/bin/../lib/gcc/arm-none-eabi/13.3.1/../../../../arm-none-eabi/lib/thumb/v7-m/nofp/libc_nano.a(libc_a-mprec.o)
 .rodata.__mprec_bigtens
                0x0800be98       0x28 /opt/st/stm32cubeide_1.18.1/plugins/com.st.stm32cube.ide.mcu.externaltools.gnu-tools-for-stm32.13.3.rel1.linux64_1.0.0.202410170706/tools/bin/../lib/gcc/arm-none-eabi/13.3.1/../../../../arm-none-eabi/lib/thumb/v7-m/nofp/libc_nano.a(libc_a-mprec.o)
                0x0800be98                __mprec_bigtens
 .rodata.__mprec_tens
                0x0800bec0       0xc8 /opt/st/stm32cubeide_1.18.1/plugins/com.st.stm32cube.ide.mcu.externaltools.gnu-tools-for-stm32.13.3.rel1.linux64_1.0.0.202410170706/tools/bin/../lib/gcc/arm-none-eabi/13.3.1/../../../../arm-none-eabi/lib/thumb/v7-m/nofp/libc_nano.a(libc_a-mprec.o)
                0x0800bec0                __mprec_tens
 .rodata._svfprintf_r.str1.1
                0x0800bf88       0x11 /opt/st/stm32cubeide_1.18.1/plugins/com.st.stm32cube.ide.mcu.externaltools.gnu-tools-for-stm32.13.3.rel1.linux64_1.0.0.202410170706/tools/bin/../lib/gcc/arm-none-eabi/13.3.1/../../../../arm-none-eabi/lib/thumb/v7-m/nofp/libc_nano.a(libc_a-nano-svfprintf.o)
 .rodata._setlocale_r.str1.1
                0x0800bf88        0x9 /opt/st/stm32cubeide_1.18.1/plugins/com.st.stm32cube.ide.mcu.externaltools.gnu-tools-for-stm32.13.3.rel1.linux64_1.0.0.202410170706/tools/bin/../lib/gcc/arm-none-eabi/13.3.1/../../../../arm-none-eabi/lib/thumb/v7-m/nofp/libc_nano.a(libc_a-locale.o)
 .rodata.str1.1
                0x0800bf88        0x2 /opt/st/stm32cubeide_1.18.1/plugins/com.st.stm32cube.ide.mcu.externaltools.gnu-tools-for-stm32.13.3.rel1.linux64_1.0.0.202410170706/tools/bin/../lib/gcc/arm-none-eabi/13.3.1/../../../../arm-none-eabi/lib/thumb/v7-m/nofp/libc_nano.a(libc_a-locale.o)
 .rodata.__assert_func.str1.1
                0x0800bf88       0x3d /opt/st/stm32cubeide_1.18.1/plugins/com.st.stm32cube.ide.mcu.externaltools.gnu-tools-for-stm32.13.3.rel1.linux64_1.0.0.202410170706/tools/bin/../lib/gcc/arm-none-eabi/13.3.1/../../../../arm-none-eabi/lib/thumb/v7-m/nofp/libc_nano.a(libc_a-assert.o)
 .rodata._ctype_
                0x0800bf88      0x101 /opt/st/stm32cubeide_1.18.1/plugins/com.st.stm32cube.ide.mcu.externaltools.gnu-tools-for-stm32.13.3.rel1.linux64_1.0.0.202410170706/tools/bin/../lib/gcc/arm-none-eabi/13.3.1/../../../../arm-none-eabi/lib/thumb/v7-m/nofp/libc_nano.a(libc_a-ctype_.o)
                0x0800bf88                _ctype_
 .rodata._vfprintf_r.str1.1
                0x0800c089       0x11 /opt/st/stm32cubeide_1.18.1/plugins/com.st.stm32cube.ide.mcu.externaltools.gnu-tools-for-stm32.13.3.rel1.linux64_1.0.0.202410170706/tools/bin/../lib/gcc/arm-none-eabi/13.3.1/../../../../arm-none-eabi/lib/thumb/v7-m/nofp/libc_nano.a(libc_a-nano-vfprintf.o)
 .rodata.asinf.str1.1
                0x0800c089        0x1 /opt/st/stm32cubeide_1.18.1/plugins/com.st.stm32cube.ide.mcu.externaltools.gnu-tools-for-stm32.13.3.rel1.linux64_1.0.0.202410170706/tools/bin/../lib/gcc/arm-none-eabi/13.3.1/../../../../arm-none-eabi/lib/thumb/v7-m/nofp/libm.a(libm_a-wf_asin.o)
 *fill*         0x0800c089        0x3 
 .rodata.CSWTCH.9
                0x0800c08c        0xc /opt/st/stm32cubeide_1.18.1/plugins/com.st.stm32cube.ide.mcu.externaltools.gnu-tools-for-stm32.13.3.rel1.linux64_1.0.0.202410170706/tools/bin/../lib/gcc/arm-none-eabi/13.3.1/../../../../arm-none-eabi/lib/thumb/v7-m/nofp/libm.a(libm_a-ef_atan2.o)
 .rodata.CSWTCH.8
                0x0800c098        0xc /opt/st/stm32cubeide_1.18.1/plugins/com.st.stm32cube.ide.mcu.externaltools.gnu-tools-for-stm32.13.3.rel1.linux64_1.0.0.202410170706/tools/bin/../lib/gcc/arm-none-eabi/13.3.1/../../../../arm-none-eabi/lib/thumb/v7-m/nofp/libm.a(libm_a-ef_atan2.o)
 .rodata.atanlo
                0x0800c0a4       0x10 /opt/st/stm32cubeide_1.18.1/plugins/com.st.stm32cube.ide.mcu.externaltools.gnu-tools-for-stm32.13.3.rel1.linux64_1.0.0.202410170706/tools/bin/../lib/gcc/arm-none-eabi/13.3.1/../../../../arm-none-eabi/lib/thumb/v7-m/nofp/libm.a(libm_a-sf_atan.o)
 .rodata.atanhi
                0x0800c0b4       0x10 /opt/st/stm32cubeide_1.18.1/plugins/com.st.stm32cube.ide.mcu.externaltools.gnu-tools-for-stm32.13.3.rel1.linux64_1.0.0.202410170706/tools/bin/../lib/gcc/arm-none-eabi/13.3.1/../../../../arm-none-eabi/lib/thumb/v7-m/nofp/libm.a(libm_a-sf_atan.o)
 .rodata.tiny   0x0800c0c4        0x4 /opt/st/stm32cubeide_1.18.1/plugins/com.st.stm32cube.ide.mcu.externaltools.gnu-tools-for-stm32.13.3.rel1.linux64_1.0.0.202410170706/tools/bin/../lib/gcc/arm-none-eabi/13.3.1/../../../../arm-none-eabi/lib/thumb/v7-m/nofp/libm.a(libm_a-ef_sqrt.o)
 .rodata.one    0x0800c0c8        0x4 /opt/st/stm32cubeide_1.18.1/plugins/com.st.stm32cube.ide.mcu.externaltools.gnu-tools-for-stm32.13.3.rel1.linux64_1.0.0.202410170706/tools/bin/../lib/gcc/arm-none-eabi/13.3.1/../../../../arm-none-eabi/lib/thumb/v7-m/nofp/libm.a(libm_a-ef_sqrt.o)
                0x0800c0cc                        . = ALIGN (0x4)

.ARM.extab      0x0800c0cc        0x0
                0x0800c0cc                        . = ALIGN (0x4)
 *(.ARM.extab* .gnu.linkonce.armextab.*)
                0x0800c0cc                        . = ALIGN (0x4)

.ARM            0x0800c0cc        0x8
                0x0800c0cc                        . = ALIGN (0x4)
                0x0800c0cc                        __exidx_start = .
 *(.ARM.exidx*)
 .ARM.exidx     0x0800c0cc        0x8 /opt/st/stm32cubeide_1.18.1/plugins/com.st.stm32cube.ide.mcu.externaltools.gnu-tools-for-stm32.13.3.rel1.linux64_1.0.0.202410170706/tools/bin/../lib/gcc/arm-none-eabi/13.3.1/../../../../arm-none-eabi/lib/thumb/v7-m/nofp/libc_nano.a(libc_a-strcmp.o)
 .ARM.exidx     0x0800c0d4        0x0 /opt/st/stm32cubeide_1.18.1/plugins/com.st.stm32cube.ide.mcu.externaltools.gnu-tools-for-stm32.13.3.rel1.linux64_1.0.0.202410170706/tools/bin/../lib/gcc/arm-none-eabi/13.3.1/../../../../arm-none-eabi/lib/thumb/v7-m/nofp/libc_nano.a(libc_a-strlen.o)
                                  0x8 (size before relaxing)
                0x0800c0d4                        __exidx_end = .
                0x0800c0d4                        . = ALIGN (0x4)

.preinit_array  0x0800c0d4        0x0
                0x0800c0d4                        . = ALIGN (0x4)
                0x0800c0d4                        PROVIDE (__preinit_array_start = .)
 *(.preinit_array*)
                0x0800c0d4                        PROVIDE (__preinit_array_end = .)
                0x0800c0d4                        . = ALIGN (0x4)

.init_array     0x0800c0d4        0x4
                0x0800c0d4                        . = ALIGN (0x4)
                0x0800c0d4                        PROVIDE (__init_array_start = .)
 *(SORT_BY_NAME(.init_array.*))
 *(.init_array*)
 .init_array    0x0800c0d4        0x4 /opt/st/stm32cubeide_1.18.1/plugins/com.st.stm32cube.ide.mcu.externaltools.gnu-tools-for-stm32.13.3.rel1.linux64_1.0.0.202410170706/tools/bin/../lib/gcc/arm-none-eabi/13.3.1/thumb/v7-m/nofp/crtbegin.o
                0x0800c0d8                        PROVIDE (__init_array_end = .)
                0x0800c0d8                        . = ALIGN (0x4)

.fini_array     0x0800c0d8        0x4
                0x0800c0d8                        . = ALIGN (0x4)
                [!provide]                        PROVIDE (__fini_array_start = .)
 *(SORT_BY_NAME(.fini_array.*))
 *(.fini_array*)
 .fini_array    0x0800c0d8        0x4 /opt/st/stm32cubeide_1.18.1/plugins/com.st.stm32cube.ide.mcu.externaltools.gnu-tools-for-stm32.13.3.rel1.linux64_1.0.0.202410170706/tools/bin/../lib/gcc/arm-none-eabi/13.3.1/thumb/v7-m/nofp/crtbegin.o
                [!provide]                        PROVIDE (__fini_array_end = .)
                0x0800c0dc                        . = ALIGN (0x4)
                0x0800c0dc                        _sidata = LOADADDR (.data)

.rel.dyn        0x0800c0dc        0x0
 .rel.iplt      0x0800c0dc        0x0 /opt/st/stm32cubeide_1.18.1/plugins/com.st.stm32cube.ide.mcu.externaltools.gnu-tools-for-stm32.13.3.rel1.linux64_1.0.0.202410170706/tools/bin/../lib/gcc/arm-none-eabi/13.3.1/thumb/v7-m/nofp/crtbegin.o

.data           0x20000000      0x1d4 load address 0x0800c0dc
                0x20000000                        . = ALIGN (0x4)
                0x20000000                        _sdata = .
 *(.data)
 *(.data*)
 .data.SystemCoreClock
                0x20000000        0x4 ./Core/Src/system_stm32f1xx.o
                0x20000000                SystemCoreClock
 .data.uwTickPrio
                0x20000004        0x4 ./Drivers/STM32F1xx_HAL_Driver/Src/stm32f1xx_hal.o
                0x20000004                uwTickPrio
 .data.uwTickFreq
                0x20000008        0x1 ./Drivers/STM32F1xx_HAL_Driver/Src/stm32f1xx_hal.o
                0x20000008                uwTickFreq
 *fill*         0x20000009        0x3 
 .data.__sglue  0x2000000c        0xc /opt/st/stm32cubeide_1.18.1/plugins/com.st.stm32cube.ide.mcu.externaltools.gnu-tools-for-stm32.13.3.rel1.linux64_1.0.0.202410170706/tools/bin/../lib/gcc/arm-none-eabi/13.3.1/../../../../arm-none-eabi/lib/thumb/v7-m/nofp/libc_nano.a(libc_a-findfp.o)
                0x2000000c                __sglue
 .data._impure_ptr
                0x20000018        0x4 /opt/st/stm32cubeide_1.18.1/plugins/com.st.stm32cube.ide.mcu.externaltools.gnu-tools-for-stm32.13.3.rel1.linux64_1.0.0.202410170706/tools/bin/../lib/gcc/arm-none-eabi/13.3.1/../../../../arm-none-eabi/lib/thumb/v7-m/nofp/libc_nano.a(libc_a-impure.o)
                0x20000018                _impure_ptr
 .data._impure_data
                0x2000001c       0x4c /opt/st/stm32cubeide_1.18.1/plugins/com.st.stm32cube.ide.mcu.externaltools.gnu-tools-for-stm32.13.3.rel1.linux64_1.0.0.202410170706/tools/bin/../lib/gcc/arm-none-eabi/13.3.1/../../../../arm-none-eabi/lib/thumb/v7-m/nofp/libc_nano.a(libc_a-impure.o)
                0x2000001c                _impure_data
 .data.__global_locale
                0x20000068      0x16c /opt/st/stm32cubeide_1.18.1/plugins/com.st.stm32cube.ide.mcu.externaltools.gnu-tools-for-stm32.13.3.rel1.linux64_1.0.0.202410170706/tools/bin/../lib/gcc/arm-none-eabi/13.3.1/../../../../arm-none-eabi/lib/thumb/v7-m/nofp/libc_nano.a(libc_a-locale.o)
                0x20000068                __global_locale
 *(.RamFunc)
 *(.RamFunc*)
                0x200001d4                        . = ALIGN (0x4)
                0x200001d4                        _edata = .

.igot.plt       0x200001d4        0x0 load address 0x0800c2b0
 .igot.plt      0x200001d4        0x0 /opt/st/stm32cubeide_1.18.1/plugins/com.st.stm32cube.ide.mcu.externaltools.gnu-tools-for-stm32.13.3.rel1.linux64_1.0.0.202410170706/tools/bin/../lib/gcc/arm-none-eabi/13.3.1/thumb/v7-m/nofp/crtbegin.o
                0x200001d4                        . = ALIGN (0x4)

.bss            0x200001d8      0xd38 load address 0x0800c2b0
                0x200001d8                        _sbss = .
                0x200001d8                        __bss_start__ = _sbss
 *(.bss)
 .bss           0x200001d8       0x1c /opt/st/stm32cubeide_1.18.1/plugins/com.st.stm32cube.ide.mcu.externaltools.gnu-tools-for-stm32.13.3.rel1.linux64_1.0.0.202410170706/tools/bin/../lib/gcc/arm-none-eabi/13.3.1/thumb/v7-m/nofp/crtbegin.o
 *(.bss*)
 .bss.period_value
                0x200001f4        0x4 ./Core/Src/bno08x/encoder.o
 .bss.duty_value
                0x200001f8        0x4 ./Core/Src/bno08x/encoder.o
 .bss.heading   0x200001fc        0x4 ./Core/Src/bno08x/imu.o
 .bss.roll      0x20000200        0x4 ./Core/Src/bno08x/imu.o
 .bss.pitch     0x20000204        0x4 ./Core/Src/bno08x/imu.o
 .bss.imu_status
                0x20000208        0x1 ./Core/Src/bno08x/imu.o
 *fill*         0x20000209        0x3 
 .bss.lin_ax    0x2000020c        0x4 ./Core/Src/bno08x/imu.o
 .bss.lin_ay    0x20000210        0x4 ./Core/Src/bno08x/imu.o
 .bss.lin_az    0x20000214        0x4 ./Core/Src/bno08x/imu.o
 .bss.velX_mm   0x20000218        0x4 ./Core/Src/bno08x/imu.o
 .bss.velY_mm   0x2000021c        0x4 ./Core/Src/bno08x/imu.o
 .bss.velZ_mm   0x20000220        0x4 ./Core/Src/bno08x/imu.o
 .bss.still_cnt
                0x20000224        0x2 ./Core/Src/bno08x/imu.o
 *fill*         0x20000226        0x2 
 .bss.posX_mm   0x20000228        0x4 ./Core/Src/bno08x/imu.o
 .bss.posY_mm   0x2000022c        0x4 ./Core/Src/bno08x/imu.o
 .bss.posZ_mm   0x20000230        0x4 ./Core/Src/bno08x/imu.o
 *fill*         0x20000234        0x4 
 .bss.last_linear_accel_timestamp_us
                0x20000238        0x8 ./Core/Src/bno08x/imu.o
 .bss._sh2      0x20000240      0x1fc ./Core/Src/bno08x/sh2.o
                0x20000240                _sh2
 .bss.sh2AsyncEvent
                0x2000043c       0x1c ./Core/Src/bno08x/sh2.o
 .bss.lastHostInt.1
                0x20000458        0x4 ./Core/Src/bno08x/sh2.o
 .bss.rollovers.0
                0x2000045c        0x4 ./Core/Src/bno08x/sh2.o
 .bss.i2c_error_count
                0x20000460        0x4 ./Core/Src/bno08x/sh2_hal.o
 .bss.write_retry_count
                0x20000464        0x4 ./Core/Src/bno08x/sh2_hal.o
 .bss.hal       0x20000468       0x14 ./Core/Src/bno08x/sh2_hal.o
 .bss.instances
                0x2000047c      0x834 ./Core/Src/bno08x/shtp.o
 .bss.shtp_initialized
                0x20000cb0        0x1 ./Core/Src/bno08x/shtp.o
 *fill*         0x20000cb1        0x3 
 .bss.g_systemState
                0x20000cb4       0x20 ./Core/Src/bno08x/system_state.o
                0x20000cb4                g_systemState
 .bss.hi2c1     0x20000cd4       0x54 ./Core/Src/i2c.o
                0x20000cd4                hi2c1
 .bss.power_on_reset
                0x20000d28        0x1 ./Core/Src/main.o
                0x20000d28                power_on_reset
 *fill*         0x20000d29        0x3 
 .bss.__sbrk_heap_end
                0x20000d2c        0x4 ./Core/Src/sysmem.o
 .bss.htim2     0x20000d30       0x48 ./Core/Src/tim.o
                0x20000d30                htim2
 .bss.huart3    0x20000d78       0x48 ./Core/Src/usart.o
                0x20000d78                huart3
 .bss.uwTick    0x20000dc0        0x4 ./Drivers/STM32F1xx_HAL_Driver/Src/stm32f1xx_hal.o
                0x20000dc0                uwTick
 .bss.__sf      0x20000dc4      0x138 /opt/st/stm32cubeide_1.18.1/plugins/com.st.stm32cube.ide.mcu.externaltools.gnu-tools-for-stm32.13.3.rel1.linux64_1.0.0.202410170706/tools/bin/../lib/gcc/arm-none-eabi/13.3.1/../../../../arm-none-eabi/lib/thumb/v7-m/nofp/libc_nano.a(libc_a-findfp.o)
                0x20000dc4                __sf
 .bss.__stdio_exit_handler
                0x20000efc        0x4 /opt/st/stm32cubeide_1.18.1/plugins/com.st.stm32cube.ide.mcu.externaltools.gnu-tools-for-stm32.13.3.rel1.linux64_1.0.0.202410170706/tools/bin/../lib/gcc/arm-none-eabi/13.3.1/../../../../arm-none-eabi/lib/thumb/v7-m/nofp/libc_nano.a(libc_a-findfp.o)
                0x20000efc                __stdio_exit_handler