2026-02-23 19:40:49,934 [INFO] Activator:176 - 


2026-02-23 19:40:49,935 [INFO] Activator:177 - !SESSION log4j initialized
2026-02-23 19:40:51,198 [INFO] LogOutputStream:77 - [STDOUT_REDIRECT] 
2026-02-23 19:40:52,496 [INFO] ApplicationProperties:184 - Using Application install path: /opt/st/stm32cubeide_1.18.1/plugins/com.st.stm32cube.common.mx_6.14.1.202504091515
2026-02-23 19:40:52,507 [INFO] DbMcusXml:78 - Set database path to: /opt/st/stm32cubeide_1.18.1/plugins/com.st.stm32cube.common.mx_6.14.1.202504091515//db//mcu/
2026-02-23 19:40:52,507 [INFO] ApiDb:274 - Set plugin database path to: /opt/st/stm32cubeide_1.18.1/plugins/com.st.stm32cube.common.mx_6.14.1.202504091515//db//plugins/boardmanager/
2026-02-23 19:40:52,508 [WARN] ApiDb:259 - Overriding images path with different value:  => /opt/st/stm32cubeide_1.18.1/plugins/com.st.stm32cube.common.mx_6.14.1.202504091515//db//plugins/mcufinder/images/
2026-02-23 19:40:52,510 [INFO] ApiDb:250 - Set database path to: /home/azul/.stmcufinder/plugins/mcufinder//mcu/
2026-02-23 19:40:52,511 [INFO] DbMcusAds:125 - Set database path to: /home/azul/.stmcufinder/plugins/mcufinder//mcu/
2026-02-23 19:40:52,512 [INFO] CrossReferenceDbSqlite:203 - Set database path to: /home/azul/.stmcufinder/plugins/mcufinder//mcu/cs/
2026-02-23 19:40:52,597 [INFO] RulesReader:64 - Compatibility file has been processed (302 Rules)
2026-02-23 19:40:52,646 [INFO] DbMcusXml:78 - Set database path to: /opt/st/stm32cubeide_1.18.1/plugins/com.st.stm32cube.common.mx_6.14.1.202504091515//db//mcu/
2026-02-23 19:40:52,646 [INFO] ApiDb:274 - Set plugin database path to: /opt/st/stm32cubeide_1.18.1/plugins/com.st.stm32cube.common.mx_6.14.1.202504091515//db//plugins/boardmanager/
2026-02-23 19:40:52,646 [INFO] ApiDb:261 - Set plugin images path to: /opt/st/stm32cubeide_1.18.1/plugins/com.st.stm32cube.common.mx_6.14.1.202504091515//db//plugins/mcufinder/images/
2026-02-23 19:40:52,646 [WARN] DbFile:41 - Overriding database path with different value: /home/azul/.stmcufinder/plugins/mcufinder/ => /home/azul/.stmcufinder/plugins/mcufinder
2026-02-23 19:40:52,646 [INFO] ApiDb:250 - Set database path to: /home/azul/.stmcufinder/plugins/mcufinder//mcu/
2026-02-23 19:40:52,646 [WARN] DbFile:41 - Overriding database path with different value: /home/azul/.stmcufinder/plugins/mcufinder/ => /home/azul/.stmcufinder/plugins/mcufinder
2026-02-23 19:40:52,647 [INFO] DbMcusAds:125 - Set database path to: /home/azul/.stmcufinder/plugins/mcufinder//mcu/
2026-02-23 19:40:52,647 [WARN] DbFile:41 - Overriding database path with different value: /home/azul/.stmcufinder/plugins/mcufinder/ => /home/azul/.stmcufinder/plugins/mcufinder
2026-02-23 19:40:52,647 [WARN] DbFile:41 - Overriding database path with different value: /home/azul/.stmcufinder/plugins/mcufinder/ => /home/azul/.stmcufinder/plugins/mcufinder
2026-02-23 19:40:52,647 [INFO] CrossReferenceDbSqlite:203 - Set database path to: /home/azul/.stmcufinder/plugins/mcufinder//mcu/cs/
2026-02-23 19:40:52,690 [INFO] MainPanel:272 - HeapMemory: 268435456
2026-02-23 19:40:52,765 [INFO] DbMcusXml:78 - Set database path to: /opt/st/stm32cubeide_1.18.1/plugins/com.st.stm32cube.common.mx_6.14.1.202504091515//db//mcu/
2026-02-23 19:40:52,765 [INFO] ApiDb:274 - Set plugin database path to: /opt/st/stm32cubeide_1.18.1/plugins/com.st.stm32cube.common.mx_6.14.1.202504091515//db//plugins/boardmanager/
2026-02-23 19:40:52,765 [INFO] ApiDb:261 - Set plugin images path to: /opt/st/stm32cubeide_1.18.1/plugins/com.st.stm32cube.common.mx_6.14.1.202504091515//db//plugins/mcufinder/images/
2026-02-23 19:40:52,765 [WARN] DbFile:41 - Overriding database path with different value: /home/azul/.stmcufinder/plugins/mcufinder/ => /home/azul/.stmcufinder/plugins/mcufinder
2026-02-23 19:40:52,765 [INFO] ApiDb:250 - Set database path to: /home/azul/.stmcufinder/plugins/mcufinder//mcu/
2026-02-23 19:40:52,765 [WARN] DbFile:41 - Overriding database path with different value: /home/azul/.stmcufinder/plugins/mcufinder/ => /home/azul/.stmcufinder/plugins/mcufinder
2026-02-23 19:40:52,765 [INFO] DbMcusAds:125 - Set database path to: /home/azul/.stmcufinder/plugins/mcufinder//mcu/
2026-02-23 19:40:52,766 [WARN] DbFile:41 - Overriding database path with different value: /home/azul/.stmcufinder/plugins/mcufinder/ => /home/azul/.stmcufinder/plugins/mcufinder
2026-02-23 19:40:52,766 [WARN] DbFile:41 - Overriding database path with different value: /home/azul/.stmcufinder/plugins/mcufinder/ => /home/azul/.stmcufinder/plugins/mcufinder
2026-02-23 19:40:52,766 [INFO] CrossReferenceDbSqlite:203 - Set database path to: /home/azul/.stmcufinder/plugins/mcufinder//mcu/cs/
2026-02-23 19:40:52,778 [INFO] ApplicationProperties:184 - Using Application install path: /opt/st/stm32cubeide_1.18.1/plugins/com.st.stm32cube.common.mx_6.14.1.202504091515
2026-02-23 19:40:52,779 [INFO] PluginManage:196 - Search for loadable plugins [exclusion list=, ]
2026-02-23 19:40:52,780 [INFO] PluginManage:310 - Check plugin analytics
2026-02-23 19:40:52,902 [INFO] AnalyticsPlugin:253 - Accepted Software Licenses: 
2026-02-23 19:40:52,902 [INFO] AnalyticsPlugin:255 - Accepted CMSIS Pack Licenses: 
2026-02-23 19:40:52,902 [INFO] AnalyticsPlugin:257 - Accepted Firmware Licenses: FW.F4.1.28.0
2026-02-23 19:40:52,904 [INFO] PluginManage:359 - Loaded plugin analytics (category:tool,tabindex:-1)
2026-02-23 19:40:52,904 [INFO] PluginManage:310 - Check plugin cadmodel
2026-02-23 19:40:52,907 [INFO] CADModel:105 - Init CAD model plugin
2026-02-23 19:40:52,907 [INFO] PluginManage:359 - Loaded plugin cadmodel (category:power,tabindex:5)
2026-02-23 19:40:52,907 [INFO] PluginManage:310 - Check plugin clock
2026-02-23 19:40:52,913 [INFO] PluginManage:359 - Loaded plugin clock (category:base,tabindex:2)
2026-02-23 19:40:52,913 [INFO] PluginManage:310 - Check plugin ddr
2026-02-23 19:40:52,914 [INFO] PluginManage:359 - Loaded plugin ddr (category:tool,tabindex:6)
2026-02-23 19:40:52,915 [INFO] PluginManage:310 - Check plugin filemanager
2026-02-23 19:40:53,031 [INFO] PluginManage:359 - Loaded plugin filemanager (category:base,tabindex:10)
2026-02-23 19:40:53,031 [INFO] PluginManage:310 - Check plugin ipmanager
2026-02-23 19:40:53,035 [INFO] PluginManage:359 - Loaded plugin ipmanager (category:base,tabindex:5)
2026-02-23 19:40:53,035 [INFO] PluginManage:310 - Check plugin lpbam
2026-02-23 19:40:53,050 [INFO] PluginManage:359 - Loaded plugin lpbam (category:base,tabindex:0)
2026-02-23 19:40:53,051 [INFO] PluginManage:310 - Check plugin memorymap
2026-02-23 19:40:53,060 [INFO] PluginManage:359 - Loaded plugin memorymap (category:base,tabindex:4)
2026-02-23 19:40:53,060 [INFO] PluginManage:310 - Check plugin pinoutandconfiguration
2026-02-23 19:40:53,066 [INFO] PluginManage:359 - Loaded plugin pinoutandconfiguration (category:base,tabindex:1)
2026-02-23 19:40:53,066 [INFO] PluginManage:310 - Check plugin pinoutconfig
2026-02-23 19:40:53,146 [WARN] SupportedApi:132 - Cannot load RTOS API schema: s4s-elt-must-match.1: The content of 'definitions' must match (annotation?, (simpleType | complexType)?, (unique | key | keyref)*)). A problem was found starting at: attribute.
2026-02-23 19:40:53,236 [INFO] PluginManage:359 - Loaded plugin pinoutconfig (category:base,tabindex:0)
2026-02-23 19:40:53,236 [INFO] PluginManage:310 - Check plugin power
2026-02-23 19:40:53,242 [INFO] PluginManage:359 - Loaded plugin power (category:power,tabindex:4)
2026-02-23 19:40:53,242 [INFO] PluginManage:310 - Check plugin projectmanager
2026-02-23 19:40:53,252 [INFO] PluginManage:359 - Loaded plugin projectmanager (category:projectmanager,tabindex:4)
2026-02-23 19:40:53,253 [INFO] PluginManage:310 - Check plugin rif
2026-02-23 19:40:53,256 [INFO] PluginManage:359 - Loaded plugin rif (category:base,tabindex:3)
2026-02-23 19:40:53,256 [INFO] PluginManage:310 - Check plugin thirdparty
2026-02-23 19:40:53,328 [INFO] PluginManage:359 - Loaded plugin thirdparty (category:base,tabindex:-1)
2026-02-23 19:40:53,328 [INFO] PluginManage:310 - Check plugin tools
2026-02-23 19:40:53,328 [WARN] IntegrityCheckThread:84 - waiting for thirdparty lock release [integrity check]
2026-02-23 19:40:53,328 [INFO] IntegrityCheckThread:86 - entering critical section [integrity check]
2026-02-23 19:40:53,328 [INFO] ThirdPartyUpdaterWithRetryManager:70 - Updater plugin not ready yet. [1/15]
2026-02-23 19:40:53,329 [INFO] PluginManage:359 - Loaded plugin tools (category:base,tabindex:7)
2026-02-23 19:40:53,329 [INFO] PluginManage:310 - Check plugin tutovideos
2026-02-23 19:40:53,428 [INFO] PluginManage:359 - Loaded plugin tutovideos (category:base,tabindex:-1)
2026-02-23 19:40:53,429 [INFO] PluginManage:310 - Check plugin updater
2026-02-23 19:40:53,443 [INFO] PluginManage:359 - Loaded plugin updater (category:base,tabindex:12)
2026-02-23 19:40:53,443 [INFO] PluginManage:310 - Check plugin userauth
2026-02-23 19:40:53,446 [INFO] UserAuth:118 - Init User Auth plugin
2026-02-23 19:40:53,446 [INFO] PluginManage:359 - Loaded plugin userauth (category:base,tabindex:14)
2026-02-23 19:40:53,446 [INFO] PluginManage:283 - PluginManage : Loaded plugins [18]
2026-02-23 19:40:53,576 [INFO] PinOutPanel:1589 - setPackage(No Configuration,No Configuration)
2026-02-23 19:40:53,619 [INFO] CADModel:165 - CPN selected for project level
2026-02-23 19:40:53,620 [INFO] CADModel:114 - Register for checkConnection events
2026-02-23 19:40:53,627 [INFO] IPUIPlugin:80 - create IPUIPlugin
2026-02-23 19:40:53,627 [INFO] PluginManager:220 - loadIPPluginJar : add opamp
2026-02-23 19:40:53,629 [INFO] IPUIPlugin:80 - create IPUIPlugin
2026-02-23 19:40:53,629 [INFO] PluginManager:220 - loadIPPluginJar : add aes
2026-02-23 19:40:53,629 [INFO] IPUIPlugin:80 - create IPUIPlugin
2026-02-23 19:40:53,629 [INFO] PluginManager:220 - loadIPPluginJar : add fatfs
2026-02-23 19:40:53,630 [INFO] IPUIPlugin:80 - create IPUIPlugin
2026-02-23 19:40:53,630 [INFO] PluginManager:220 - loadIPPluginJar : add gfxmmu
2026-02-23 19:40:53,631 [INFO] IPUIPlugin:80 - create IPUIPlugin
2026-02-23 19:40:53,631 [INFO] PluginManager:220 - loadIPPluginJar : add hash
2026-02-23 19:40:53,633 [INFO] IPUIPlugin:80 - create IPUIPlugin
2026-02-23 19:40:53,634 [INFO] PluginManager:220 - loadIPPluginJar : add gpio
2026-02-23 19:40:53,635 [INFO] IPUIPlugin:80 - create IPUIPlugin
2026-02-23 19:40:53,635 [INFO] PluginManager:220 - loadIPPluginJar : add i3c
2026-02-23 19:40:53,636 [INFO] IPUIPlugin:80 - create IPUIPlugin
2026-02-23 19:40:53,636 [INFO] PluginManager:220 - loadIPPluginJar : add resmgrutility
2026-02-23 19:40:53,639 [INFO] IPUIPlugin:80 - create IPUIPlugin
2026-02-23 19:40:53,639 [INFO] PluginManager:220 - loadIPPluginJar : add mdma
2026-02-23 19:40:53,640 [INFO] IPUIPlugin:80 - create IPUIPlugin
2026-02-23 19:40:53,640 [INFO] PluginManager:220 - loadIPPluginJar : add genericplugin
2026-02-23 19:40:53,642 [INFO] IPUIPlugin:80 - create IPUIPlugin
2026-02-23 19:40:53,643 [INFO] PluginManager:220 - loadIPPluginJar : add fmc
2026-02-23 19:40:53,643 [INFO] IPUIPlugin:80 - create IPUIPlugin
2026-02-23 19:40:53,643 [INFO] PluginManager:220 - loadIPPluginJar : add comp
2026-02-23 19:40:53,644 [INFO] IPUIPlugin:80 - create IPUIPlugin
2026-02-23 19:40:53,644 [INFO] PluginManager:220 - loadIPPluginJar : add cryp
2026-02-23 19:40:53,645 [INFO] IPUIPlugin:80 - create IPUIPlugin
2026-02-23 19:40:53,645 [INFO] PluginManager:220 - loadIPPluginJar : add ltdc
2026-02-23 19:40:53,648 [INFO] IPUIPlugin:80 - create IPUIPlugin
2026-02-23 19:40:53,648 [INFO] PluginManager:220 - loadIPPluginJar : add gic
2026-02-23 19:40:53,650 [INFO] IPUIPlugin:80 - create IPUIPlugin
2026-02-23 19:40:53,651 [INFO] PluginManager:220 - loadIPPluginJar : add freertos
2026-02-23 19:40:53,652 [INFO] IPUIPlugin:80 - create IPUIPlugin
2026-02-23 19:40:53,652 [INFO] PluginManager:220 - loadIPPluginJar : add i2c
2026-02-23 19:40:53,654 [INFO] IPUIPlugin:80 - create IPUIPlugin
2026-02-23 19:40:53,654 [INFO] PluginManager:220 - loadIPPluginJar : add usbx
2026-02-23 19:40:53,655 [INFO] IPUIPlugin:80 - create IPUIPlugin
2026-02-23 19:40:53,655 [INFO] PluginManager:220 - loadIPPluginJar : add openamp
2026-02-23 19:40:53,656 [INFO] IPUIPlugin:80 - create IPUIPlugin
2026-02-23 19:40:53,656 [INFO] PluginManager:220 - loadIPPluginJar : add ucpd
2026-02-23 19:40:53,658 [INFO] IPUIPlugin:80 - create IPUIPlugin
2026-02-23 19:40:53,658 [INFO] PluginManager:220 - loadIPPluginJar : add can
2026-02-23 19:40:53,659 [INFO] IPUIPlugin:80 - create IPUIPlugin
2026-02-23 19:40:53,659 [INFO] PluginManager:220 - loadIPPluginJar : add spi
2026-02-23 19:40:53,660 [INFO] IPUIPlugin:80 - create IPUIPlugin
2026-02-23 19:40:53,660 [INFO] PluginManager:220 - loadIPPluginJar : add dma3
2026-02-23 19:40:53,661 [INFO] IPUIPlugin:80 - create IPUIPlugin
2026-02-23 19:40:53,661 [INFO] PluginManager:220 - loadIPPluginJar : add tsc
2026-02-23 19:40:53,662 [INFO] IPUIPlugin:80 - create IPUIPlugin
2026-02-23 19:40:53,662 [INFO] PluginManager:220 - loadIPPluginJar : add ddr_ctrl_phy
2026-02-23 19:40:53,664 [INFO] IPUIPlugin:80 - create IPUIPlugin
2026-02-23 19:40:53,664 [INFO] PluginManager:220 - loadIPPluginJar : add nvic
2026-02-23 19:40:53,666 [INFO] IPUIPlugin:80 - create IPUIPlugin
2026-02-23 19:40:53,666 [INFO] PluginManager:220 - loadIPPluginJar : add pdm2pcm
2026-02-23 19:40:53,667 [INFO] IPUIPlugin:80 - create IPUIPlugin
2026-02-23 19:40:53,667 [INFO] PluginManager:220 - loadIPPluginJar : add usart
2026-02-23 19:40:53,668 [INFO] IPUIPlugin:80 - create IPUIPlugin
2026-02-23 19:40:53,668 [INFO] PluginManager:220 - loadIPPluginJar : add tim
2026-02-23 19:40:53,669 [INFO] IPUIPlugin:80 - create IPUIPlugin
2026-02-23 19:40:53,670 [INFO] PluginManager:220 - loadIPPluginJar : add gtzc
2026-02-23 19:40:53,670 [INFO] IPUIPlugin:80 - create IPUIPlugin
2026-02-23 19:40:53,671 [INFO] PluginManager:220 - loadIPPluginJar : add ts
2026-02-23 19:40:53,674 [INFO] IPUIPlugin:80 - create IPUIPlugin
2026-02-23 19:40:53,676 [INFO] PluginManager:220 - loadIPPluginJar : add plateformsettings
2026-02-23 19:40:53,680 [INFO] IPUIPlugin:80 - create IPUIPlugin
2026-02-23 19:40:53,680 [INFO] PluginManager:220 - loadIPPluginJar : add adc
2026-02-23 19:40:53,681 [INFO] IPUIPlugin:80 - create IPUIPlugin
2026-02-23 19:40:53,681 [INFO] PluginManager:220 - loadIPPluginJar : add extmemmanager
2026-02-23 19:40:53,683 [INFO] IPUIPlugin:80 - create IPUIPlugin
2026-02-23 19:40:53,683 [INFO] PluginManager:220 - loadIPPluginJar : add touchsensing
2026-02-23 19:40:53,685 [INFO] IPUIPlugin:80 - create IPUIPlugin
2026-02-23 19:40:53,685 [INFO] PluginManager:220 - loadIPPluginJar : add sai
2026-02-23 19:40:53,688 [INFO] IPUIPlugin:80 - create IPUIPlugin
2026-02-23 19:40:53,689 [INFO] PluginManager:220 - loadIPPluginJar : add stm32_wpan
2026-02-23 19:40:53,689 [INFO] IPUIPlugin:80 - create IPUIPlugin
2026-02-23 19:40:53,690 [INFO] PluginManager:220 - loadIPPluginJar : add quadspi
2026-02-23 19:40:53,693 [INFO] IPUIPlugin:80 - create IPUIPlugin
2026-02-23 19:40:53,693 [INFO] PluginManager:220 - loadIPPluginJar : add dma
2026-02-23 19:40:53,694 [INFO] IPUIPlugin:80 - create IPUIPlugin
2026-02-23 19:40:53,694 [INFO] PluginManager:220 - loadIPPluginJar : add lorawan
2026-02-23 19:40:53,695 [INFO] IPUIPlugin:80 - create IPUIPlugin
2026-02-23 19:40:53,695 [INFO] PluginManager:220 - loadIPPluginJar : add tracer_emb
2026-02-23 19:40:53,697 [INFO] IPUIPlugin:80 - create IPUIPlugin
2026-02-23 19:40:53,697 [INFO] PluginManager:220 - loadIPPluginJar : add dfsdm
2026-02-23 19:40:53,698 [INFO] IPUIPlugin:80 - create IPUIPlugin
2026-02-23 19:40:53,698 [INFO] PluginManager:220 - loadIPPluginJar : add i2s
2026-02-23 19:40:53,699 [INFO] IPUIPlugin:80 - create IPUIPlugin
2026-02-23 19:40:53,699 [INFO] PluginManager:220 - loadIPPluginJar : add ipddr
2026-02-23 19:40:53,700 [INFO] IPUIPlugin:80 - create IPUIPlugin
2026-02-23 19:40:53,701 [INFO] PluginManager:220 - loadIPPluginJar : add radio
2026-02-23 19:40:53,705 [INFO] IPUIPlugin:80 - create IPUIPlugin
2026-02-23 19:40:53,705 [INFO] PluginManager:220 - loadIPPluginJar : add linkedlist
2026-02-23 19:40:53,798 [FATAL] Updater:351 - Updater called before beeing initialized
2026-02-23 19:40:53,816 [INFO] RulesReader:64 - Compatibility file has been processed (302 Rules)
2026-02-23 19:40:53,823 [INFO] RulesReader:64 - Compatibility file has been processed (302 Rules)
2026-02-23 19:40:53,828 [INFO] CADModel:165 - CPN selected for project level
2026-02-23 19:40:53,828 [INFO] CADModel:114 - Register for checkConnection events
2026-02-23 19:40:53,828 [FATAL] Updater:351 - Updater called before beeing initialized
2026-02-23 19:40:53,828 [ERROR] CADModel:125 - Updater not yet initialized, retry later 
2026-02-23 19:40:53,900 [FATAL] Updater:351 - Updater called before beeing initialized
2026-02-23 19:40:53,901 [INFO] CADModel:165 - CPN selected for project level
2026-02-23 19:40:53,901 [INFO] CADModel:114 - Register for checkConnection events
2026-02-23 19:40:53,901 [FATAL] Updater:351 - Updater called before beeing initialized
2026-02-23 19:40:53,902 [ERROR] CADModel:125 - Updater not yet initialized, retry later 
2026-02-23 19:40:53,903 [FATAL] Updater:351 - Updater called before beeing initialized
2026-02-23 19:40:53,955 [FATAL] Updater:351 - Updater called before beeing initialized
2026-02-23 19:40:53,958 [INFO] DbMcusAds:53 - JSON generation date=Tue Feb 10 09:16:36 ART 2026 (1770725796257)
2026-02-23 19:40:53,958 [FATAL] Updater:351 - Updater called before beeing initialized
2026-02-23 19:40:53,980 [WARN] DetailPanel:346 - Failed to get advertising image, set to default
2026-02-23 19:40:54,169 [FATAL] Updater:351 - Updater called before beeing initialized
2026-02-23 19:40:54,171 [FATAL] Updater:351 - Updater called before beeing initialized
2026-02-23 19:40:54,171 [FATAL] Updater:351 - Updater called before beeing initialized
2026-02-23 19:40:54,171 [WARN] DetailPanel:346 - Failed to get advertising image, set to default
2026-02-23 19:40:54,172 [FATAL] Updater:351 - Updater called before beeing initialized
2026-02-23 19:40:54,194 [ERROR] Updater:1198 - MainUpdater not yet initialized. External WinMGr cannot be set.
2026-02-23 19:40:54,195 [INFO] Updater:1134 - Updater Version found : 6.14.1
2026-02-23 19:40:54,205 [INFO] ApplicationProperties:184 - Using Application install path: /opt/st/stm32cubeide_1.18.1/plugins/com.st.stm32cube.common.mx_6.14.1.202504091515
2026-02-23 19:40:54,479 [INFO] MainUpdater:2872 - connection check result : 10
2026-02-23 19:40:54,479 [INFO] MainUpdater:289 - Updater Check For Update Now.
2026-02-23 19:40:54,480 [INFO] MicroXplorer:498 - Change Database Version : DB.6.0.141
2026-02-23 19:40:54,484 [INFO] McuFinderGlobals:63 - Set McuFinder mode to 2 (CubeIDE integrated)
2026-02-23 19:40:54,484 [INFO] UserAuth:484 - Internet connection configuration mode: 1
2026-02-23 19:40:54,491 [INFO] JxBrowserEngine:152 - Initiate JxBrowser Engine with user profile folder
2026-02-23 19:40:54,637 [INFO] CheckServerUpdateThread:120 - End of CheckServer Thread
2026-02-23 19:40:54,875 [INFO] WebApp:169 - Instantiating new browser for Auth
2026-02-23 19:40:55,359 [INFO] WebApp:463 - Apply proxy settings
2026-02-23 19:40:55,359 [INFO] WebApp:548 - Chromium requires no authentication
2026-02-23 19:40:55,365 [INFO] WebApp:491 - Direct internet connection detected
2026-02-23 19:40:55,377 [INFO] WebApp:894 - Register for checkConnection events
2026-02-23 19:40:55,377 [INFO] WebApp:463 - Apply proxy settings
2026-02-23 19:40:55,377 [INFO] WebApp:548 - Chromium requires no authentication
2026-02-23 19:40:55,378 [INFO] WebApp:491 - Direct internet connection detected
2026-02-23 19:40:55,459 [INFO] WebApp:225 - Starting web application
2026-02-23 19:40:55,459 [INFO] WebApp:593 - Web application path used /opt/st/stm32cubeide_1.18.1/plugins/com.st.stm32cube.common.mx_6.14.1.202504091515/db/plugins/mcufinder/reactClient1/index.html
2026-02-23 19:40:55,527 [INFO] UserAuth:484 - Internet connection configuration mode: 1
2026-02-23 19:40:55,651 [INFO] WebApp:191 - Connection restablished
2026-02-23 19:40:56,419 [WARN] PackLoader:240 - Cannot read IP mode file for STMicroelectronics.FP-SNS-MOTENVWB1.1.4.0
2026-02-23 19:40:56,426 [WARN] PackLoader:240 - Cannot read IP mode file for STMicroelectronics.FP-ATR-ASTRA1.2.0.2
2026-02-23 19:40:56,431 [WARN] PackLoader:240 - Cannot read IP mode file for STMicroelectronics.X-CUBE-SMBUS.2.1.0
2026-02-23 19:40:56,435 [WARN] PackLoader:240 - Cannot read IP mode file for STMicroelectronics.X-CUBE-ST60.1.0.0
2026-02-23 19:40:56,467 [WARN] PackLoader:240 - Cannot read IP mode file for STMicroelectronics.X-CUBE-AZRTOS-F7.1.1.0
2026-02-23 19:40:56,496 [WARN] PackLoader:240 - Cannot read IP mode file for Infineon.AIROC-Wi-Fi-Bluetooth-STM32.1.7.0
2026-02-23 19:40:56,521 [WARN] PackLoader:240 - Cannot read IP mode file for STMicroelectronics.X-CUBE-AZRTOS-H7.3.4.0
2026-02-23 19:40:56,531 [WARN] PackLoader:240 - Cannot read IP mode file for STMicroelectronics.X-CUBE-DISPLAY.3.0.0
2026-02-23 19:40:56,539 [ERROR] Engine:466 - /home/azul/.stm32cubemx/thirdparties/pdsc/STMicroelectronics.FP-SNS-MOTENVWB1.1.5.0.pdsc: PDSC version is not supported
2026-02-23 19:40:56,543 [WARN] PackLoader:240 - Cannot read IP mode file for STMicroelectronics.X-CUBE-NFC10.1.0.0
2026-02-23 19:40:56,552 [WARN] PackLoader:240 - Cannot read IP mode file for STMicroelectronics.X-CUBE-BLEMGR.4.0.0
2026-02-23 19:40:56,561 [WARN] PackLoader:240 - Cannot read IP mode file for STMicroelectronics.X-CUBE-ST60.1.1.0
2026-02-23 19:40:56,567 [WARN] PackLoader:240 - Cannot read IP mode file for emotas.I-CUBE-CANOPEN.1.3.0
2026-02-23 19:40:56,571 [WARN] ConditionMgr:438 - getConditionDescription Invalid condition id : Cortex-A Device cause : null
2026-02-23 19:40:56,582 [WARN] ConditionMgr:1044 - genDependencies : Invalid condition id : Cortex-A Device cause : null
2026-02-23 19:40:56,582 [WARN] ConditionMgr:1044 - genDependencies : Invalid condition id : Cortex-A Device cause : null
2026-02-23 19:40:56,582 [WARN] ConditionMgr:1044 - genDependencies : Invalid condition id : Cortex-A Device cause : null
2026-02-23 19:40:56,585 [WARN] PackLoader:240 - Cannot read IP mode file for STMicroelectronics.FP-SNS-SMARTAG2.1.2.0
2026-02-23 19:40:56,588 [WARN] PackLoader:240 - Cannot read IP mode file for STMicroelectronics.FP-SNS-FLIGHT1.5.1.0
2026-02-23 19:40:56,596 [INFO] LogOutputStream:77 - [STDOUT_REDIRECT] 1 : Invalid condition id : UX_CORESTACK_Condition cause : null
2026-02-23 19:40:56,596 [INFO] LogOutputStream:77 - [STDOUT_REDIRECT] 1 : Invalid condition id : UX_CORESTACK_Condition cause : null
2026-02-23 19:40:56,597 [INFO] LogOutputStream:77 - [STDOUT_REDIRECT] 1 : Invalid condition id : UX_CORESTACK_Condition cause : null
2026-02-23 19:40:56,597 [INFO] LogOutputStream:77 - [STDOUT_REDIRECT] 1 : Invalid condition id : UX_CORESTACK_Condition cause : null
2026-02-23 19:40:56,597 [INFO] LogOutputStream:77 - [STDOUT_REDIRECT] 1 : Invalid condition id : UX_CORESTACK_Condition cause : null
2026-02-23 19:40:56,599 [WARN] PackLoader:240 - Cannot read IP mode file for STMicroelectronics.X-CUBE-AZRTOS-WL.2.0.0
2026-02-23 19:40:56,603 [WARN] PackLoader:240 - Cannot read IP mode file for STMicroelectronics.FP-SNS-MOTENV1.5.0.0
2026-02-23 19:40:56,619 [WARN] PackLoader:240 - Cannot read IP mode file for STMicroelectronics.X-CUBE-AZRTOS-H7RS.1.2.0
2026-02-23 19:40:56,628 [WARN] PackLoader:240 - Cannot read IP mode file for WES.I-CUBE-Cesium.1.3.0
2026-02-23 19:40:56,633 [WARN] PackLoader:240 - Cannot read IP mode file for STMicroelectronics.X-CUBE-BLE2.3.3.0
2026-02-23 19:40:56,643 [WARN] PackLoader:240 - Cannot read IP mode file for STMicroelectronics.X-CUBE-NFC9.1.0.0
2026-02-23 19:40:56,648 [WARN] PackLoader:240 - Cannot read IP mode file for wolfSSL.I-CUBE-wolfSSL.5.8.0
2026-02-23 19:40:56,651 [WARN] PackLoader:240 - Cannot read IP mode file for STMicroelectronics.X-CUBE-BLE1.7.1.0
2026-02-23 19:40:56,654 [WARN] PackLoader:240 - Cannot read IP mode file for wolfSSL.I-CUBE-wolfMQTT.1.19.2
2026-02-23 19:40:56,657 [WARN] PackLoader:240 - Cannot read IP mode file for STMicroelectronics.X-CUBE-AI.10.1.0
2026-02-23 19:40:56,702 [WARN] PackLoader:240 - Cannot read IP mode file for STMicroelectronics.X-CUBE-MEMS1.12.0.0
2026-02-23 19:40:56,843 [WARN] PackLoader:240 - Cannot read IP mode file for STMicroelectronics.X-CUBE-AZRTOS-G0.1.1.0
2026-02-23 19:40:56,849 [WARN] PackLoader:240 - Cannot read IP mode file for STMicroelectronics.X-CUBE-SAFEA1.1.2.2
2026-02-23 19:40:56,853 [WARN] PackLoader:240 - Cannot read IP mode file for STMicroelectronics.X-CUBE-NFC4.3.0.0
2026-02-23 19:40:56,859 [WARN] PackLoader:240 - Cannot read IP mode file for EmbeddedOffice.I-CUBE-FS-RTOS.1.0.1
2026-02-23 19:40:56,864 [WARN] PackLoader:240 - Cannot read IP mode file for STMicroelectronics.X-CUBE-WB05N.2.0.0
2026-02-23 19:40:56,867 [WARN] PackLoader:240 - Cannot read IP mode file for wolfSSL.I-CUBE-wolfTPM.3.8.0
2026-02-23 19:40:56,869 [WARN] PackLoader:240 - Cannot read IP mode file for STMicroelectronics.X-CUBE-TCPP.4.2.0
2026-02-23 19:40:56,874 [WARN] PackLoader:240 - Cannot read IP mode file for RealThread.X-CUBE-RT-Thread_Nano.4.1.1
2026-02-23 19:40:56,877 [WARN] PackLoader:240 - Cannot read IP mode file for STMicroelectronics.FP-ATR-SIGFOX1.3.2.0
2026-02-23 19:40:56,881 [WARN] PackLoader:240 - Cannot read IP mode file for STMicroelectronics.X-CUBE-EEPRMA1.5.1.0
2026-02-23 19:40:56,886 [WARN] PackLoader:240 - Cannot read IP mode file for ITTIA_DB.I-CUBE-ITTIADB.8.9.0
2026-02-23 19:40:56,891 [WARN] PackLoader:240 - Cannot read IP mode file for STMicroelectronics.X-CUBE-NFC6.3.2.0
2026-02-23 19:40:56,897 [WARN] PackLoader:240 - Cannot read IP mode file for STMicroelectronics.X-CUBE-ST67W61.1.0.0
2026-02-23 19:40:56,917 [WARN] PackLoader:240 - Cannot read IP mode file for SEGGER.I-CUBE-embOS.1.3.1
2026-02-23 19:40:56,964 [WARN] PackLoader:240 - Cannot read IP mode file for STMicroelectronics.X-CUBE-ALGOBUILD.1.4.0
2026-02-23 19:40:56,991 [WARN] PackLoader:240 - Cannot read IP mode file for STMicroelectronics.X-CUBE-MEMS1.11.3.0
2026-02-23 19:40:57,123 [WARN] PackLoader:240 - Cannot read IP mode file for STMicroelectronics.X-CUBE-PM33A1.1.0.0
2026-02-23 19:40:57,133 [WARN] PackLoader:240 - Cannot read IP mode file for STMicroelectronics.X-CUBE-AZRTOS-F4.1.1.0
2026-02-23 19:40:57,136 [WARN] PackLoader:240 - Cannot read IP mode file for Avnet-IotConnect.X-CUBE-IoTC-DA16k-PMOD.1.0.0
2026-02-23 19:40:57,138 [WARN] PackLoader:240 - Cannot read IP mode file for STMicroelectronics.X-CUBE-ISPU.2.1.0
2026-02-23 19:40:57,141 [ERROR] Engine:466 - /home/azul/.stm32cubemx/thirdparties/pdsc/STMicroelectronics.X-CUBE-IPS.3.2.0.pdsc: PDSC version is not supported
2026-02-23 19:40:57,144 [WARN] PackLoader:240 - Cannot read IP mode file for STMicroelectronics.X-CUBE-NFC12.1.0.0
2026-02-23 19:40:57,153 [WARN] PackLoader:240 - Cannot read IP mode file for STMicroelectronics.X-CUBE-AZRTOS-L5.2.0.0
2026-02-23 19:40:57,159 [WARN] PackLoader:240 - Cannot read IP mode file for STMicroelectronics.X-CUBE-NFC6.3.1.0
2026-02-23 19:40:57,164 [WARN] PackLoader:240 - Cannot read IP mode file for STMicroelectronics.X-CUBE-FREERTOS.1.3.1
2026-02-23 19:40:57,167 [WARN] PackLoader:240 - Cannot read IP mode file for STMicroelectronics.X-CUBE-TOUCHGFX.4.26.0
2026-02-23 19:40:57,170 [WARN] PackLoader:240 - Cannot read IP mode file for STMicroelectronics.FP-SNS-STAIOTCFT.1.0.0
2026-02-23 19:40:57,174 [WARN] PackLoader:240 - Cannot read IP mode file for STMicroelectronics.X-CUBE-DPower.1.3.0
2026-02-23 19:40:57,182 [WARN] ConditionMgr:438 - getConditionDescription Invalid condition id : LAN8742 Phy interface Condition cause : null
2026-02-23 19:40:57,183 [WARN] PackLoader:240 - Cannot read IP mode file for STMicroelectronics.X-CUBE-AZRTOS-L4.2.0.0
2026-02-23 19:40:57,184 [WARN] ConditionMgr:1044 - genDependencies : Invalid condition id : LAN8742 Phy interface Condition cause : null
2026-02-23 19:40:57,184 [WARN] ConditionMgr:1044 - genDependencies : Invalid condition id : LAN8742 Phy interface Condition cause : null
2026-02-23 19:40:57,184 [WARN] ConditionMgr:1044 - genDependencies : Invalid condition id : LAN8742 Phy interface Condition cause : null
2026-02-23 19:40:57,189 [WARN] PackLoader:240 - Cannot read IP mode file for STMicroelectronics.X-CUBE-SFXS2LP1.4.0.0
2026-02-23 19:40:57,192 [ERROR] Engine:466 - /home/azul/.stm32cubemx/thirdparties/pdsc/STMicroelectronics.X-CUBE-ST67W61.1.2.0.pdsc: PDSC version is not supported
2026-02-23 19:40:57,202 [WARN] PackLoader:240 - Cannot read IP mode file for STMicroelectronics.X-CUBE-AZRTOS-H7.3.3.0
2026-02-23 19:40:57,210 [WARN] ConditionMgr:438 - getConditionDescription Invalid condition id : UX DEVICE CLASS RTOS Condition cause : null
2026-02-23 19:40:57,210 [WARN] ConditionMgr:438 - getConditionDescription Invalid condition id : UX DEVICE CLASS RTOS Condition cause : null
2026-02-23 19:40:57,211 [WARN] PackLoader:240 - Cannot read IP mode file for STMicroelectronics.X-CUBE-AZRTOS-WB.2.0.0
2026-02-23 19:40:57,212 [WARN] ConditionMgr:1044 - genDependencies : Invalid condition id : UX DEVICE CLASS RTOS Condition cause : null
2026-02-23 19:40:57,212 [WARN] ConditionMgr:1044 - genDependencies : Invalid condition id : UX DEVICE CLASS RTOS Condition cause : null
2026-02-23 19:40:57,212 [WARN] ConditionMgr:1044 - genDependencies : Invalid condition id : UX DEVICE CLASS RTOS Condition cause : null
2026-02-23 19:40:57,212 [WARN] ConditionMgr:1044 - genDependencies : Invalid condition id : UX DEVICE CLASS RTOS Condition cause : null
2026-02-23 19:40:57,213 [WARN] ConditionMgr:1044 - genDependencies : Invalid condition id : UX DEVICE CLASS RTOS Condition cause : null
2026-02-23 19:40:57,216 [WARN] PackLoader:240 - Cannot read IP mode file for STMicroelectronics.X-CUBE-GNSS1.7.0.1
2026-02-23 19:40:57,218 [WARN] PackLoader:240 - Cannot read IP mode file for STMicroelectronics.X-CUBE-TOUCHGFX.4.25.0
2026-02-23 19:40:57,228 [WARN] PackLoader:240 - Cannot read IP mode file for STMicroelectronics.FP-SNS-STBOX1.2.0.0
2026-02-23 19:40:57,236 [WARN] PackLoader:240 - Cannot read IP mode file for STMicroelectronics.X-CUBE-STSE01.2.0.0
2026-02-23 19:40:57,245 [WARN] PackLoader:240 - Cannot read IP mode file for STMicroelectronics.X-CUBE-SUBG2.5.0.0
2026-02-23 19:40:57,262 [WARN] PackLoader:240 - Cannot read IP mode file for STMicroelectronics.X-CUBE-AZRTOS-H7RS.1.1.0
2026-02-23 19:40:57,276 [WARN] PackLoader:240 - Cannot read IP mode file for Cesanta.I-CUBE-Mongoose.7.13.0
2026-02-23 19:40:57,286 [WARN] PackLoader:240 - Cannot read IP mode file for STMicroelectronics.X-CUBE-AZRTOS-G4.2.0.0
2026-02-23 19:40:57,291 [WARN] PackLoader:240 - Cannot read IP mode file for wolfSSL.I-CUBE-wolfSSH.1.4.20
2026-02-23 19:40:57,294 [WARN] PackLoader:240 - Cannot read IP mode file for STMicroelectronics.X-CUBE-NFC7.2.0.0
2026-02-23 19:40:57,301 [WARN] PackLoader:240 - Cannot read IP mode file for STMicroelectronics.X-CUBE-IPS.3.1.0
2026-02-23 19:40:57,311 [WARN] PackLoader:240 - Cannot read IP mode file for STMicroelectronics.X-CUBE-ALS.1.0.2
2026-02-23 19:40:57,314 [WARN] PackLoader:240 - Cannot read IP mode file for STMicroelectronics.X-CUBE-STSE01.1.0.0
2026-02-23 19:40:57,318 [WARN] PackLoader:240 - Cannot read IP mode file for portGmbH.I-Cube-SoM-uGOAL.1.1.0
2026-02-23 19:40:57,324 [WARN] PackLoader:240 - Cannot read IP mode file for STMicroelectronics.X-CUBE-TOF1.3.4.3
2026-02-23 19:40:57,337 [INFO] ThirdParty:978 - Integrity check success = true
2026-02-23 19:40:57,337 [INFO] IntegrityCheckThread:100 - exiting critical section [integrity check]
2026-02-23 19:40:57,338 [INFO] IntegrityCheckThread:103 - End integrity checks thread
