2026-03-03 20:35:31,136 [INFO] Activator:176 - 


2026-03-03 20:35:31,139 [INFO] Activator:177 - !SESSION log4j initialized
2026-03-03 20:35:34,640 [INFO] LogOutputStream:77 - [STDOUT_REDIRECT] 
2026-03-03 20:35:35,345 [INFO] ApplicationProperties:184 - Using Application install path: /opt/st/stm32cubeide_1.18.1/plugins/com.st.stm32cube.common.mx_6.14.1.202504091515
2026-03-03 20:35:35,358 [INFO] DbMcusXml:78 - Set database path to: /opt/st/stm32cubeide_1.18.1/plugins/com.st.stm32cube.common.mx_6.14.1.202504091515//db//mcu/
2026-03-03 20:35:35,358 [INFO] ApiDb:274 - Set plugin database path to: /opt/st/stm32cubeide_1.18.1/plugins/com.st.stm32cube.common.mx_6.14.1.202504091515//db//plugins/boardmanager/
2026-03-03 20:35:35,358 [WARN] ApiDb:259 - Overriding images path with different value:  => /opt/st/stm32cubeide_1.18.1/plugins/com.st.stm32cube.common.mx_6.14.1.202504091515//db//plugins/mcufinder/images/
2026-03-03 20:35:35,365 [INFO] ApiDb:250 - Set database path to: /home/azul/.stmcufinder/plugins/mcufinder//mcu/
2026-03-03 20:35:35,366 [INFO] DbMcusAds:125 - Set database path to: /home/azul/.stmcufinder/plugins/mcufinder//mcu/
2026-03-03 20:35:35,367 [INFO] CrossReferenceDbSqlite:203 - Set database path to: /home/azul/.stmcufinder/plugins/mcufinder//mcu/cs/
2026-03-03 20:35:35,450 [INFO] RulesReader:64 - Compatibility file has been processed (302 Rules)
2026-03-03 20:35:35,499 [INFO] DbMcusXml:78 - Set database path to: /opt/st/stm32cubeide_1.18.1/plugins/com.st.stm32cube.common.mx_6.14.1.202504091515//db//mcu/
2026-03-03 20:35:35,499 [INFO] ApiDb:274 - Set plugin database path to: /opt/st/stm32cubeide_1.18.1/plugins/com.st.stm32cube.common.mx_6.14.1.202504091515//db//plugins/boardmanager/
2026-03-03 20:35:35,499 [INFO] ApiDb:261 - Set plugin images path to: /opt/st/stm32cubeide_1.18.1/plugins/com.st.stm32cube.common.mx_6.14.1.202504091515//db//plugins/mcufinder/images/
2026-03-03 20:35:35,499 [WARN] DbFile:41 - Overriding database path with different value: /home/azul/.stmcufinder/plugins/mcufinder/ => /home/azul/.stmcufinder/plugins/mcufinder
2026-03-03 20:35:35,500 [INFO] ApiDb:250 - Set database path to: /home/azul/.stmcufinder/plugins/mcufinder//mcu/
2026-03-03 20:35:35,500 [WARN] DbFile:41 - Overriding database path with different value: /home/azul/.stmcufinder/plugins/mcufinder/ => /home/azul/.stmcufinder/plugins/mcufinder
2026-03-03 20:35:35,500 [INFO] DbMcusAds:125 - Set database path to: /home/azul/.stmcufinder/plugins/mcufinder//mcu/
2026-03-03 20:35:35,500 [WARN] DbFile:41 - Overriding database path with different value: /home/azul/.stmcufinder/plugins/mcufinder/ => /home/azul/.stmcufinder/plugins/mcufinder
2026-03-03 20:35:35,500 [WARN] DbFile:41 - Overriding database path with different value: /home/azul/.stmcufinder/plugins/mcufinder/ => /home/azul/.stmcufinder/plugins/mcufinder
2026-03-03 20:35:35,500 [INFO] CrossReferenceDbSqlite:203 - Set database path to: /home/azul/.stmcufinder/plugins/mcufinder//mcu/cs/
2026-03-03 20:35:35,554 [INFO] MainPanel:272 - HeapMemory: 268435456
2026-03-03 20:35:35,668 [INFO] DbMcusXml:78 - Set database path to: /opt/st/stm32cubeide_1.18.1/plugins/com.st.stm32cube.common.mx_6.14.1.202504091515//db//mcu/
2026-03-03 20:35:35,668 [INFO] ApiDb:274 - Set plugin database path to: /opt/st/stm32cubeide_1.18.1/plugins/com.st.stm32cube.common.mx_6.14.1.202504091515//db//plugins/boardmanager/
2026-03-03 20:35:35,668 [INFO] ApiDb:261 - Set plugin images path to: /opt/st/stm32cubeide_1.18.1/plugins/com.st.stm32cube.common.mx_6.14.1.202504091515//db//plugins/mcufinder/images/
2026-03-03 20:35:35,668 [WARN] DbFile:41 - Overriding database path with different value: /home/azul/.stmcufinder/plugins/mcufinder/ => /home/azul/.stmcufinder/plugins/mcufinder
2026-03-03 20:35:35,668 [INFO] ApiDb:250 - Set database path to: /home/azul/.stmcufinder/plugins/mcufinder//mcu/
2026-03-03 20:35:35,668 [WARN] DbFile:41 - Overriding database path with different value: /home/azul/.stmcufinder/plugins/mcufinder/ => /home/azul/.stmcufinder/plugins/mcufinder
2026-03-03 20:35:35,668 [INFO] DbMcusAds:125 - Set database path to: /home/azul/.stmcufinder/plugins/mcufinder//mcu/
2026-03-03 20:35:35,668 [WARN] DbFile:41 - Overriding database path with different value: /home/azul/.stmcufinder/plugins/mcufinder/ => /home/azul/.stmcufinder/plugins/mcufinder
2026-03-03 20:35:35,668 [WARN] DbFile:41 - Overriding database path with different value: /home/azul/.stmcufinder/plugins/mcufinder/ => /home/azul/.stmcufinder/plugins/mcufinder
2026-03-03 20:35:35,669 [INFO] CrossReferenceDbSqlite:203 - Set database path to: /home/azul/.stmcufinder/plugins/mcufinder//mcu/cs/
2026-03-03 20:35:35,683 [INFO] ApplicationProperties:184 - Using Application install path: /opt/st/stm32cubeide_1.18.1/plugins/com.st.stm32cube.common.mx_6.14.1.202504091515
2026-03-03 20:35:35,692 [INFO] PluginManage:196 - Search for loadable plugins [exclusion list=, ]
2026-03-03 20:35:35,694 [INFO] PluginManage:310 - Check plugin analytics
2026-03-03 20:35:35,861 [INFO] AnalyticsPlugin:253 - Accepted Software Licenses: 
2026-03-03 20:35:35,861 [INFO] AnalyticsPlugin:255 - Accepted CMSIS Pack Licenses: 
2026-03-03 20:35:35,861 [INFO] AnalyticsPlugin:257 - Accepted Firmware Licenses: FW.F4.1.28.0
2026-03-03 20:35:35,867 [INFO] PluginManage:359 - Loaded plugin analytics (category:tool,tabindex:-1)
2026-03-03 20:35:35,868 [INFO] PluginManage:310 - Check plugin cadmodel
2026-03-03 20:35:35,875 [INFO] CADModel:105 - Init CAD model plugin
2026-03-03 20:35:35,875 [INFO] PluginManage:359 - Loaded plugin cadmodel (category:power,tabindex:5)
2026-03-03 20:35:35,875 [INFO] PluginManage:310 - Check plugin clock
2026-03-03 20:35:35,887 [INFO] PluginManage:359 - Loaded plugin clock (category:base,tabindex:2)
2026-03-03 20:35:35,887 [INFO] PluginManage:310 - Check plugin ddr
2026-03-03 20:35:35,890 [INFO] PluginManage:359 - Loaded plugin ddr (category:tool,tabindex:6)
2026-03-03 20:35:35,890 [INFO] PluginManage:310 - Check plugin filemanager
2026-03-03 20:35:36,024 [INFO] PluginManage:359 - Loaded plugin filemanager (category:base,tabindex:10)
2026-03-03 20:35:36,025 [INFO] PluginManage:310 - Check plugin ipmanager
2026-03-03 20:35:36,029 [INFO] PluginManage:359 - Loaded plugin ipmanager (category:base,tabindex:5)
2026-03-03 20:35:36,030 [INFO] PluginManage:310 - Check plugin lpbam
2026-03-03 20:35:36,038 [INFO] PluginManage:359 - Loaded plugin lpbam (category:base,tabindex:0)
2026-03-03 20:35:36,038 [INFO] PluginManage:310 - Check plugin memorymap
2026-03-03 20:35:36,048 [INFO] PluginManage:359 - Loaded plugin memorymap (category:base,tabindex:4)
2026-03-03 20:35:36,048 [INFO] PluginManage:310 - Check plugin pinoutandconfiguration
2026-03-03 20:35:36,056 [INFO] PluginManage:359 - Loaded plugin pinoutandconfiguration (category:base,tabindex:1)
2026-03-03 20:35:36,056 [INFO] PluginManage:310 - Check plugin pinoutconfig
2026-03-03 20:35:36,121 [WARN] SupportedApi:132 - Cannot load RTOS API schema: s4s-elt-must-match.1: The content of 'definitions' must match (annotation?, (simpleType | complexType)?, (unique | key | keyref)*)). A problem was found starting at: attribute.
2026-03-03 20:35:36,219 [INFO] PluginManage:359 - Loaded plugin pinoutconfig (category:base,tabindex:0)
2026-03-03 20:35:36,219 [INFO] PluginManage:310 - Check plugin power
2026-03-03 20:35:36,228 [INFO] PluginManage:359 - Loaded plugin power (category:power,tabindex:4)
2026-03-03 20:35:36,228 [INFO] PluginManage:310 - Check plugin projectmanager
2026-03-03 20:35:36,239 [INFO] PluginManage:359 - Loaded plugin projectmanager (category:projectmanager,tabindex:4)
2026-03-03 20:35:36,239 [INFO] PluginManage:310 - Check plugin rif
2026-03-03 20:35:36,246 [INFO] PluginManage:359 - Loaded plugin rif (category:base,tabindex:3)
2026-03-03 20:35:36,246 [INFO] PluginManage:310 - Check plugin thirdparty
2026-03-03 20:35:36,355 [INFO] PluginManage:359 - Loaded plugin thirdparty (category:base,tabindex:-1)
2026-03-03 20:35:36,355 [INFO] PluginManage:310 - Check plugin tools
2026-03-03 20:35:36,355 [WARN] IntegrityCheckThread:84 - waiting for thirdparty lock release [integrity check]
2026-03-03 20:35:36,355 [INFO] IntegrityCheckThread:86 - entering critical section [integrity check]
2026-03-03 20:35:36,355 [INFO] ThirdPartyUpdaterWithRetryManager:70 - Updater plugin not ready yet. [1/15]
2026-03-03 20:35:36,357 [INFO] PluginManage:359 - Loaded plugin tools (category:base,tabindex:7)
2026-03-03 20:35:36,357 [INFO] PluginManage:310 - Check plugin tutovideos
2026-03-03 20:35:36,517 [INFO] PluginManage:359 - Loaded plugin tutovideos (category:base,tabindex:-1)
2026-03-03 20:35:36,517 [INFO] PluginManage:310 - Check plugin updater
2026-03-03 20:35:36,540 [INFO] PluginManage:359 - Loaded plugin updater (category:base,tabindex:12)
2026-03-03 20:35:36,540 [INFO] PluginManage:310 - Check plugin userauth
2026-03-03 20:35:36,544 [INFO] UserAuth:118 - Init User Auth plugin
2026-03-03 20:35:36,545 [INFO] PluginManage:359 - Loaded plugin userauth (category:base,tabindex:14)
2026-03-03 20:35:36,545 [INFO] PluginManage:283 - PluginManage : Loaded plugins [18]
2026-03-03 20:35:36,712 [INFO] PinOutPanel:1589 - setPackage(No Configuration,No Configuration)
2026-03-03 20:35:36,777 [INFO] CADModel:165 - CPN selected for project level
2026-03-03 20:35:36,777 [INFO] CADModel:114 - Register for checkConnection events
2026-03-03 20:35:36,792 [INFO] IPUIPlugin:80 - create IPUIPlugin
2026-03-03 20:35:36,793 [INFO] PluginManager:220 - loadIPPluginJar : add opamp
2026-03-03 20:35:36,795 [INFO] IPUIPlugin:80 - create IPUIPlugin
2026-03-03 20:35:36,795 [INFO] PluginManager:220 - loadIPPluginJar : add aes
2026-03-03 20:35:36,796 [INFO] IPUIPlugin:80 - create IPUIPlugin
2026-03-03 20:35:36,796 [INFO] PluginManager:220 - loadIPPluginJar : add fatfs
2026-03-03 20:35:36,799 [INFO] IPUIPlugin:80 - create IPUIPlugin
2026-03-03 20:35:36,799 [INFO] PluginManager:220 - loadIPPluginJar : add gfxmmu
2026-03-03 20:35:36,801 [INFO] IPUIPlugin:80 - create IPUIPlugin
2026-03-03 20:35:36,801 [INFO] PluginManager:220 - loadIPPluginJar : add hash
2026-03-03 20:35:36,805 [INFO] IPUIPlugin:80 - create IPUIPlugin
2026-03-03 20:35:36,805 [INFO] PluginManager:220 - loadIPPluginJar : add gpio
2026-03-03 20:35:36,806 [INFO] IPUIPlugin:80 - create IPUIPlugin
2026-03-03 20:35:36,807 [INFO] PluginManager:220 - loadIPPluginJar : add i3c
2026-03-03 20:35:36,810 [INFO] IPUIPlugin:80 - create IPUIPlugin
2026-03-03 20:35:36,810 [INFO] PluginManager:220 - loadIPPluginJar : add resmgrutility
2026-03-03 20:35:36,814 [INFO] IPUIPlugin:80 - create IPUIPlugin
2026-03-03 20:35:36,815 [INFO] PluginManager:220 - loadIPPluginJar : add mdma
2026-03-03 20:35:36,816 [INFO] IPUIPlugin:80 - create IPUIPlugin
2026-03-03 20:35:36,816 [INFO] PluginManager:220 - loadIPPluginJar : add genericplugin
2026-03-03 20:35:36,819 [INFO] IPUIPlugin:80 - create IPUIPlugin
2026-03-03 20:35:36,819 [INFO] PluginManager:220 - loadIPPluginJar : add fmc
2026-03-03 20:35:36,820 [INFO] IPUIPlugin:80 - create IPUIPlugin
2026-03-03 20:35:36,820 [INFO] PluginManager:220 - loadIPPluginJar : add comp
2026-03-03 20:35:36,821 [INFO] IPUIPlugin:80 - create IPUIPlugin
2026-03-03 20:35:36,821 [INFO] PluginManager:220 - loadIPPluginJar : add cryp
2026-03-03 20:35:36,822 [INFO] IPUIPlugin:80 - create IPUIPlugin
2026-03-03 20:35:36,822 [INFO] PluginManager:220 - loadIPPluginJar : add ltdc
2026-03-03 20:35:36,826 [INFO] IPUIPlugin:80 - create IPUIPlugin
2026-03-03 20:35:36,826 [INFO] PluginManager:220 - loadIPPluginJar : add gic
2026-03-03 20:35:36,832 [INFO] IPUIPlugin:80 - create IPUIPlugin
2026-03-03 20:35:36,832 [INFO] PluginManager:220 - loadIPPluginJar : add freertos
2026-03-03 20:35:36,834 [INFO] IPUIPlugin:80 - create IPUIPlugin
2026-03-03 20:35:36,834 [INFO] PluginManager:220 - loadIPPluginJar : add i2c
2026-03-03 20:35:36,837 [INFO] IPUIPlugin:80 - create IPUIPlugin
2026-03-03 20:35:36,837 [INFO] PluginManager:220 - loadIPPluginJar : add usbx
2026-03-03 20:35:36,839 [INFO] IPUIPlugin:80 - create IPUIPlugin
2026-03-03 20:35:36,839 [INFO] PluginManager:220 - loadIPPluginJar : add openamp
2026-03-03 20:35:36,840 [INFO] IPUIPlugin:80 - create IPUIPlugin
2026-03-03 20:35:36,840 [INFO] PluginManager:220 - loadIPPluginJar : add ucpd
2026-03-03 20:35:36,842 [INFO] IPUIPlugin:80 - create IPUIPlugin
2026-03-03 20:35:36,842 [INFO] PluginManager:220 - loadIPPluginJar : add can
2026-03-03 20:35:36,844 [INFO] IPUIPlugin:80 - create IPUIPlugin
2026-03-03 20:35:36,844 [INFO] PluginManager:220 - loadIPPluginJar : add spi
2026-03-03 20:35:36,845 [INFO] IPUIPlugin:80 - create IPUIPlugin
2026-03-03 20:35:36,846 [INFO] PluginManager:220 - loadIPPluginJar : add dma3
2026-03-03 20:35:36,847 [INFO] IPUIPlugin:80 - create IPUIPlugin
2026-03-03 20:35:36,847 [INFO] PluginManager:220 - loadIPPluginJar : add tsc
2026-03-03 20:35:36,850 [INFO] IPUIPlugin:80 - create IPUIPlugin
2026-03-03 20:35:36,850 [INFO] PluginManager:220 - loadIPPluginJar : add ddr_ctrl_phy
2026-03-03 20:35:36,854 [INFO] IPUIPlugin:80 - create IPUIPlugin
2026-03-03 20:35:36,854 [INFO] PluginManager:220 - loadIPPluginJar : add nvic
2026-03-03 20:35:36,856 [INFO] IPUIPlugin:80 - create IPUIPlugin
2026-03-03 20:35:36,856 [INFO] PluginManager:220 - loadIPPluginJar : add pdm2pcm
2026-03-03 20:35:36,858 [INFO] IPUIPlugin:80 - create IPUIPlugin
2026-03-03 20:35:36,858 [INFO] PluginManager:220 - loadIPPluginJar : add usart
2026-03-03 20:35:36,860 [INFO] IPUIPlugin:80 - create IPUIPlugin
2026-03-03 20:35:36,860 [INFO] PluginManager:220 - loadIPPluginJar : add tim
2026-03-03 20:35:36,862 [INFO] IPUIPlugin:80 - create IPUIPlugin
2026-03-03 20:35:36,862 [INFO] PluginManager:220 - loadIPPluginJar : add gtzc
2026-03-03 20:35:36,864 [INFO] IPUIPlugin:80 - create IPUIPlugin
2026-03-03 20:35:36,864 [INFO] PluginManager:220 - loadIPPluginJar : add ts
2026-03-03 20:35:36,870 [INFO] IPUIPlugin:80 - create IPUIPlugin
2026-03-03 20:35:36,872 [INFO] PluginManager:220 - loadIPPluginJar : add plateformsettings
2026-03-03 20:35:36,877 [INFO] IPUIPlugin:80 - create IPUIPlugin
2026-03-03 20:35:36,878 [INFO] PluginManager:220 - loadIPPluginJar : add adc
2026-03-03 20:35:36,880 [INFO] IPUIPlugin:80 - create IPUIPlugin
2026-03-03 20:35:36,880 [INFO] PluginManager:220 - loadIPPluginJar : add extmemmanager
2026-03-03 20:35:36,883 [INFO] IPUIPlugin:80 - create IPUIPlugin
2026-03-03 20:35:36,884 [INFO] PluginManager:220 - loadIPPluginJar : add touchsensing
2026-03-03 20:35:36,886 [INFO] IPUIPlugin:80 - create IPUIPlugin
2026-03-03 20:35:36,886 [INFO] PluginManager:220 - loadIPPluginJar : add sai
2026-03-03 20:35:36,891 [INFO] IPUIPlugin:80 - create IPUIPlugin
2026-03-03 20:35:36,891 [INFO] PluginManager:220 - loadIPPluginJar : add stm32_wpan
2026-03-03 20:35:36,892 [INFO] IPUIPlugin:80 - create IPUIPlugin
2026-03-03 20:35:36,892 [INFO] PluginManager:220 - loadIPPluginJar : add quadspi
2026-03-03 20:35:36,897 [INFO] IPUIPlugin:80 - create IPUIPlugin
2026-03-03 20:35:36,897 [INFO] PluginManager:220 - loadIPPluginJar : add dma
2026-03-03 20:35:36,900 [INFO] IPUIPlugin:80 - create IPUIPlugin
2026-03-03 20:35:36,900 [INFO] PluginManager:220 - loadIPPluginJar : add lorawan
2026-03-03 20:35:36,901 [INFO] IPUIPlugin:80 - create IPUIPlugin
2026-03-03 20:35:36,901 [INFO] PluginManager:220 - loadIPPluginJar : add tracer_emb
2026-03-03 20:35:36,903 [INFO] IPUIPlugin:80 - create IPUIPlugin
2026-03-03 20:35:36,903 [INFO] PluginManager:220 - loadIPPluginJar : add dfsdm
2026-03-03 20:35:36,905 [INFO] IPUIPlugin:80 - create IPUIPlugin
2026-03-03 20:35:36,905 [INFO] PluginManager:220 - loadIPPluginJar : add i2s
2026-03-03 20:35:36,908 [INFO] IPUIPlugin:80 - create IPUIPlugin
2026-03-03 20:35:36,908 [INFO] PluginManager:220 - loadIPPluginJar : add ipddr
2026-03-03 20:35:36,910 [INFO] IPUIPlugin:80 - create IPUIPlugin
2026-03-03 20:35:36,910 [INFO] PluginManager:220 - loadIPPluginJar : add radio
2026-03-03 20:35:36,916 [INFO] IPUIPlugin:80 - create IPUIPlugin
2026-03-03 20:35:36,916 [INFO] PluginManager:220 - loadIPPluginJar : add linkedlist
2026-03-03 20:35:37,015 [FATAL] Updater:351 - Updater called before beeing initialized
2026-03-03 20:35:37,035 [INFO] RulesReader:64 - Compatibility file has been processed (302 Rules)
2026-03-03 20:35:37,043 [INFO] RulesReader:64 - Compatibility file has been processed (302 Rules)
2026-03-03 20:35:37,049 [INFO] CADModel:165 - CPN selected for project level
2026-03-03 20:35:37,049 [INFO] CADModel:114 - Register for checkConnection events
2026-03-03 20:35:37,049 [FATAL] Updater:351 - Updater called before beeing initialized
2026-03-03 20:35:37,049 [ERROR] CADModel:125 - Updater not yet initialized, retry later 
2026-03-03 20:35:37,146 [FATAL] Updater:351 - Updater called before beeing initialized
2026-03-03 20:35:37,147 [INFO] CADModel:165 - CPN selected for project level
2026-03-03 20:35:37,147 [INFO] CADModel:114 - Register for checkConnection events
2026-03-03 20:35:37,147 [FATAL] Updater:351 - Updater called before beeing initialized
2026-03-03 20:35:37,147 [ERROR] CADModel:125 - Updater not yet initialized, retry later 
2026-03-03 20:35:37,151 [FATAL] Updater:351 - Updater called before beeing initialized
2026-03-03 20:35:37,214 [FATAL] Updater:351 - Updater called before beeing initialized
2026-03-03 20:35:37,218 [INFO] DbMcusAds:53 - JSON generation date=Tue Feb 10 09:16:36 ART 2026 (1770725796257)
2026-03-03 20:35:37,218 [FATAL] Updater:351 - Updater called before beeing initialized
2026-03-03 20:35:37,247 [WARN] DetailPanel:346 - Failed to get advertising image, set to default
2026-03-03 20:35:37,467 [FATAL] Updater:351 - Updater called before beeing initialized
2026-03-03 20:35:37,470 [FATAL] Updater:351 - Updater called before beeing initialized
2026-03-03 20:35:37,470 [FATAL] Updater:351 - Updater called before beeing initialized
2026-03-03 20:35:37,470 [WARN] DetailPanel:346 - Failed to get advertising image, set to default
2026-03-03 20:35:37,471 [FATAL] Updater:351 - Updater called before beeing initialized
2026-03-03 20:35:37,501 [ERROR] Updater:1198 - MainUpdater not yet initialized. External WinMGr cannot be set.
2026-03-03 20:35:37,504 [INFO] Updater:1134 - Updater Version found : 6.14.1
2026-03-03 20:35:37,525 [INFO] ApplicationProperties:184 - Using Application install path: /opt/st/stm32cubeide_1.18.1/plugins/com.st.stm32cube.common.mx_6.14.1.202504091515
2026-03-03 20:35:37,859 [INFO] MainUpdater:2872 - connection check result : 10
2026-03-03 20:35:37,859 [INFO] MainUpdater:289 - Updater Check For Update Now.
2026-03-03 20:35:37,860 [INFO] MicroXplorer:498 - Change Database Version : DB.6.0.141
2026-03-03 20:35:37,863 [INFO] McuFinderGlobals:63 - Set McuFinder mode to 2 (CubeIDE integrated)
2026-03-03 20:35:37,864 [INFO] UserAuth:484 - Internet connection configuration mode: 1
2026-03-03 20:35:37,884 [INFO] JxBrowserEngine:152 - Initiate JxBrowser Engine with user profile folder
2026-03-03 20:35:38,029 [INFO] CheckServerUpdateThread:120 - End of CheckServer Thread
2026-03-03 20:35:38,736 [INFO] WebApp:169 - Instantiating new browser for Auth
2026-03-03 20:35:39,388 [INFO] WebApp:463 - Apply proxy settings
2026-03-03 20:35:39,388 [INFO] WebApp:548 - Chromium requires no authentication
2026-03-03 20:35:39,396 [INFO] WebApp:491 - Direct internet connection detected
2026-03-03 20:35:39,414 [INFO] WebApp:894 - Register for checkConnection events
2026-03-03 20:35:39,414 [INFO] WebApp:463 - Apply proxy settings
2026-03-03 20:35:39,414 [INFO] WebApp:548 - Chromium requires no authentication
2026-03-03 20:35:39,414 [INFO] WebApp:491 - Direct internet connection detected
2026-03-03 20:35:39,522 [INFO] WebApp:225 - Starting web application
2026-03-03 20:35:39,523 [INFO] WebApp:593 - Web application path used /opt/st/stm32cubeide_1.18.1/plugins/com.st.stm32cube.common.mx_6.14.1.202504091515/db/plugins/mcufinder/reactClient1/index.html
2026-03-03 20:35:39,583 [WARN] PackLoader:240 - Cannot read IP mode file for STMicroelectronics.X-CUBE-AZRTOS-H7.3.5.0
2026-03-03 20:35:39,593 [WARN] PackLoader:240 - Cannot read IP mode file for STMicroelectronics.FP-SNS-MOTENVWB1.1.4.0
2026-03-03 20:35:39,597 [WARN] PackLoader:240 - Cannot read IP mode file for STMicroelectronics.FP-ATR-ASTRA1.2.0.2
2026-03-03 20:35:39,602 [WARN] PackLoader:240 - Cannot read IP mode file for STMicroelectronics.X-CUBE-SMBUS.2.1.0
2026-03-03 20:35:39,607 [WARN] PackLoader:240 - Cannot read IP mode file for STMicroelectronics.X-CUBE-ST60.1.0.0
2026-03-03 20:35:39,624 [WARN] PackLoader:240 - Cannot read IP mode file for STMicroelectronics.X-CUBE-AZRTOS-F7.1.1.0
2026-03-03 20:35:39,626 [INFO] UserAuth:484 - Internet connection configuration mode: 1
2026-03-03 20:35:39,655 [WARN] PackLoader:240 - Cannot read IP mode file for Infineon.AIROC-Wi-Fi-Bluetooth-STM32.1.7.0
2026-03-03 20:35:39,702 [WARN] PackLoader:240 - Cannot read IP mode file for STMicroelectronics.X-CUBE-AZRTOS-H7.3.4.0
2026-03-03 20:35:39,711 [WARN] PackLoader:240 - Cannot read IP mode file for STMicroelectronics.X-CUBE-DISPLAY.3.0.0
2026-03-03 20:35:39,718 [ERROR] Engine:466 - /home/azul/.stm32cubemx/thirdparties/pdsc/STMicroelectronics.FP-SNS-MOTENVWB1.1.5.0.pdsc: PDSC version is not supported
2026-03-03 20:35:39,724 [WARN] PackLoader:240 - Cannot read IP mode file for STMicroelectronics.X-CUBE-NFC10.1.0.0
2026-03-03 20:35:39,726 [INFO] WebApp:191 - Connection restablished
2026-03-03 20:35:39,732 [WARN] PackLoader:240 - Cannot read IP mode file for STMicroelectronics.X-CUBE-BLEMGR.4.0.0
2026-03-03 20:35:39,739 [WARN] PackLoader:240 - Cannot read IP mode file for STMicroelectronics.X-CUBE-ST60.1.1.0
2026-03-03 20:35:39,744 [WARN] PackLoader:240 - Cannot read IP mode file for emotas.I-CUBE-CANOPEN.1.3.0
2026-03-03 20:35:39,747 [WARN] ConditionMgr:438 - getConditionDescription Invalid condition id : Cortex-A Device cause : null
2026-03-03 20:35:39,757 [WARN] ConditionMgr:1044 - genDependencies : Invalid condition id : Cortex-A Device cause : null
2026-03-03 20:35:39,757 [WARN] ConditionMgr:1044 - genDependencies : Invalid condition id : Cortex-A Device cause : null
2026-03-03 20:35:39,757 [WARN] ConditionMgr:1044 - genDependencies : Invalid condition id : Cortex-A Device cause : null
2026-03-03 20:35:39,760 [WARN] PackLoader:240 - Cannot read IP mode file for STMicroelectronics.FP-SNS-SMARTAG2.1.2.0
2026-03-03 20:35:39,762 [WARN] PackLoader:240 - Cannot read IP mode file for STMicroelectronics.FP-SNS-FLIGHT1.5.1.0
2026-03-03 20:35:39,768 [INFO] LogOutputStream:77 - [STDOUT_REDIRECT] 1 : Invalid condition id : UX_CORESTACK_Condition cause : null
2026-03-03 20:35:39,768 [INFO] LogOutputStream:77 - [STDOUT_REDIRECT] 1 : Invalid condition id : UX_CORESTACK_Condition cause : null
2026-03-03 20:35:39,768 [INFO] LogOutputStream:77 - [STDOUT_REDIRECT] 1 : Invalid condition id : UX_CORESTACK_Condition cause : null
2026-03-03 20:35:39,769 [INFO] LogOutputStream:77 - [STDOUT_REDIRECT] 1 : Invalid condition id : UX_CORESTACK_Condition cause : null
2026-03-03 20:35:39,769 [INFO] LogOutputStream:77 - [STDOUT_REDIRECT] 1 : Invalid condition id : UX_CORESTACK_Condition cause : null
2026-03-03 20:35:39,770 [WARN] PackLoader:240 - Cannot read IP mode file for STMicroelectronics.X-CUBE-AZRTOS-WL.2.0.0
2026-03-03 20:35:39,774 [WARN] PackLoader:240 - Cannot read IP mode file for STMicroelectronics.FP-SNS-MOTENV1.5.0.0
2026-03-03 20:35:39,792 [WARN] PackLoader:240 - Cannot read IP mode file for STMicroelectronics.X-CUBE-AZRTOS-H7RS.1.2.0
2026-03-03 20:35:39,800 [WARN] PackLoader:240 - Cannot read IP mode file for WES.I-CUBE-Cesium.1.3.0
2026-03-03 20:35:39,805 [WARN] PackLoader:240 - Cannot read IP mode file for STMicroelectronics.X-CUBE-BLE2.3.3.0
2026-03-03 20:35:39,816 [WARN] PackLoader:240 - Cannot read IP mode file for STMicroelectronics.X-CUBE-NFC9.1.0.0
2026-03-03 20:35:39,821 [WARN] PackLoader:240 - Cannot read IP mode file for wolfSSL.I-CUBE-wolfSSL.5.8.0
2026-03-03 20:35:39,824 [WARN] PackLoader:240 - Cannot read IP mode file for STMicroelectronics.X-CUBE-BLE1.7.1.0
2026-03-03 20:35:39,827 [WARN] PackLoader:240 - Cannot read IP mode file for wolfSSL.I-CUBE-wolfMQTT.1.19.2
2026-03-03 20:35:39,828 [ERROR] Engine:466 - /home/azul/.stm32cubemx/thirdparties/pdsc/STMicroelectronics.X-CUBE-FREERTOS.1.4.0.pdsc: PDSC version is not supported
2026-03-03 20:35:39,831 [WARN] PackLoader:240 - Cannot read IP mode file for STMicroelectronics.X-CUBE-AI.10.1.0
2026-03-03 20:35:39,866 [WARN] PackLoader:240 - Cannot read IP mode file for STMicroelectronics.X-CUBE-MEMS1.12.0.0
2026-03-03 20:35:39,963 [WARN] PackLoader:240 - Cannot read IP mode file for STMicroelectronics.X-CUBE-AZRTOS-G0.1.1.0
2026-03-03 20:35:39,972 [WARN] PackLoader:240 - Cannot read IP mode file for STMicroelectronics.X-CUBE-SAFEA1.1.2.2
2026-03-03 20:35:39,978 [WARN] PackLoader:240 - Cannot read IP mode file for STMicroelectronics.X-CUBE-NFC4.3.0.0
2026-03-03 20:35:40,008 [WARN] PackLoader:240 - Cannot read IP mode file for EmbeddedOffice.I-CUBE-FS-RTOS.1.0.1
2026-03-03 20:35:40,014 [WARN] PackLoader:240 - Cannot read IP mode file for STMicroelectronics.X-CUBE-WB05N.2.0.0
2026-03-03 20:35:40,018 [WARN] PackLoader:240 - Cannot read IP mode file for wolfSSL.I-CUBE-wolfTPM.3.8.0
2026-03-03 20:35:40,023 [WARN] PackLoader:240 - Cannot read IP mode file for STMicroelectronics.X-CUBE-TCPP.4.2.0
2026-03-03 20:35:40,029 [WARN] PackLoader:240 - Cannot read IP mode file for RealThread.X-CUBE-RT-Thread_Nano.4.1.1
2026-03-03 20:35:40,040 [WARN] PackLoader:240 - Cannot read IP mode file for STMicroelectronics.FP-ATR-SIGFOX1.3.2.0
2026-03-03 20:35:40,045 [WARN] PackLoader:240 - Cannot read IP mode file for STMicroelectronics.X-CUBE-EEPRMA1.5.1.0
2026-03-03 20:35:40,048 [ERROR] Engine:466 - /home/azul/.stm32cubemx/thirdparties/pdsc/STMicroelectronics.X-CUBE-FREERTOS.1.5.0.pdsc: PDSC version is not supported
2026-03-03 20:35:40,053 [WARN] PackLoader:240 - Cannot read IP mode file for ITTIA_DB.I-CUBE-ITTIADB.8.9.0
2026-03-03 20:35:40,060 [WARN] PackLoader:240 - Cannot read IP mode file for STMicroelectronics.X-CUBE-NFC6.3.2.0
2026-03-03 20:35:40,067 [WARN] PackLoader:240 - Cannot read IP mode file for STMicroelectronics.X-CUBE-ST67W61.1.0.0
2026-03-03 20:35:40,091 [WARN] PackLoader:240 - Cannot read IP mode file for SEGGER.I-CUBE-embOS.1.3.1
2026-03-03 20:35:40,132 [WARN] PackLoader:240 - Cannot read IP mode file for STMicroelectronics.X-CUBE-ALGOBUILD.1.4.0
2026-03-03 20:35:40,182 [WARN] PackLoader:240 - Cannot read IP mode file for STMicroelectronics.X-CUBE-MEMS1.11.3.0
2026-03-03 20:35:40,271 [WARN] PackLoader:240 - Cannot read IP mode file for STMicroelectronics.X-CUBE-PM33A1.1.0.0
2026-03-03 20:35:40,280 [WARN] PackLoader:240 - Cannot read IP mode file for STMicroelectronics.X-CUBE-AZRTOS-F4.1.1.0
2026-03-03 20:35:40,283 [WARN] PackLoader:240 - Cannot read IP mode file for Avnet-IotConnect.X-CUBE-IoTC-DA16k-PMOD.1.0.0
2026-03-03 20:35:40,286 [WARN] PackLoader:240 - Cannot read IP mode file for STMicroelectronics.X-CUBE-ISPU.2.1.0
2026-03-03 20:35:40,290 [ERROR] Engine:466 - /home/azul/.stm32cubemx/thirdparties/pdsc/STMicroelectronics.X-CUBE-IPS.3.2.0.pdsc: PDSC version is not supported
2026-03-03 20:35:40,294 [WARN] PackLoader:240 - Cannot read IP mode file for STMicroelectronics.X-CUBE-NFC12.1.0.0
2026-03-03 20:35:40,303 [WARN] PackLoader:240 - Cannot read IP mode file for STMicroelectronics.X-CUBE-AZRTOS-L5.2.0.0
2026-03-03 20:35:40,309 [WARN] PackLoader:240 - Cannot read IP mode file for STMicroelectronics.X-CUBE-NFC6.3.1.0
2026-03-03 20:35:40,313 [WARN] PackLoader:240 - Cannot read IP mode file for STMicroelectronics.X-CUBE-FREERTOS.1.3.1
2026-03-03 20:35:40,315 [WARN] PackLoader:240 - Cannot read IP mode file for STMicroelectronics.X-CUBE-TOUCHGFX.4.26.0
2026-03-03 20:35:40,318 [WARN] PackLoader:240 - Cannot read IP mode file for STMicroelectronics.X-CUBE-TOUCHGFX.4.26.1
2026-03-03 20:35:40,321 [WARN] PackLoader:240 - Cannot read IP mode file for STMicroelectronics.FP-SNS-STAIOTCFT.1.0.0
2026-03-03 20:35:40,324 [WARN] PackLoader:240 - Cannot read IP mode file for STMicroelectronics.X-CUBE-DPower.1.3.0
2026-03-03 20:35:40,339 [WARN] ConditionMgr:438 - getConditionDescription Invalid condition id : LAN8742 Phy interface Condition cause : null
2026-03-03 20:35:40,339 [WARN] PackLoader:240 - Cannot read IP mode file for STMicroelectronics.X-CUBE-AZRTOS-L4.2.0.0
2026-03-03 20:35:40,341 [WARN] ConditionMgr:1044 - genDependencies : Invalid condition id : LAN8742 Phy interface Condition cause : null
2026-03-03 20:35:40,341 [WARN] ConditionMgr:1044 - genDependencies : Invalid condition id : LAN8742 Phy interface Condition cause : null
2026-03-03 20:35:40,341 [WARN] ConditionMgr:1044 - genDependencies : Invalid condition id : LAN8742 Phy interface Condition cause : null
2026-03-03 20:35:40,356 [WARN] PackLoader:240 - Cannot read IP mode file for STMicroelectronics.X-CUBE-SFXS2LP1.4.0.0
2026-03-03 20:35:40,359 [ERROR] Engine:466 - /home/azul/.stm32cubemx/thirdparties/pdsc/STMicroelectronics.X-CUBE-ST67W61.1.2.0.pdsc: PDSC version is not supported
2026-03-03 20:35:40,373 [WARN] PackLoader:240 - Cannot read IP mode file for STMicroelectronics.X-CUBE-AZRTOS-H7.3.3.0
2026-03-03 20:35:40,385 [WARN] ConditionMgr:438 - getConditionDescription Invalid condition id : UX DEVICE CLASS RTOS Condition cause : null
2026-03-03 20:35:40,385 [WARN] ConditionMgr:438 - getConditionDescription Invalid condition id : UX DEVICE CLASS RTOS Condition cause : null
2026-03-03 20:35:40,387 [WARN] PackLoader:240 - Cannot read IP mode file for STMicroelectronics.X-CUBE-AZRTOS-WB.2.0.0
2026-03-03 20:35:40,387 [WARN] ConditionMgr:1044 - genDependencies : Invalid condition id : UX DEVICE CLASS RTOS Condition cause : null
2026-03-03 20:35:40,388 [WARN] ConditionMgr:1044 - genDependencies : Invalid condition id : UX DEVICE CLASS RTOS Condition cause : null
2026-03-03 20:35:40,388 [WARN] ConditionMgr:1044 - genDependencies : Invalid condition id : UX DEVICE CLASS RTOS Condition cause : null
2026-03-03 20:35:40,388 [WARN] ConditionMgr:1044 - genDependencies : Invalid condition id : UX DEVICE CLASS RTOS Condition cause : null
2026-03-03 20:35:40,388 [WARN] ConditionMgr:1044 - genDependencies : Invalid condition id : UX DEVICE CLASS RTOS Condition cause : null
2026-03-03 20:35:40,393 [WARN] PackLoader:240 - Cannot read IP mode file for STMicroelectronics.X-CUBE-GNSS1.7.0.1
2026-03-03 20:35:40,396 [WARN] PackLoader:240 - Cannot read IP mode file for STMicroelectronics.X-CUBE-TOUCHGFX.4.25.0
2026-03-03 20:35:40,400 [WARN] PackLoader:240 - Cannot read IP mode file for STMicroelectronics.FP-SNS-STBOX1.2.0.0
2026-03-03 20:35:40,409 [WARN] PackLoader:240 - Cannot read IP mode file for STMicroelectronics.X-CUBE-STSE01.2.0.0
2026-03-03 20:35:40,418 [WARN] PackLoader:240 - Cannot read IP mode file for STMicroelectronics.X-CUBE-SUBG2.5.0.0
2026-03-03 20:35:40,431 [WARN] PackLoader:240 - Cannot read IP mode file for STMicroelectronics.X-CUBE-AZRTOS-H7RS.1.1.0
2026-03-03 20:35:40,437 [WARN] PackLoader:240 - Cannot read IP mode file for Cesanta.I-CUBE-Mongoose.7.13.0
2026-03-03 20:35:40,445 [WARN] PackLoader:240 - Cannot read IP mode file for STMicroelectronics.X-CUBE-AZRTOS-G4.2.0.0
2026-03-03 20:35:40,449 [WARN] PackLoader:240 - Cannot read IP mode file for wolfSSL.I-CUBE-wolfSSH.1.4.20
2026-03-03 20:35:40,454 [WARN] PackLoader:240 - Cannot read IP mode file for STMicroelectronics.X-CUBE-NFC7.2.0.0
2026-03-03 20:35:40,463 [WARN] PackLoader:240 - Cannot read IP mode file for STMicroelectronics.X-CUBE-IPS.3.1.0
2026-03-03 20:35:40,472 [WARN] PackLoader:240 - Cannot read IP mode file for STMicroelectronics.X-CUBE-ALS.1.0.2
2026-03-03 20:35:40,479 [WARN] PackLoader:240 - Cannot read IP mode file for STMicroelectronics.X-CUBE-STSE01.1.0.0
2026-03-03 20:35:40,484 [WARN] PackLoader:240 - Cannot read IP mode file for portGmbH.I-Cube-SoM-uGOAL.1.1.0
2026-03-03 20:35:40,491 [WARN] PackLoader:240 - Cannot read IP mode file for STMicroelectronics.X-CUBE-TOF1.3.4.3
2026-03-03 20:35:40,499 [INFO] ThirdParty:978 - Integrity check success = true
2026-03-03 20:35:40,499 [INFO] IntegrityCheckThread:100 - exiting critical section [integrity check]
2026-03-03 20:35:40,499 [INFO] IntegrityCheckThread:103 - End integrity checks thread
2026-03-03 20:35:57,377 [ERROR] LogOutputStream:75 - [STDERR_REDIRECT] 
